<html>
<body>
<pre>
<h1>µVision Build Log</h1>
<h2>Tool Versions:</h2>
IDE-Version: ¶ÃVision V5.38.0.0
Copyright (C) 2022 ARM Ltd and ARM Germany GmbH. All rights reserved.
License Information: 1 ≈∑—Ù¡˜Ûœ, 1, LIC=SDA0P-MJ495-UHR8H-WWSLW-8GH9G-74777
 
Tool Versions:
Toolchain:       MDK-ARM Plus  Version: 5.38.0.0
Toolchain Path:  D:\mdk\ARM\ARMCC\Bin
C Compiler:      Armcc.exe V5.06 update 5 (build 528)
Assembler:       Armasm.exe V5.06 update 5 (build 528)
Linker/Locator:  ArmLink.exe V5.06 update 5 (build 528)
Library Manager: ArmAr.exe V5.06 update 5 (build 528)
Hex Converter:   FromElf.exe V5.06 update 5 (build 528)
CPU DLL:         SARMCM3.DLL V5.38.0.0
Dialog DLL:      DCM.DLL V1.17.5.0
Target DLL:      Segger\JL2CM3.dll V2.99.42.0
Dialog DLL:      TCM.DLL V1.56.4.0
 
<h2>Project:</h2>
C:\Users\UserX\Desktop\css\che…œ\MDK-ARM\che.uvprojx
Project File Date:  02/17/2025

<h2>Output:</h2>
*** Using Compiler 'V5.06 update 5 (build 528)', folder: 'D:\mdk\ARM\ARMCC\Bin'
Build target 'che'
compiling gimbal_task.c...
../BSP/vision.h(48): warning:  #1-D: last line of file ends without a newline
  #endif
..\Task\gimbal_task.c(202): warning:  #1035-D: single-precision operand implicitly converted to double-precision
  	pid_caculate(&Gimbal_Motor_Pitch.Motor_PID_Position,			IMU_Chass_MSG.angle[1],		absolute_gimbal_speed.Pitch_P*180/3.141593);
..\Task\gimbal_task.c(204): warning:  #1035-D: single-precision operand implicitly converted to double-precision
  	pitch	=	Gimbal_Motor_Pitch.Motor_PID_Speed.out	+	0.820*cosf(IMU_Chass_MSG.angle[1]	/	180.0	*3.141593);
..\Task\gimbal_task.c(204): warning:  #1035-D: single-precision operand implicitly converted to double-precision
  	pitch	=	Gimbal_Motor_Pitch.Motor_PID_Speed.out	+	0.820*cosf(IMU_Chass_MSG.angle[1]	/	180.0	*3.141593);
..\Task\gimbal_task.c(219): warning:  #1035-D: single-precision operand implicitly converted to double-precision
  				}else	if(absolute_gimbal_speed.Yaw_P	>	180.0){
..\Task\gimbal_task.c(292): warning:  #1035-D: single-precision operand implicitly converted to double-precision
  				absolute_gimbal_speed.Yaw_P = absolute_gimbal_speed.Yaw_P -	(float)
OUSE_X_MOVE_SPEED/100.0;			
..\Task\gimbal_task.c(295): warning:  #1035-D: single-precision operand implicitly converted to double-precision
  				}else	if(absolute_gimbal_speed.Yaw_P	>	180.0){
..\Task\gimbal_task.c(308): warning:  #1035-D: single-precision operand implicitly converted to double-precision
  					absolute_gimbal_speed.Pitch_P	=	absolute_gimbal_speed.Pitch_P +	(float)
OUSE_Y_MOVE_SPEED/8000.0;
..\Task\gimbal_task.c(323): warning:  #1035-D: single-precision operand implicitly converted to double-precision
  				absolute_gimbal_speed.Yaw_P=Vision_Read_Data.yaw/3.141593*180.0;
..\Task\gimbal_task.c(326): warning:  #1035-D: single-precision operand implicitly converted to double-precision
  				}else	if(absolute_gimbal_speed.Yaw_P	>	180.0){
..\Task\gimbal_task.c(331): warning:  #1035-D: single-precision operand implicitly converted to double-precision
  				if(Gimbal_Motor_Pitch.motor_value->position >	0.70){
..\Task\gimbal_task.c(332): warning:  #1035-D: single-precision operand implicitly converted to double-precision
  					absolute_gimbal_speed.Pitch_P = absolute_gimbal_speed.Pitch_P + 0.0004;
..\Task\gimbal_task.c(335): warning:  #1035-D: single-precision operand implicitly converted to double-precision
  					absolute_gimbal_speed.Pitch_P = absolute_gimbal_speed.Pitch_P - 0.0004;
..\Task\gimbal_task.c: 13 warnings, 0 errors
linking...
Program Size: Code=74008 RO-data=1492 RW-data=1012 ZI-data=35044  
FromELF: creating hex file...
"che\che.axf" - 0 Error(s), 13 Warning(s).

<h2>Software Packages used:</h2>

Package Vendor: ARM
                http://www.keil.com/pack/ARM.CMSIS.5.9.0.pack
                ARM.CMSIS.5.9.0
                CMSIS (Common Microcontroller Software Interface Standard)
   * Component: CORE Version: 5.6.0

Package Vendor: Keil
                https://www.keil.com/pack/Keil.STM32F4xx_DFP.2.17.1.pack
                Keil.STM32F4xx_DFP.2.17.1
                STMicroelectronics STM32F4 Series Device Support, Drivers and Examples

<h2>Collection of Component include folders:</h2>
  ./RTE/_che
  D:/mdk/pack/ARM/CMSIS/5.9.0/CMSIS/Core/Include
  D:/mdk/pack/Keil/STM32F4xx_DFP/2.17.1/Drivers/CMSIS/Device/ST/STM32F4xx/Include

<h2>Collection of Component Files used:</h2>

   * Component: ARM::CMSIS:CORE:5.6.0
Build Time Elapsed:  00:00:03
</pre>
</body>
</html>
