Component: ARM Compiler 5.06 update 5 (build 528) Tool: armlink [4d35e2]

==============================================================================

Section Cross References

    startup_stm32f407xx.o(STACK) refers (Special) to heapauxi.o(.text) for __use_two_region_memory
    startup_stm32f407xx.o(HEAP) refers (Special) to heapauxi.o(.text) for __use_two_region_memory
    startup_stm32f407xx.o(RESET) refers (Special) to heapauxi.o(.text) for __use_two_region_memory
    startup_stm32f407xx.o(RESET) refers to startup_stm32f407xx.o(STACK) for __initial_sp
    startup_stm32f407xx.o(RESET) refers to startup_stm32f407xx.o(.text) for Reset_Handler
    startup_stm32f407xx.o(RESET) refers to stm32f4xx_it.o(i.NMI_Handler) for NMI_Handler
    startup_stm32f407xx.o(RESET) refers to stm32f4xx_it.o(i.HardFault_Handler) for HardFault_Handler
    startup_stm32f407xx.o(RESET) refers to stm32f4xx_it.o(i.MemManage_Handler) for MemManage_Handler
    startup_stm32f407xx.o(RESET) refers to stm32f4xx_it.o(i.BusFault_Handler) for BusFault_Handler
    startup_stm32f407xx.o(RESET) refers to stm32f4xx_it.o(i.UsageFault_Handler) for UsageFault_Handler
    startup_stm32f407xx.o(RESET) refers to port.o(.emb_text) for SVC_Handler
    startup_stm32f407xx.o(RESET) refers to stm32f4xx_it.o(i.DebugMon_Handler) for DebugMon_Handler
    startup_stm32f407xx.o(RESET) refers to port.o(i.SysTick_Handler) for SysTick_Handler
    startup_stm32f407xx.o(RESET) refers to stm32f4xx_it.o(i.EXTI0_IRQHandler) for EXTI0_IRQHandler
    startup_stm32f407xx.o(RESET) refers to stm32f4xx_it.o(i.EXTI4_IRQHandler) for EXTI4_IRQHandler
    startup_stm32f407xx.o(RESET) refers to stm32f4xx_it.o(i.DMA1_Stream1_IRQHandler) for DMA1_Stream1_IRQHandler
    startup_stm32f407xx.o(RESET) refers to stm32f4xx_it.o(i.CAN1_RX0_IRQHandler) for CAN1_RX0_IRQHandler
    startup_stm32f407xx.o(RESET) refers to stm32f4xx_it.o(i.EXTI9_5_IRQHandler) for EXTI9_5_IRQHandler
    startup_stm32f407xx.o(RESET) refers to stm32f4xx_it.o(i.TIM2_IRQHandler) for TIM2_IRQHandler
    startup_stm32f407xx.o(RESET) refers to stm32f4xx_it.o(i.TIM3_IRQHandler) for TIM3_IRQHandler
    startup_stm32f407xx.o(RESET) refers to stm32f4xx_it.o(i.USART1_IRQHandler) for USART1_IRQHandler
    startup_stm32f407xx.o(RESET) refers to stm32f4xx_it.o(i.USART3_IRQHandler) for USART3_IRQHandler
    startup_stm32f407xx.o(RESET) refers to stm32f4xx_it.o(i.DMA2_Stream1_IRQHandler) for DMA2_Stream1_IRQHandler
    startup_stm32f407xx.o(RESET) refers to stm32f4xx_it.o(i.DMA2_Stream2_IRQHandler) for DMA2_Stream2_IRQHandler
    startup_stm32f407xx.o(RESET) refers to stm32f4xx_it.o(i.DMA2_Stream3_IRQHandler) for DMA2_Stream3_IRQHandler
    startup_stm32f407xx.o(RESET) refers to stm32f4xx_it.o(i.CAN2_RX0_IRQHandler) for CAN2_RX0_IRQHandler
    startup_stm32f407xx.o(RESET) refers to stm32f4xx_it.o(i.OTG_FS_IRQHandler) for OTG_FS_IRQHandler
    startup_stm32f407xx.o(RESET) refers to stm32f4xx_it.o(i.DMA2_Stream5_IRQHandler) for DMA2_Stream5_IRQHandler
    startup_stm32f407xx.o(RESET) refers to stm32f4xx_it.o(i.DMA2_Stream6_IRQHandler) for DMA2_Stream6_IRQHandler
    startup_stm32f407xx.o(RESET) refers to stm32f4xx_it.o(i.DMA2_Stream7_IRQHandler) for DMA2_Stream7_IRQHandler
    startup_stm32f407xx.o(RESET) refers to stm32f4xx_it.o(i.USART6_IRQHandler) for USART6_IRQHandler
    startup_stm32f407xx.o(.text) refers (Special) to heapauxi.o(.text) for __use_two_region_memory
    startup_stm32f407xx.o(.text) refers to system_stm32f4xx.o(i.SystemInit) for SystemInit
    startup_stm32f407xx.o(.text) refers to __main.o(!!!main) for __main
    startup_stm32f407xx.o(.text) refers to startup_stm32f407xx.o(HEAP) for Heap_Mem
    startup_stm32f407xx.o(.text) refers to startup_stm32f407xx.o(STACK) for Stack_Mem
    main.o(i.HAL_TIM_PeriodElapsedCallback) refers to stm32f4xx_hal.o(i.HAL_IncTick) for HAL_IncTick
    main.o(i.SystemClock_Config) refers to rt_memclr_w.o(.text) for __aeabi_memclr4
    main.o(i.SystemClock_Config) refers to stm32f4xx_hal_rcc.o(i.HAL_RCC_OscConfig) for HAL_RCC_OscConfig
    main.o(i.SystemClock_Config) refers to main.o(i.Error_Handler) for Error_Handler
    main.o(i.SystemClock_Config) refers to stm32f4xx_hal_rcc.o(i.HAL_RCC_ClockConfig) for HAL_RCC_ClockConfig
    main.o(i.main) refers to stm32f4xx_hal.o(i.HAL_Init) for HAL_Init
    main.o(i.main) refers to main.o(i.SystemClock_Config) for SystemClock_Config
    main.o(i.main) refers to gpio.o(i.MX_GPIO_Init) for MX_GPIO_Init
    main.o(i.main) refers to dma.o(i.MX_DMA_Init) for MX_DMA_Init
    main.o(i.main) refers to can.o(i.MX_CAN1_Init) for MX_CAN1_Init
    main.o(i.main) refers to can.o(i.MX_CAN2_Init) for MX_CAN2_Init
    main.o(i.main) refers to usart.o(i.MX_USART1_UART_Init) for MX_USART1_UART_Init
    main.o(i.main) refers to usart.o(i.MX_USART3_UART_Init) for MX_USART3_UART_Init
    main.o(i.main) refers to spi.o(i.MX_SPI1_Init) for MX_SPI1_Init
    main.o(i.main) refers to i2c.o(i.MX_I2C3_Init) for MX_I2C3_Init
[...]
    modeChassis                              0x200001c1   Data           1  chassis_task.o(.data)
    ControlMode                              0x200001c2   Data           1  chassis_task.o(.data)
    chassis_power_limit                      0x200001c4   Data           2  chassis_task.o(.data)
    Power6                                   0x200001c6   Data           2  chassis_task.o(.data)
    remian_energer                           0x200001c8   Data           4  chassis_task.o(.data)
    schange                                  0x200001cc   Data           4  chassis_task.o(.data)
    i                                        0x200001d0   Data           4  chassis_task.o(.data)
    mmm                                      0x200001d4   Data           4  chassis_task.o(.data)
    mmmm                                     0x200001d8   Data           4  chassis_task.o(.data)
    chassis_task_add                         0x200001dc   Data           2  chassis_task.o(.data)
    chassis_motor                            0x200001de   Data           8  chassis_task.o(.data)
    motorid_speed_pid                        0x200001e8   Data          48  chassis_task.o(.data)
    Chassis_Follow_pid                       0x20000218   Data          12  chassis_task.o(.data)
    actChassis_last                          0x20000224   Data           1  chassis_task.o(.data)
    number_clear                             0x20000228   Data           4  chassis_task.o(.data)
    b_f                                      0x2000022c   Data           1  chassis_task.o(.data)
    b_shift                                  0x2000022d   Data           1  chassis_task.o(.data)
    speed                                    0x20000230   Data           4  chassis_task.o(.data)
    value_for_try                            0x20000238   Data           8  chassis_task.o(.data)
    speed_gain                               0x20000240   Data           4  chassis_task.o(.data)
    angle_see                                0x20000244   Data           4  chassis_task.o(.data)
    yaw_angle_see                            0x20000248   Data           4  chassis_task.o(.data)
    cos_value                                0x2000024c   Data           4  chassis_task.o(.data)
    sin_value                                0x20000250   Data           4  chassis_task.o(.data)
    mintemp1                                 0x20000254   Data           4  chassis_task.o(.data)
    actGimbal                                0x20000258   Data           1  gimbal_task.o(.data)
    actGimbal_L                              0x20000259   Data           1  gimbal_task.o(.data)
    YawGimbalMode                            0x2000025a   Data           1  gimbal_task.o(.data)
    PitchGimbalMode                          0x2000025b   Data           1  gimbal_task.o(.data)
    Gimbal_Yaw_Encoder_Position_pid          0x2000025c   Data          12  gimbal_task.o(.data)
    Gimbal_Yawspeed_pid                      0x20000268   Data          12  gimbal_task.o(.data)
    Gimbal_Pitch_Encoder_Position_pid        0x20000274   Data          12  gimbal_task.o(.data)
    Gimbal_Pitch_Speed_pid_Start             0x20000280   Data          12  gimbal_task.o(.data)
    A1                                       0x2000028c   Data           4  gimbal_task.o(.data)
    trya                                     0x20000290   Data           4  gimbal_task.o(.data)
    jiao                                     0x20000294   Data           4  gimbal_task.o(.data)
    pitch                                    0x20000298   Data           4  gimbal_task.o(.data)
    actShoot                                 0x2000029c   Data           1  shoot_task.o(.data)
    actShoot_L                               0x2000029d   Data           1  shoot_task.o(.data)
    Shoot_Pid                                0x200002a0   Data          12  shoot_task.o(.data)
    bodan_speed                              0x200002ac   Data           1  shoot_task.o(.data)
    shoot_speed                              0x200002b0   Data           4  shoot_task.o(.data)
    b_b                                      0x200002b4   Data           1  shoot_task.o(.data)
    b_r                                      0x200002b5   Data           1  shoot_task.o(.data)
    b_left                                   0x200002b6   Data           1  shoot_task.o(.data)
    number_xiebo                             0x200002b8   Data           4  shoot_task.o(.data)
    number_flag                              0x200002bc   Data           4  shoot_task.o(.data)
    BMI088_ACCEL_SEN                         0x200002c0   Data           4  bmi088driver.o(.data)
    BMI088_GYRO_SEN                          0x200002c4   Data           4  bmi088driver.o(.data)
    twoKp                                    0x200002ec   Data           4  mahonyahrs.o(.data)
    twoKi                                    0x200002f0   Data           4  mahonyahrs.o(.data)
    integralFBx                              0x200002f4   Data           4  mahonyahrs.o(.data)
    integralFBy                              0x200002f8   Data           4  mahonyahrs.o(.data)
    integralFBz                              0x200002fc   Data           4  mahonyahrs.o(.data)
    FS_Desc                                  0x20000300   Data          28  usbd_desc.o(.data)
    USBD_LangIDDesc                          0x2000031c   Data           4  usbd_desc.o(.data)
    USBD_FS_DeviceDesc                       0x20000320   Data          18  usbd_desc.o(.data)
    USBD_StringSerial                        0x20000334   Data          26  usbd_desc.o(.data)
    USBD_Interface_fops_FS                   0x20000350   Data          20  usbd_cdc_if.o(.data)
    USBD_CDC                                 0x200003bc   Data          56  usbd_cdc.o(.data)
    hcan1                                    0x20000648   Data          40  can.o(.bss)
    hcan2                                    0x20000670   Data          40  can.o(.bss)
    hi2c3                                    0x20000698   Data          84  i2c.o(.bss)
    hspi1                                    0x200006ec   Data          88  spi.o(.bss)
    hdma_spi1_rx                             0x20000744   Data          96  spi.o(.bss)
    hdma_spi1_tx                             0x200007a4   Data          96  spi.o(.bss)
    htim3                                    0x20000804   Data          72  tim.o(.bss)
    htim10                                   0x2000084c   Data          72  tim.o(.bss)
    huart1                                   0x20000894   Data          72  usart.o(.bss)
    huart3                                   0x200008dc   Data          72  usart.o(.bss)
    huart6                                   0x20000924   Data          72  usart.o(.bss)
    hdma_usart1_tx                           0x2000096c   Data          96  usart.o(.bss)
    hdma_usart1_rx                           0x200009cc   Data          96  usart.o(.bss)
    hdma_usart3_rx                           0x20000a2c   Data          96  usart.o(.bss)
    hdma_usart6_rx                           0x20000a8c   Data          96  usart.o(.bss)
    hdma_usart6_tx                           0x20000aec   Data          96  usart.o(.bss)
    htim2                                    0x20000b4c   Data          72  stm32f4xx_hal_timebase_tim.o(.bss)
    moto_CAN1                                0x20000b94   Data         880  bsp_can.o(.bss)
    moto_CAN2                                0x20000f04   Data         880  bsp_can.o(.bss)
    C_Board                                  0x20001274   Data          20  bsp_can.o(.bss)
    dbus_buf                                 0x200012b8   Data          18  dbus.o(.bss)
    rc                                       0x200012ca   Data          22  dbus.o(.bss)
    myUsbRxData                              0x200012e0   Data          64  vision.o(.bss)
    Vision_Read_Data                         0x20001320   Data          32  vision.o(.bss)
    Vision_Send_Data                         0x20001340   Data          32  vision.o(.bss)
    judge_frame_rx                           0x20001400   Data         362  judge.o(.bss)
    judge_frame_tx                           0x2000156a   Data         362  judge.o(.bss)
    receive_student_data                     0x200016d4   Data         113  judge.o(.bss)
    judge_rx_buff                            0x20001745   Data        2000  judge.o(.bss)
    Show_data                                0x20001f16   Data         288  judge.o(.bss)
    CommuData                                0x20002036   Data          36  judge.o(.bss)
    CliendTxBuffer                           0x2000205a   Data         200  judge.o(.bss)
    TeammateTxBuffer                         0x20002122   Data         200  judge.o(.bss)
    accel_dma_rx_buf                         0x20005edc   Data           9  imu_task.o(.bss)
    bmi088_real_data                         0x20005ee8   Data          36  imu_task.o(.bss)
    bmi088_offset_data                       0x20005f0c   Data          36  imu_task.o(.bss)
    gyro_offset                              0x20005f30   Data          12  imu_task.o(.bss)
    gyro_cali_offset                         0x20005f3c   Data          12  imu_task.o(.bss)
    accel_offset                             0x20005f48   Data          12  imu_task.o(.bss)
    accel_cali_offset                        0x20005f54   Data          12  imu_task.o(.bss)
    ist8310_real_data                        0x20005f60   Data          16  imu_task.o(.bss)
    mag_offset                               0x20005f70   Data          12  imu_task.o(.bss)
    mag_cali_offset                          0x20005f7c   Data          12  imu_task.o(.bss)
    IMU_Chass_MSG                            0x20005f88   Data          68  imu_task.o(.bss)
    INS_gyro                                 0x20006050   Data          12  imu_task.o(.bss)
    INS_accel                                0x2000605c   Data          12  imu_task.o(.bss)
    INS_mag                                  0x20006068   Data          12  imu_task.o(.bss)
    INS_quat                                 0x20006074   Data          16  imu_task.o(.bss)
    INS_angle                                0x20006084   Data          12  imu_task.o(.bss)
    INS_angle_deg                            0x20006090   Data          12  imu_task.o(.bss)
    IMU_angle                                0x2000609c   Data          12  imu_task.o(.bss)
    imu_vision                               0x200060a8   Data          12  imu_task.o(.bss)
    motor_text                               0x200060b4   Data          16  chassis_task.o(.bss)
    Chassis_Motor                            0x200060c4   Data         816  chassis_task.o(.bss)
    Chassis_Follow_PID                       0x200063f4   Data          96  chassis_task.o(.bss)
    absolute_chassis_speed                   0x20006454   Data          12  chassis_task.o(.bss)
    chassisnothing                           0x20006460   Data          12  chassis_task.o(.bss)
    temp_speed                               0x2000646c   Data          12  chassis_task.o(.bss)
    Gimbal_Motor_Yaw                         0x20006478   Data         204  gimbal_task.o(.bss)
    Gimbal_Motor_Pitch                       0x20006544   Data         204  gimbal_task.o(.bss)
    Gimbal_Yawimu_PID                        0x20006610   Data          96  gimbal_task.o(.bss)
    Gimbal_Pitchimu_PID                      0x20006670   Data          96  gimbal_task.o(.bss)
    Gimbal_YawimuBUFF_PID                    0x200066d0   Data          96  gimbal_task.o(.bss)
    Gimbal_PitchimuBUFF_PID                  0x20006730   Data          96  gimbal_task.o(.bss)
    Gimbal_Yaw_PID                           0x20006790   Data          96  gimbal_task.o(.bss)
    VISION_PITCH                             0x200067f0   Data          96  gimbal_task.o(.bss)
    VISION_YAW                               0x20006850   Data          96  gimbal_task.o(.bss)
    Gimbal_Yawimu_pid                        0x200068b0   Data          12  gimbal_task.o(.bss)
    Gimbal_Pitchimu_pid                      0x200068bc   Data          12  gimbal_task.o(.bss)
    pid_yaw                                  0x200068c8   Data          12  gimbal_task.o(.bss)
    yaw_buff_pid                             0x200068d4   Data          12  gimbal_task.o(.bss)
    pitch_buff_pid                           0x200068e0   Data          12  gimbal_task.o(.bss)
    absolute_gimbal_speed                    0x200068ec   Data          16  gimbal_task.o(.bss)
    Shoot_Motor                              0x200068fc   Data         408  shoot_task.o(.bss)
    hUsbDeviceFS                             0x20006a94   Data         732  usb_device.o(.bss)
    USBD_StrDesc                             0x20006d70   Data         512  usbd_desc.o(.bss)
    UserRxBufferFS                           0x20006f70   Data        2048  usbd_cdc_if.o(.bss)
    UserTxBufferFS                           0x20007770   Data        2048  usbd_cdc_if.o(.bss)
    hpcd_USB_OTG_FS                          0x20008190   Data        1252  usbd_conf.o(.bss)
    __libspace_start                         0x20008674   Data          96  libspace.o(.bss)
    __temporary_stack_top$libspace           0x200086d4   Data           0  libspace.o(.bss)



==============================================================================

Memory Map of the image

  Image Entry point : 0x08000189

  Load Region LR_IROM1 (Base: 0x08000000, Size: 0x00012ae0, Max: 0x00100000, ABSOLUTE, COMPRESSED[0x00012868])

    Execution Region ER_IROM1 (Exec base: 0x08000000, Load base: 0x08000000, Size: 0x000126ec, Max: 0x00100000, ABSOLUTE)

    Exec Addr    Load Addr    Size         Type   Attr      Idx    E Section Name        Object

    0x08000000   0x08000000   0x00000188   Data   RO            3    RESET               startup_stm32f407xx.o
    0x08000188   0x08000188   0x00000008   Code   RO         8934  * !!!main             c_w.l(__main.o)
    0x08000190   0x08000190   0x00000034   Code   RO         9307    !!!scatter          c_w.l(__scatter.o)
    0x080001c4   0x080001c4   0x0000005a   Code   RO         9305    !!dczerorl2         c_w.l(__dczerorl2.o)
    0x0800021e   0x0800021e   0x00000002   PAD
    0x08000220   0x08000220   0x0000001c   Code   RO         9309    !!handler_zi        c_w.l(__scatter_zi.o)
    0x0800023c   0x0800023c   0x00000000   Code   RO         8917    .ARM.Collect$$_printf_percent$$00000000  c_w.l(_printf_percent.o)
    0x0800023c   0x0800023c   0x00000006   Code   RO         8916    .ARM.Collect$$_printf_percent$$00000009  c_w.l(_printf_d.o)
    0x08000242   0x08000242   0x00000006   Code   RO         8915    .ARM.Collect$$_printf_percent$$00000014  c_w.l(_printf_s.o)
    0x08000248   0x08000248   0x00000004   Code   RO         9049    .ARM.Collect$$_printf_percent$$00000017  c_w.l(_printf_percent_end.o)
    0x0800024c   0x0800024c   0x00000002   Code   RO         9178    .ARM.Collect$$libinit$$00000000  c_w.l(libinit.o)
    0x0800024e   0x0800024e   0x00000004   Code   RO         9187    .ARM.Collect$$libinit$$00000001  c_w.l(libinit2.o)
    0x08000252   0x08000252   0x00000000   Code   RO         9190    .ARM.Collect$$libinit$$00000004  c_w.l(libinit2.o)
    0x08000252   0x08000252   0x00000000   Code   RO         9193    .ARM.Collect$$libinit$$0000000A  c_w.l(libinit2.o)
    0x08000252   0x08000252   0x00000000   Code   RO         9195    .ARM.Collect$$libinit$$0000000C  c_w.l(libinit2.o)
    0x08000252   0x08000252   0x00000000   Code   RO         9197    .ARM.Collect$$libinit$$0000000E  c_w.l(libinit2.o)
    0x08000252   0x08000252   0x00000000   Code   RO         9200    .ARM.Collect$$libinit$$00000011  c_w.l(libinit2.o)
    0x08000252   0x08000252   0x00000000   Code   RO         9202    .ARM.Collect$$libinit$$00000013  c_w.l(libinit2.o)
    0x08000252   0x08000252   0x00000000   Code   RO         9204    .ARM.Collect$$libinit$$00000015  c_w.l(libinit2.o)
    0x08000252   0x08000252   0x00000000   Code   RO         9206    .ARM.Collect$$libinit$$00000017  c_w.l(libinit2.o)
    0x08000252   0x08000252   0x00000000   Code   RO         9208    .ARM.Collect$$libinit$$00000019  c_w.l(libinit2.o)
    0x08000252   0x08000252   0x00000000   Code   RO         9210    .ARM.Collect$$libinit$$0000001B  c_w.l(libinit2.o)
    0x08000252   0x08000252   0x00000000   Code   RO         9212    .ARM.Collect$$libinit$$0000001D  c_w.l(libinit2.o)
    0x08000252   0x08000252   0x00000000   Code   RO         9214    .ARM.Collect$$libinit$$0000001F  c_w.l(libinit2.o)
    0x08000252   0x08000252   0x00000000   Code   RO         9216    .ARM.Collect$$libinit$$00000021  c_w.l(libinit2.o)
    0x08000252   0x08000252   0x00000000   Code   RO         9218    .ARM.Collect$$libinit$$00000023  c_w.l(libinit2.o)
    0x08000252   0x08000252   0x00000000   Code   RO         9220    .ARM.Collect$$libinit$$00000025  c_w.l(libinit2.o)
    0x08000252   0x08000252   0x00000000   Code   RO         9224    .ARM.Collect$$libinit$$0000002C  c_w.l(libinit2.o)
    0x08000252   0x08000252   0x00000000   Code   RO         9226    .ARM.Collect$$libinit$$0000002E  c_w.l(libinit2.o)
    0x08000252   0x08000252   0x00000000   Code   RO         9228    .ARM.Collect$$libinit$$00000030  c_w.l(libinit2.o)
    0x08000252   0x08000252   0x00000000   Code   RO         9230    .ARM.Collect$$libinit$$00000032  c_w.l(libinit2.o)
    0x08000252   0x08000252   0x00000002   Code   RO         9231    .ARM.Collect$$libinit$$00000033  c_w.l(libinit2.o)
    0x08000254   0x08000254   0x00000002   Code   RO         9262    .ARM.Collect$$libshutdown$$00000000  c_w.l(libshutdown.o)
    0x08000256   0x08000256   0x00000000   Code   RO         9288    .ARM.Collect$$libshutdown$$00000002  c_w.l(libshutdown2.o)
    0x08000256   0x08000256   0x00000000   Code   RO         9290    .ARM.Collect$$libshutdown$$00000004  c_w.l(libshutdown2.o)
    0x08000256   0x08000256   0x00000000   Code   RO         9293    .ARM.Collect$$libshutdown$$00000007  c_w.l(libshutdown2.o)
    0x08000256   0x08000256   0x00000000   Code   RO         9296    .ARM.Collect$$libshutdown$$0000000A  c_w.l(libshutdown2.o)
    0x08000256   0x08000256   0x00000000   Code   RO         9298    .ARM.Collect$$libshutdown$$0000000C  c_w.l(libshutdown2.o)
    0x08000256   0x08000256   0x00000000   Code   RO         9301    .ARM.Collect$$libshutdown$$0000000F  c_w.l(libshutdown2.o)
    0x08000256   0x08000256   0x00000002   Code   RO         9302    .ARM.Collect$$libshutdown$$00000010  c_w.l(libshutdown2.o)
    0x08000258   0x08000258   0x00000000   Code   RO         9034    .ARM.Collect$$rtentry$$00000000  c_w.l(__rtentry.o)
    0x08000258   0x08000258   0x00000000   Code   RO         9125    .ARM.Collect$$rtentry$$00000002  c_w.l(__rtentry2.o)
    0x08000258   0x08000258   0x00000006   Code   RO         9137    .ARM.Collect$$rtentry$$00000004  c_w.l(__rtentry4.o)
    0x0800025e   0x0800025e   0x00000000   Code   RO         9127    .ARM.Collect$$rtentry$$00000009  c_w.l(__rtentry2.o)
    0x0800025e   0x0800025e   0x00000004   Code   RO         9128    .ARM.Collect$$rtentry$$0000000A  c_w.l(__rtentry2.o)
    0x08000262   0x08000262   0x00000000   Code   RO         9130    .ARM.Collect$$rtentry$$0000000C  c_w.l(__rtentry2.o)
    0x08000262   0x08000262   0x00000008   Code   RO         9131    .ARM.Collect$$rtentry$$0000000D  c_w.l(__rtentry2.o)
    0x0800026a   0x0800026a   0x00000002   Code   RO         9179    .ARM.Collect$$rtexit$$00000000  c_w.l(rtexit.o)
    0x0800026c   0x0800026c   0x00000000   Code   RO         9235    .ARM.Collect$$rtexit$$00000002  c_w.l(rtexit2.o)
    0x0800026c   0x0800026c   0x00000004   Code   RO         9236    .ARM.Collect$$rtexit$$00000003  c_w.l(rtexit2.o)
    0x08000270   0x08000270   0x00000006   Code   RO         9237    .ARM.Collect$$rtexit$$00000004  c_w.l(rtexit2.o)
    0x08000276   0x08000276   0x00000002   PAD
    0x08000278   0x08000278   0x000000be   Code   RO         7106    .emb_text           port.o
    0x08000336   0x08000336   0x00000002   PAD
    0x08000338   0x08000338   0x00000040   Code   RO            4    .text               startup_stm32f407xx.o
    0x08000378   0x08000378   0x000000ee   Code   RO         8883    .text               c_w.l(lludivv7m.o)
    0x08000466   0x08000466   0x00000002   PAD
    0x08000468   0x08000468   0x00000028   Code   RO         8887    .text               c_w.l(noretval__2sprintf.o)
    0x08000490   0x08000490   0x00000068   Code   RO         8889    .text               c_w.l(__printf.o)
    0x080004f8   0x080004f8   0x00000052   Code   RO         8891    .text               c_w.l(_printf_str.o)
    0x0800054a   0x0800054a   0x00000002   PAD
    0x0800054c   0x0800054c   0x00000078   Code   RO         8893    .text               c_w.l(_printf_dec.o)
    0x080005c4   0x080005c4   0x0000003e   Code   RO         8918    .text               c_w.l(strlen.o)
    0x08000602   0x08000602   0x0000008a   Code   RO         8920    .text               c_w.l(rt_memcpy_v6.o)
    0x0800068c   0x0800068c   0x00000064   Code   RO         8922    .text               c_w.l(rt_memcpy_w.o)
    0x080006f0   0x080006f0   0x00000010   Code   RO         8926    .text               c_w.l(aeabi_memset.o)
    0x08000700   0x08000700   0x00000044   Code   RO         8928    .text               c_w.l(rt_memclr.o)
    0x08000744   0x08000744   0x0000004e   Code   RO         8930    .text               c_w.l(rt_memclr_w.o)
    0x08000792   0x08000792   0x00000006   Code   RO         8932    .text               c_w.l(heapauxi.o)
    0x08000798   0x08000798   0x00000016   Code   RO         9039    .text               c_w.l(_rserrno.o)
    0x080007ae   0x080007ae   0x000000b2   Code   RO         9041    .text               c_w.l(_printf_intcommon.o)
    0x08000860   0x08000860   0x00000030   Code   RO         9043    .text               c_w.l(_printf_char_common.o)
    0x08000890   0x08000890   0x0000000a   Code   RO         9045    .text               c_w.l(_sputc.o)
    0x0800089a   0x0800089a   0x0000002c   Code   RO         9047    .text               c_w.l(_printf_char.o)
    0x080008c6   0x080008c6   0x00000002   PAD
    0x080008c8   0x080008c8   0x00000008   Code   RO         9144    .text               c_w.l(rt_errno_addr_intlibspace.o)
    0x080008d0   0x080008d0   0x00000008   Code   RO         9162    .text               c_w.l(libspace.o)
    0x080008d8   0x080008d8   0x0000004a   Code   RO         9165    .text               c_w.l(sys_stackheap_outer.o)
    0x08000922   0x08000922   0x00000012   Code   RO         9167    .text               c_w.l(exit.o)
    0x08000934   0x08000934   0x0000000c   Code   RO         9232    .text               c_w.l(sys_exit.o)
    0x08000940   0x08000940   0x00000002   Code   RO         9251    .text               c_w.l(use_no_semi.o)
    0x08000942   0x08000942   0x00000000   Code   RO         9253    .text               c_w.l(indicate_semi.o)
    0x08000942   0x08000942   0x00000002   PAD
    0x08000944   0x08000944   0x00000028   Code   RO         7224    i.AHRS_init         imu_task.o
    0x0800096c   0x0800096c   0x00000052   Code   RO         7225    i.AHRS_update       imu_task.o
    0x080009be   0x080009be   0x0000007e   Code   RO           13    i.AngleLoop_f       main.o
    0x08000a3c   0x08000a3c   0x00000014   Code   RO         7767    i.BMI088_ACCEL_NS_H  bmi088middleware.o
    0x08000a50   0x08000a50   0x00000014   Code   RO         7768    i.BMI088_ACCEL_NS_L  bmi088middleware.o
    0x08000a64   0x08000a64   0x00000002   Code   RO         7769    i.BMI088_GPIO_init  bmi088middleware.o
    0x08000a66   0x08000a66   0x00000002   PAD
    0x08000a68   0x08000a68   0x00000014   Code   RO         7770    i.BMI088_GYRO_NS_H  bmi088middleware.o
    0x08000a7c   0x08000a7c   0x00000014   Code   RO         7771    i.BMI088_GYRO_NS_L  bmi088middleware.o
    0x08000a90   0x08000a90   0x00000090   Code   RO         7631    i.BMI088_accel_read_over  bmi088driver.o
    0x08000b20   0x08000b20   0x00000002   Code   RO         7772    i.BMI088_com_init   bmi088middleware.o
    0x08000b22   0x08000b22   0x0000000c   Code   RO         7773    i.BMI088_delay_ms   bmi088middleware.o
    0x08000b2e   0x08000b2e   0x0000000c   Code   RO         7774    i.BMI088_delay_us   bmi088middleware.o
    0x08000b3a   0x08000b3a   0x00000002   PAD
    0x08000b3c   0x08000b3c   0x00000068   Code   RO         7632    i.BMI088_gyro_read_over  bmi088driver.o
    0x08000ba4   0x08000ba4   0x00000034   Code   RO         7633    i.BMI088_init       bmi088driver.o
    0x08000bd8   0x08000bd8   0x0000017c   Code   RO         7634    i.BMI088_read       bmi088driver.o
    0x08000d54   0x08000d54   0x00000026   Code   RO         7637    i.BMI088_read_muli_reg  bmi088driver.o
    0x08000d7a   0x08000d7a   0x00000018   Code   RO         7638    i.BMI088_read_single_reg  bmi088driver.o
    0x08000d92   0x08000d92   0x00000002   PAD
    0x08000d94   0x08000d94   0x00000020   Code   RO         7775    i.BMI088_read_write_byte  bmi088middleware.o
    0x08000db4   0x08000db4   0x00000034   Code   RO         7639    i.BMI088_temperature_read_over  bmi088driver.o
    0x08000de8   0x08000de8   0x00000014   Code   RO         7640    i.BMI088_write_single_reg  bmi088driver.o
    0x08000dfc   0x08000dfc   0x00000004   Code   RO          682    i.BusFault_Handler  stm32f4xx_it.o
    0x08000e00   0x08000e00   0x00000010   Code   RO          683    i.CAN1_RX0_IRQHandler  stm32f4xx_it.o
    0x08000e10   0x08000e10   0x00000010   Code   RO          684    i.CAN2_RX0_IRQHandler  stm32f4xx_it.o
    0x08000e20   0x08000e20   0x00000050   Code   RO         5144    i.CANx_SendStdData  bsp_can.o
    0x08000e70   0x08000e70   0x00000008   Code   RO         8194    i.CDC_Control_FS    usbd_cdc_if.o
    0x08000e78   0x08000e78   0x00000004   Code   RO         8195    i.CDC_DeInit_FS     usbd_cdc_if.o
    0x08000e7c   0x08000e7c   0x00000024   Code   RO         8196    i.CDC_Init_FS       usbd_cdc_if.o
    0x08000ea0   0x08000ea0   0x00000024   Code   RO         8197    i.CDC_Receive_FS    usbd_cdc_if.o
    0x08000ec4   0x08000ec4   0x00000004   Code   RO         8198    i.CDC_TransmitCplt_FS  usbd_cdc_if.o
    0x08000ec8   0x08000ec8   0x0000002c   Code   RO         8199    i.CDC_Transmit_FS   usbd_cdc_if.o
    0x08000ef4   0x08000ef4   0x000000e0   Code   RO         7353    i.CHASSIS_InitArgument  chassis_task.o
    0x08000fd4   0x08000fd4   0x0000019c   Code   RO         7355    i.CHAS_Key_Ctrl     chassis_task.o
    0x08001170   0x08001170   0x0000014c   Code   RO         7356    i.ChassisFun        chassis_task.o
    0x080012bc   0x080012bc   0x0000009c   Code   RO         7357    i.Chassis_Mode_Choose  chassis_task.o
    0x08001358   0x08001358   0x00000010   Code   RO          685    i.DMA1_Stream1_IRQHandler  stm32f4xx_it.o
    0x08001368   0x08001368   0x00000010   Code   RO          686    i.DMA2_Stream1_IRQHandler  stm32f4xx_it.o
    0x08001378   0x08001378   0x00000014   Code   RO          687    i.DMA2_Stream2_IRQHandler  stm32f4xx_it.o
    0x0800138c   0x0800138c   0x00000010   Code   RO          688    i.DMA2_Stream3_IRQHandler  stm32f4xx_it.o
    0x0800139c   0x0800139c   0x00000010   Code   RO          689    i.DMA2_Stream5_IRQHandler  stm32f4xx_it.o
    0x080013ac   0x080013ac   0x00000010   Code   RO          690    i.DMA2_Stream6_IRQHandler  stm32f4xx_it.o
    0x080013bc   0x080013bc   0x0000006c   Code   RO          691    i.DMA2_Stream7_IRQHandler  stm32f4xx_it.o
    0x08001428   0x08001428   0x00000034   Code   RO         2015    i.DMA_CalcBaseAndBitshift  stm32f4xx_hal_dma.o
    0x0800145c   0x0800145c   0x000000aa   Code   RO         2016    i.DMA_CheckFifoParam  stm32f4xx_hal_dma.o
    0x08001506   0x08001506   0x0000002c   Code   RO         2017    i.DMA_SetConfig     stm32f4xx_hal_dma.o
    0x08001532   0x08001532   0x00000002   Code   RO          692    i.DebugMon_Handler  stm32f4xx_it.o
    0x08001534   0x08001534   0x0000000a   Code   RO          693    i.EXTI0_IRQHandler  stm32f4xx_it.o
    0x0800153e   0x0800153e   0x0000000a   Code   RO          694    i.EXTI4_IRQHandler  stm32f4xx_it.o
    0x08001548   0x08001548   0x0000000a   Code   RO          695    i.EXTI9_5_IRQHandler  stm32f4xx_it.o
    0x08001552   0x08001552   0x00000006   Code   RO           14    i.Error_Handler     main.o
    0x08001558   0x08001558   0x000000dc   Code   RO         7358    i.Find_Y_AnglePNY   chassis_task.o
    0x08001634   0x08001634   0x00000210   Code   RO         7452    i.GIMBAL_InitArgument  gimbal_task.o
    0x08001844   0x08001844   0x00000074   Code   RO         7453    i.GIMBAL_Key_Ctrl   gimbal_task.o
    0x080018b8   0x080018b8   0x00000038   Code   RO         7454    i.GIMBAL_Mode_Choose  gimbal_task.o
    0x080018f0   0x080018f0   0x00000034   Code   RO         5506    i.Get_CRC16_Check_Sum  crc.o
    0x08001924   0x08001924   0x00000024   Code   RO         5507    i.Get_CRC8_Check_Sum  crc.o
    0x08001948   0x08001948   0x00000028   Code   RO         8103    i.Get_SerialNum     usbd_desc.o
    0x08001970   0x08001970   0x000000b4   Code   RO         7455    i.GimbalFun         gimbal_task.o
    0x08001a24   0x08001a24   0x000000b0   Code   RO         7456    i.Gimbal_Control_Pitch  gimbal_task.o
    0x08001ad4   0x08001ad4   0x00000184   Code   RO         7457    i.Gimbal_Control_Pitch_Auto  gimbal_task.o
    0x08001c58   0x08001c58   0x000000f8   Code   RO         7458    i.Gimbal_Control_Yaw  gimbal_task.o
    0x08001d50   0x08001d50   0x00000114   Code   RO         7459    i.Gimbal_Control_Yaw_Auto  gimbal_task.o
    0x08001e64   0x08001e64   0x000000e4   Code   RO         7460    i.Gimbal_KeyControl_Pitch  gimbal_task.o
    0x08001f48   0x08001f48   0x00000130   Code   RO         7461    i.Gimbal_KeyControl_Yaw  gimbal_task.o
    0x08002078   0x08002078   0x00000204   Code   RO         7462    i.Gimbal_Single_Loop_Out  gimbal_task.o
    0x0800227c   0x0800227c   0x00000002   Code   RO         7463    i.Gimbal_Vision     gimbal_task.o
    0x0800227e   0x0800227e   0x0000002a   Code   RO         2700    i.HAL_CAN_ActivateNotification  stm32f4xx_hal_can.o
    0x080022a8   0x080022a8   0x0000014a   Code   RO         2701    i.HAL_CAN_AddTxMessage  stm32f4xx_hal_can.o
    0x080023f2   0x080023f2   0x00000002   PAD
    0x080023f4   0x080023f4   0x00000124   Code   RO         2702    i.HAL_CAN_ConfigFilter  stm32f4xx_hal_can.o
    0x08002518   0x08002518   0x00000002   Code   RO         2705    i.HAL_CAN_ErrorCallback  stm32f4xx_hal_can.o
    0x0800251a   0x0800251a   0x00000194   Code   RO         2708    i.HAL_CAN_GetRxMessage  stm32f4xx_hal_can.o
    0x080026ae   0x080026ae   0x00000036   Code   RO         2710    i.HAL_CAN_GetTxMailboxesFreeLevel  stm32f4xx_hal_can.o
    0x080026e4   0x080026e4   0x0000024e   Code   RO         2712    i.HAL_CAN_IRQHandler  stm32f4xx_hal_can.o
    0x08002932   0x08002932   0x00000174   Code   RO         2713    i.HAL_CAN_Init      stm32f4xx_hal_can.o
    0x08002aa6   0x08002aa6   0x00000002   PAD
    0x08002aa8   0x08002aa8   0x00000160   Code   RO          418    i.HAL_CAN_MspInit   can.o
    0x08002c08   0x08002c08   0x00000002   Code   RO         2720    i.HAL_CAN_RxFifo0FullCallback  stm32f4xx_hal_can.o
    0x08002c0a   0x08002c0a   0x00000002   PAD
    0x08002c0c   0x08002c0c   0x000000e4   Code   RO         5145    i.HAL_CAN_RxFifo0MsgPendingCallback  bsp_can.o
    0x08002cf0   0x08002cf0   0x00000002   Code   RO         2722    i.HAL_CAN_RxFifo1FullCallback  stm32f4xx_hal_can.o
    0x08002cf2   0x08002cf2   0x00000002   Code   RO         2723    i.HAL_CAN_RxFifo1MsgPendingCallback  stm32f4xx_hal_can.o
    0x08002cf4   0x08002cf4   0x00000002   Code   RO         2724    i.HAL_CAN_SleepCallback  stm32f4xx_hal_can.o
    0x08002cf6   0x08002cf6   0x0000005e   Code   RO         2725    i.HAL_CAN_Start     stm32f4xx_hal_can.o
    0x08002d54   0x08002d54   0x00000002   Code   RO         2727    i.HAL_CAN_TxMailbox0AbortCallback  stm32f4xx_hal_can.o
    0x08002d56   0x08002d56   0x00000002   Code   RO         2728    i.HAL_CAN_TxMailbox0CompleteCallback  stm32f4xx_hal_can.o
    0x08002d58   0x08002d58   0x00000002   Code   RO         2729    i.HAL_CAN_TxMailbox1AbortCallback  stm32f4xx_hal_can.o
    0x08002d5a   0x08002d5a   0x00000002   Code   RO         2730    i.HAL_CAN_TxMailbox1CompleteCallback  stm32f4xx_hal_can.o
    0x08002d5c   0x08002d5c   0x00000002   Code   RO         2731    i.HAL_CAN_TxMailbox2AbortCallback  stm32f4xx_hal_can.o
    0x08002d5e   0x08002d5e   0x00000002   Code   RO         2732    i.HAL_CAN_TxMailbox2CompleteCallback  stm32f4xx_hal_can.o
    0x08002d60   0x08002d60   0x00000002   Code   RO         2734    i.HAL_CAN_WakeUpFromRxMsgCallback  stm32f4xx_hal_can.o
    0x08002d62   0x08002d62   0x000000ac   Code   RO         2018    i.HAL_DMA_Abort     stm32f4xx_hal_dma.o
    0x08002e0e   0x08002e0e   0x00000028   Code   RO         2019    i.HAL_DMA_Abort_IT  stm32f4xx_hal_dma.o
    0x08002e36   0x08002e36   0x00000002   PAD
    0x08002e38   0x08002e38   0x00000240   Code   RO         2023    i.HAL_DMA_IRQHandler  stm32f4xx_hal_dma.o
    0x08003078   0x08003078   0x000000ec   Code   RO         2024    i.HAL_DMA_Init      stm32f4xx_hal_dma.o
    0x08003164   0x08003164   0x00000066   Code   RO         2027    i.HAL_DMA_Start     stm32f4xx_hal_dma.o
    0x080031ca   0x080031ca   0x00000092   Code   RO         2028    i.HAL_DMA_Start_IT  stm32f4xx_hal_dma.o
    0x0800325c   0x0800325c   0x00000028   Code   RO         2448    i.HAL_Delay         stm32f4xx_hal.o
    0x08003284   0x08003284   0x000000d8   Code   RO         7226    i.HAL_GPIO_EXTI_Callback  imu_task.o
    0x0800335c   0x0800335c   0x0000001c   Code   RO         1910    i.HAL_GPIO_EXTI_IRQHandler  stm32f4xx_hal_gpio.o
    0x08003378   0x08003378   0x000001f4   Code   RO         1911    i.HAL_GPIO_Init     stm32f4xx_hal_gpio.o
    0x0800356c   0x0800356c   0x00000014   Code   RO         1914    i.HAL_GPIO_TogglePin  stm32f4xx_hal_gpio.o
    0x08003580   0x08003580   0x0000000c   Code   RO         1915    i.HAL_GPIO_WritePin  stm32f4xx_hal_gpio.o
    0x0800358c   0x0800358c   0x0000000c   Code   RO         2454    i.HAL_GetTick       stm32f4xx_hal.o
    0x08003598   0x08003598   0x000001d0   Code   RO         2944    i.HAL_I2C_Init      stm32f4xx_hal_i2c.o
    0x08003768   0x08003768   0x00000308   Code   RO         2962    i.HAL_I2C_Mem_Read  stm32f4xx_hal_i2c.o
    0x08003a70   0x08003a70   0x00000164   Code   RO         2965    i.HAL_I2C_Mem_Write  stm32f4xx_hal_i2c.o
    0x08003bd4   0x08003bd4   0x000000c8   Code   RO          491    i.HAL_I2C_MspInit   i2c.o
    0x08003c9c   0x08003c9c   0x00000018   Code   RO         2460    i.HAL_IncTick       stm32f4xx_hal.o
    0x08003cb4   0x08003cb4   0x0000003c   Code   RO         2461    i.HAL_Init          stm32f4xx_hal.o
    0x08003cf0   0x08003cf0   0x000000b4   Code   RO          876    i.HAL_InitTick      stm32f4xx_hal_timebase_tim.o
    0x08003da4   0x08003da4   0x00000054   Code   RO          852    i.HAL_MspInit       stm32f4xx_hal_msp.o
    0x08003df8   0x08003df8   0x00000028   Code   RO         2301    i.HAL_NVIC_EnableIRQ  stm32f4xx_hal_cortex.o
    0x08003e20   0x08003e20   0x0000007c   Code   RO         2307    i.HAL_NVIC_SetPriority  stm32f4xx_hal_cortex.o
    0x08003e9c   0x08003e9c   0x00000028   Code   RO         2308    i.HAL_NVIC_SetPriorityGrouping  stm32f4xx_hal_cortex.o
    0x08003ec4   0x08003ec4   0x00000002   Code   RO         1159    i.HAL_PCDEx_LPM_Callback  stm32f4xx_hal_pcd_ex.o
    0x08003ec6   0x08003ec6   0x0000000a   Code   RO         1160    i.HAL_PCDEx_SetRxFiFo  stm32f4xx_hal_pcd_ex.o
    0x08003ed0   0x08003ed0   0x0000004e   Code   RO         1161    i.HAL_PCDEx_SetTxFiFo  stm32f4xx_hal_pcd_ex.o
    0x08003f1e   0x08003f1e   0x00000008   Code   RO         8251    i.HAL_PCD_ConnectCallback  usbd_conf.o
    0x08003f26   0x08003f26   0x00000012   Code   RO         8252    i.HAL_PCD_DataInStageCallback  usbd_conf.o
    0x08003f38   0x08003f38   0x00000014   Code   RO         8253    i.HAL_PCD_DataOutStageCallback  usbd_conf.o
    0x08003f4c   0x08003f4c   0x00000008   Code   RO         8254    i.HAL_PCD_DisconnectCallback  usbd_conf.o
    0x08003f54   0x08003f54   0x00000042   Code   RO          924    i.HAL_PCD_EP_Abort  stm32f4xx_hal_pcd.o
    0x08003f96   0x08003f96   0x0000006a   Code   RO          925    i.HAL_PCD_EP_Close  stm32f4xx_hal_pcd.o
    0x08004000   0x08004000   0x0000007c   Code   RO          926    i.HAL_PCD_EP_ClrStall  stm32f4xx_hal_pcd.o
    0x0800407c   0x0800407c   0x00000016   Code   RO          928    i.HAL_PCD_EP_GetRxCount  stm32f4xx_hal_pcd.o
    0x08004092   0x08004092   0x0000008c   Code   RO          929    i.HAL_PCD_EP_Open   stm32f4xx_hal_pcd.o
    0x0800411e   0x0800411e   0x00000046   Code   RO          930    i.HAL_PCD_EP_Receive  stm32f4xx_hal_pcd.o
    0x08004164   0x08004164   0x0000008a   Code   RO          931    i.HAL_PCD_EP_SetStall  stm32f4xx_hal_pcd.o
    0x080041ee   0x080041ee   0x00000048   Code   RO          932    i.HAL_PCD_EP_Transmit  stm32f4xx_hal_pcd.o
    0x08004236   0x08004236   0x000006ca   Code   RO          934    i.HAL_PCD_IRQHandler  stm32f4xx_hal_pcd.o
    0x08004900   0x08004900   0x00000008   Code   RO         8255    i.HAL_PCD_ISOINIncompleteCallback  usbd_conf.o
    0x08004908   0x08004908   0x00000008   Code   RO         8256    i.HAL_PCD_ISOOUTIncompleteCallback  usbd_conf.o
    0x08004910   0x08004910   0x0000015e   Code   RO          937    i.HAL_PCD_Init      stm32f4xx_hal_pcd.o
    0x08004a6e   0x08004a6e   0x00000002   PAD
    0x08004a70   0x08004a70   0x000000b0   Code   RO         8258    i.HAL_PCD_MspInit   usbd_conf.o
    0x08004b20   0x08004b20   0x0000002e   Code   RO         8259    i.HAL_PCD_ResetCallback  usbd_conf.o
    0x08004b4e   0x08004b4e   0x00000008   Code   RO         8260    i.HAL_PCD_ResumeCallback  usbd_conf.o
    0x08004b56   0x08004b56   0x00000008   Code   RO         8261    i.HAL_PCD_SOFCallback  usbd_conf.o
    0x08004b5e   0x08004b5e   0x00000034   Code   RO          943    i.HAL_PCD_SetAddress  stm32f4xx_hal_pcd.o
    0x08004b92   0x08004b92   0x0000000e   Code   RO         8262    i.HAL_PCD_SetupStageCallback  usbd_conf.o
    0x08004ba0   0x08004ba0   0x0000004c   Code   RO          946    i.HAL_PCD_Start     stm32f4xx_hal_pcd.o
    0x08004bec   0x08004bec   0x00000030   Code   RO         8263    i.HAL_PCD_SuspendCallback  usbd_conf.o
    0x08004c1c   0x08004c1c   0x00000184   Code   RO         1512    i.HAL_RCC_ClockConfig  stm32f4xx_hal_rcc.o
    0x08004da0   0x08004da0   0x00000044   Code   RO         1516    i.HAL_RCC_GetClockConfig  stm32f4xx_hal_rcc.o
    0x08004de4   0x08004de4   0x0000000c   Code   RO         1517    i.HAL_RCC_GetHCLKFreq  stm32f4xx_hal_rcc.o
    0x08004df0   0x08004df0   0x00000020   Code   RO         1519    i.HAL_RCC_GetPCLK1Freq  stm32f4xx_hal_rcc.o
    0x08004e10   0x08004e10   0x00000020   Code   RO         1520    i.HAL_RCC_GetPCLK2Freq  stm32f4xx_hal_rcc.o
    0x08004e30   0x08004e30   0x000000b0   Code   RO         1521    i.HAL_RCC_GetSysClockFreq  stm32f4xx_hal_rcc.o
    0x08004ee0   0x08004ee0   0x0000049c   Code   RO         1524    i.HAL_RCC_OscConfig  stm32f4xx_hal_rcc.o
    0x0800537c   0x0800537c   0x000000c8   Code   RO         3439    i.HAL_SPI_Init      stm32f4xx_hal_spi.o
    0x08005444   0x08005444   0x00000158   Code   RO          533    i.HAL_SPI_MspInit   spi.o
    0x0800559c   0x0800559c   0x00000240   Code   RO         3448    i.HAL_SPI_TransmitReceive  stm32f4xx_hal_spi.o
    0x080057dc   0x080057dc   0x00000002   Code   RO         4467    i.HAL_TIMEx_BreakCallback  stm32f4xx_hal_tim_ex.o
    0x080057de   0x080057de   0x00000002   Code   RO         4468    i.HAL_TIMEx_CommutCallback  stm32f4xx_hal_tim_ex.o
    0x080057e0   0x080057e0   0x000000b4   Code   RO         4486    i.HAL_TIMEx_MasterConfigSynchronization  stm32f4xx_hal_tim_ex.o
    0x08005894   0x08005894   0x00000066   Code   RO         3752    i.HAL_TIM_Base_Init  stm32f4xx_hal_tim.o
    0x080058fa   0x080058fa   0x00000002   PAD
    0x080058fc   0x080058fc   0x00000078   Code   RO          575    i.HAL_TIM_Base_MspInit  tim.o
    0x08005974   0x08005974   0x000000a8   Code   RO         3757    i.HAL_TIM_Base_Start_IT  stm32f4xx_hal_tim.o
    0x08005a1c   0x08005a1c   0x0000010c   Code   RO         3761    i.HAL_TIM_ConfigClockSource  stm32f4xx_hal_tim.o
    0x08005b28   0x08005b28   0x00000002   Code   RO         3786    i.HAL_TIM_IC_CaptureCallback  stm32f4xx_hal_tim.o
    0x08005b2a   0x08005b2a   0x0000016c   Code   RO         3800    i.HAL_TIM_IRQHandler  stm32f4xx_hal_tim.o
    0x08005c96   0x08005c96   0x00000002   PAD
    0x08005c98   0x08005c98   0x00000060   Code   RO          576    i.HAL_TIM_MspPostInit  tim.o
    0x08005cf8   0x08005cf8   0x00000002   Code   RO         3803    i.HAL_TIM_OC_DelayElapsedCallback  stm32f4xx_hal_tim.o
    0x08005cfa   0x08005cfa   0x00000104   Code   RO         3824    i.HAL_TIM_PWM_ConfigChannel  stm32f4xx_hal_tim.o
    0x08005dfe   0x08005dfe   0x00000066   Code   RO         3827    i.HAL_TIM_PWM_Init  stm32f4xx_hal_tim.o
    0x08005e64   0x08005e64   0x00000002   Code   RO         3829    i.HAL_TIM_PWM_MspInit  stm32f4xx_hal_tim.o
    0x08005e66   0x08005e66   0x00000002   Code   RO         3830    i.HAL_TIM_PWM_PulseFinishedCallback  stm32f4xx_hal_tim.o
    0x08005e68   0x08005e68   0x00000012   Code   RO           15    i.HAL_TIM_PeriodElapsedCallback  main.o
    0x08005e7a   0x08005e7a   0x00000002   Code   RO         3843    i.HAL_TIM_TriggerCallback  stm32f4xx_hal_tim.o
    0x08005e7c   0x08005e7c   0x00000002   Code   RO         4746    i.HAL_UARTEx_RxEventCallback  stm32f4xx_hal_uart.o
    0x08005e7e   0x08005e7e   0x0000008a   Code   RO         4758    i.HAL_UART_DMAStop  stm32f4xx_hal_uart.o
    0x08005f08   0x08005f08   0x00000002   Code   RO         4760    i.HAL_UART_ErrorCallback  stm32f4xx_hal_uart.o
    0x08005f0a   0x08005f0a   0x00000002   PAD
    0x08005f0c   0x08005f0c   0x000002e8   Code   RO         4763    i.HAL_UART_IRQHandler  stm32f4xx_hal_uart.o
    0x080061f4   0x080061f4   0x00000076   Code   RO         4764    i.HAL_UART_Init     stm32f4xx_hal_uart.o
    0x0800626a   0x0800626a   0x00000002   PAD
    0x0800626c   0x0800626c   0x00000354   Code   RO          629    i.HAL_UART_MspInit  usart.o
    0x080065c0   0x080065c0   0x0000002c   Code   RO         4768    i.HAL_UART_Receive_DMA  stm32f4xx_hal_uart.o
    0x080065ec   0x080065ec   0x00000002   Code   RO         4770    i.HAL_UART_RxCpltCallback  stm32f4xx_hal_uart.o
    0x080065ee   0x080065ee   0x00000002   Code   RO         4771    i.HAL_UART_RxHalfCpltCallback  stm32f4xx_hal_uart.o
    0x080065f0   0x080065f0   0x00000002   Code   RO         4775    i.HAL_UART_TxCpltCallback  stm32f4xx_hal_uart.o
    0x080065f2   0x080065f2   0x00000004   Code   RO          696    i.HardFault_Handler  stm32f4xx_it.o
    0x080065f6   0x080065f6   0x0000003e   Code   RO         2988    i.I2C_IsAcknowledgeFailed  stm32f4xx_hal_i2c.o
    0x08006634   0x08006634   0x00000160   Code   RO         2999    i.I2C_RequestMemoryRead  stm32f4xx_hal_i2c.o
    0x08006794   0x08006794   0x000000e0   Code   RO         3000    i.I2C_RequestMemoryWrite  stm32f4xx_hal_i2c.o
    0x08006874   0x08006874   0x00000066   Code   RO         3008    i.I2C_WaitOnBTFFlagUntilTimeout  stm32f4xx_hal_i2c.o
    0x080068da   0x080068da   0x000000be   Code   RO         3009    i.I2C_WaitOnFlagUntilTimeout  stm32f4xx_hal_i2c.o
    0x08006998   0x08006998   0x000000fa   Code   RO         3010    i.I2C_WaitOnMasterAddressFlagUntilTimeout  stm32f4xx_hal_i2c.o
    0x08006a92   0x08006a92   0x0000008a   Code   RO         3011    i.I2C_WaitOnRXNEFlagUntilTimeout  stm32f4xx_hal_i2c.o
    0x08006b1c   0x08006b1c   0x00000066   Code   RO         3014    i.I2C_WaitOnTXEFlagUntilTimeout  stm32f4xx_hal_i2c.o
    0x08006b82   0x08006b82   0x00000002   PAD
    0x08006b84   0x08006b84   0x0000051c   Code   RO         7227    i.IMUFun            imu_task.o
    0x080070a0   0x080070a0   0x00000880   Code   RO         7228    i.IMU_IRQHandler    imu_task.o
    0x08007920   0x08007920   0x0000003e   Code   RO         8104    i.IntToUnicode      usbd_desc.o
    0x0800795e   0x0800795e   0x00000002   PAD
    0x08007960   0x08007960   0x000002e4   Code   RO         5581    i.Judge_Read_Data   judge.o
    0x08007c44   0x08007c44   0x00000114   Code   RO         5146    i.MIT_CtrlMotor     bsp_can.o
    0x08007d58   0x08007d58   0x00000044   Code   RO          419    i.MX_CAN1_Init      can.o
    0x08007d9c   0x08007d9c   0x00000044   Code   RO          420    i.MX_CAN2_Init      can.o
    0x08007de0   0x08007de0   0x000000b8   Code   RO          466    i.MX_DMA_Init       dma.o
    0x08007e98   0x08007e98   0x00000098   Code   RO          346    i.MX_FREERTOS_Init  freertos.o
    0x08007f30   0x08007f30   0x000001d8   Code   RO          315    i.MX_GPIO_Init      gpio.o
    0x08008108   0x08008108   0x0000003c   Code   RO          492    i.MX_I2C3_Init      i2c.o
    0x08008144   0x08008144   0x00000048   Code   RO          534    i.MX_SPI1_Init      spi.o
    0x0800818c   0x0800818c   0x0000006c   Code   RO          577    i.MX_TIM10_Init     tim.o
    0x080081f8   0x080081f8   0x00000070   Code   RO          578    i.MX_TIM3_Init      tim.o
    0x08008268   0x08008268   0x0000003c   Code   RO          630    i.MX_USART1_UART_Init  usart.o
    0x080082a4   0x080082a4   0x0000003c   Code   RO          631    i.MX_USART3_UART_Init  usart.o
    0x080082e0   0x080082e0   0x00000038   Code   RO          632    i.MX_USART6_UART_Init  usart.o
    0x08008318   0x08008318   0x00000054   Code   RO         8072    i.MX_USB_DEVICE_Init  usb_device.o
    0x0800836c   0x0800836c   0x000002fc   Code   RO         8039    i.MahonyAHRSupdateIMU  mahonyahrs.o
    0x08008668   0x08008668   0x00000004   Code   RO          697    i.MemManage_Handler  stm32f4xx_it.o
    0x0800866c   0x0800866c   0x00000048   Code   RO         5147    i.Motor_enable      bsp_can.o
    0x080086b4   0x080086b4   0x00000004   Code   RO          698    i.NMI_Handler       stm32f4xx_it.o
    0x080086b8   0x080086b8   0x00000010   Code   RO          699    i.OTG_FS_IRQHandler  stm32f4xx_it.o
    0x080086c8   0x080086c8   0x00000064   Code   RO          950    i.PCD_EP_OutSetupPacket_int  stm32f4xx_hal_pcd.o
    0x0800872c   0x0800872c   0x00000144   Code   RO          951    i.PCD_EP_OutXfrComplete_int  stm32f4xx_hal_pcd.o
    0x08008870   0x08008870   0x000000b6   Code   RO          952    i.PCD_WriteEmptyTxFifo  stm32f4xx_hal_pcd.o
    0x08008926   0x08008926   0x00000002   PAD
    0x08008928   0x08008928   0x000001f0   Code   RO         8002    i.PID_calc          pidimu.o
    0x08008b18   0x08008b18   0x00000060   Code   RO         8004    i.PID_init          pidimu.o
    0x08008b78   0x08008b78   0x00000188   Code   RO         7359    i.RemoteControlChassis  chassis_task.o
    0x08008d00   0x08008d00   0x00000074   Code   RO         7464    i.RemoteControlGimbal  gimbal_task.o
    0x08008d74   0x08008d74   0x00000078   Code   RO         7563    i.RemoteControlShoot  shoot_task.o
    0x08008dec   0x08008dec   0x0000273c   Code   RO         5415    i.SPI1_DMA_enable   bsp_spi.o
    0x0800b528   0x0800b528   0x00000180   Code   RO         5416    i.SPI1_DMA_init     bsp_spi.o
    0x0800b6a8   0x0800b6a8   0x00000088   Code   RO         3477    i.SPI_EndRxTxTransaction  stm32f4xx_hal_spi.o
    0x0800b730   0x0800b730   0x000000d8   Code   RO         3482    i.SPI_WaitFlagStateUntilTimeout  stm32f4xx_hal_spi.o
    0x0800b808   0x0800b808   0x000000b0   Code   RO         7564    i.ShootFun          shoot_task.o
    0x0800b8b8   0x0800b8b8   0x0000008c   Code   RO         7565    i.Shoot_InitArgument  shoot_task.o
    0x0800b944   0x0800b944   0x0000008c   Code   RO         7566    i.Shoot_Key_Ctrl    shoot_task.o
    0x0800b9d0   0x0800b9d0   0x0000007c   Code   RO         7567    i.Shoot_Mode_Choose  shoot_task.o
    0x0800ba4c   0x0800ba4c   0x000000e0   Code   RO         7568    i.Shoot_Single_Loop_Out  shoot_task.o
    0x0800bb2c   0x0800bb2c   0x0000002c   Code   RO         7107    i.SysTick_Handler   port.o
    0x0800bb58   0x0800bb58   0x000000b4   Code   RO           16    i.SystemClock_Config  main.o
    0x0800bc0c   0x0800bc0c   0x00000014   Code   RO         5108    i.SystemInit        system_stm32f4xx.o
    0x0800bc20   0x0800bc20   0x00000010   Code   RO          700    i.TIM2_IRQHandler   stm32f4xx_it.o
    0x0800bc30   0x0800bc30   0x00000010   Code   RO          701    i.TIM3_IRQHandler   stm32f4xx_it.o
    0x0800bc40   0x0800bc40   0x000000e8   Code   RO         3845    i.TIM_Base_SetConfig  stm32f4xx_hal_tim.o
    0x0800bd28   0x0800bd28   0x00000016   Code   RO         3856    i.TIM_ETR_SetConfig  stm32f4xx_hal_tim.o
    0x0800bd3e   0x0800bd3e   0x00000012   Code   RO         3857    i.TIM_ITRx_SetConfig  stm32f4xx_hal_tim.o
    0x0800bd50   0x0800bd50   0x00000070   Code   RO         3858    i.TIM_OC1_SetConfig  stm32f4xx_hal_tim.o
    0x0800bdc0   0x0800bdc0   0x0000007c   Code   RO         3859    i.TIM_OC2_SetConfig  stm32f4xx_hal_tim.o
    0x0800be3c   0x0800be3c   0x00000078   Code   RO         3860    i.TIM_OC3_SetConfig  stm32f4xx_hal_tim.o
    0x0800beb4   0x0800beb4   0x00000054   Code   RO         3861    i.TIM_OC4_SetConfig  stm32f4xx_hal_tim.o
    0x0800bf08   0x0800bf08   0x00000026   Code   RO         3863    i.TIM_TI1_ConfigInputStage  stm32f4xx_hal_tim.o
    0x0800bf2e   0x0800bf2e   0x00000028   Code   RO         3865    i.TIM_TI2_ConfigInputStage  stm32f4xx_hal_tim.o
    0x0800bf56   0x0800bf56   0x00000014   Code   RO         4777    i.UART_DMAAbortOnError  stm32f4xx_hal_uart.o
    0x0800bf6a   0x0800bf6a   0x00000050   Code   RO         4778    i.UART_DMAError     stm32f4xx_hal_uart.o
    0x0800bfba   0x0800bfba   0x000000b4   Code   RO         4779    i.UART_DMAReceiveCplt  stm32f4xx_hal_uart.o
    0x0800c06e   0x0800c06e   0x00000024   Code   RO         4781    i.UART_DMARxHalfCplt  stm32f4xx_hal_uart.o
    0x0800c092   0x0800c092   0x0000006c   Code   RO         4787    i.UART_EndRxTransfer  stm32f4xx_hal_uart.o
    0x0800c0fe   0x0800c0fe   0x00000020   Code   RO         4788    i.UART_EndTransmit_IT  stm32f4xx_hal_uart.o
    0x0800c11e   0x0800c11e   0x00000026   Code   RO         4789    i.UART_EndTxTransfer  stm32f4xx_hal_uart.o
    0x0800c144   0x0800c144   0x000000fc   Code   RO         4790    i.UART_Receive_IT   stm32f4xx_hal_uart.o
    0x0800c240   0x0800c240   0x0000022c   Code   RO         4791    i.UART_SetConfig    stm32f4xx_hal_uart.o
    0x0800c46c   0x0800c46c   0x000000c8   Code   RO         4792    i.UART_Start_Receive_DMA  stm32f4xx_hal_uart.o
    0x0800c534   0x0800c534   0x00000060   Code   RO         4794    i.UART_Transmit_IT  stm32f4xx_hal_uart.o
    0x0800c594   0x0800c594   0x00000010   Code   RO          702    i.USART1_IRQHandler  stm32f4xx_it.o
    0x0800c5a4   0x0800c5a4   0x00000014   Code   RO          703    i.USART3_IRQHandler  stm32f4xx_it.o
    0x0800c5b8   0x0800c5b8   0x00000010   Code   RO          704    i.USART6_IRQHandler  stm32f4xx_it.o
    0x0800c5c8   0x0800c5c8   0x00000078   Code   RO         8778    i.USBD_CDC_DataIn   usbd_cdc.o
    0x0800c640   0x0800c640   0x0000003e   Code   RO         8779    i.USBD_CDC_DataOut  usbd_cdc.o
    0x0800c67e   0x0800c67e   0x00000002   PAD
    0x0800c680   0x0800c680   0x00000094   Code   RO         8780    i.USBD_CDC_DeInit   usbd_cdc.o
    0x0800c714   0x0800c714   0x00000038   Code   RO         8781    i.USBD_CDC_EP0_RxReady  usbd_cdc.o
    0x0800c74c   0x0800c74c   0x0000000c   Code   RO         8782    i.USBD_CDC_GetDeviceQualifierDescriptor  usbd_cdc.o
    0x0800c758   0x0800c758   0x0000003c   Code   RO         8783    i.USBD_CDC_GetFSCfgDesc  usbd_cdc.o
    0x0800c794   0x0800c794   0x00000040   Code   RO         8784    i.USBD_CDC_GetHSCfgDesc  usbd_cdc.o
    0x0800c7d4   0x0800c7d4   0x0000003c   Code   RO         8785    i.USBD_CDC_GetOtherSpeedCfgDesc  usbd_cdc.o
    0x0800c810   0x0800c810   0x00000160   Code   RO         8786    i.USBD_CDC_Init     usbd_cdc.o
    0x0800c970   0x0800c970   0x00000048   Code   RO         8787    i.USBD_CDC_ReceivePacket  usbd_cdc.o
    0x0800c9b8   0x0800c9b8   0x00000018   Code   RO         8788    i.USBD_CDC_RegisterInterface  usbd_cdc.o
    0x0800c9d0   0x0800c9d0   0x0000001c   Code   RO         8789    i.USBD_CDC_SetRxBuffer  usbd_cdc.o
    0x0800c9ec   0x0800c9ec   0x00000020   Code   RO         8790    i.USBD_CDC_SetTxBuffer  usbd_cdc.o
    0x0800ca0c   0x0800ca0c   0x00000110   Code   RO         8791    i.USBD_CDC_Setup    usbd_cdc.o
    0x0800cb1c   0x0800cb1c   0x00000054   Code   RO         8792    i.USBD_CDC_TransmitPacket  usbd_cdc.o
    0x0800cb70   0x0800cb70   0x00000014   Code   RO         8458    i.USBD_ClrClassConfig  usbd_core.o
    0x0800cb84   0x0800cb84   0x00000026   Code   RO         8620    i.USBD_ClrFeature   usbd_ctlreq.o
    0x0800cbaa   0x0800cbaa   0x00000004   Code   RO         8459    i.USBD_CoreFindEP   usbd_core.o
    0x0800cbae   0x0800cbae   0x00000004   Code   RO         8460    i.USBD_CoreFindIF   usbd_core.o
    0x0800cbb2   0x0800cbb2   0x00000010   Code   RO         8718    i.USBD_CtlContinueRx  usbd_ioreq.o
    0x0800cbc2   0x0800cbc2   0x00000010   Code   RO         8719    i.USBD_CtlContinueSendData  usbd_ioreq.o
    0x0800cbd2   0x0800cbd2   0x00000018   Code   RO         8621    i.USBD_CtlError     usbd_ctlreq.o
    0x0800cbea   0x0800cbea   0x0000001e   Code   RO         8720    i.USBD_CtlPrepareRx  usbd_ioreq.o
    0x0800cc08   0x0800cc08   0x00000016   Code   RO         8721    i.USBD_CtlReceiveStatus  usbd_ioreq.o
    0x0800cc1e   0x0800cc1e   0x0000001a   Code   RO         8722    i.USBD_CtlSendData  usbd_ioreq.o
    0x0800cc38   0x0800cc38   0x00000016   Code   RO         8723    i.USBD_CtlSendStatus  usbd_ioreq.o
    0x0800cc4e   0x0800cc4e   0x00000002   PAD
    0x0800cc50   0x0800cc50   0x00000030   Code   RO         8105    i.USBD_FS_ConfigStrDescriptor  usbd_desc.o
    0x0800cc80   0x0800cc80   0x0000000c   Code   RO         8106    i.USBD_FS_DeviceDescriptor  usbd_desc.o
    0x0800cc8c   0x0800cc8c   0x00000034   Code   RO         8107    i.USBD_FS_InterfaceStrDescriptor  usbd_desc.o
    0x0800ccc0   0x0800ccc0   0x0000000c   Code   RO         8108    i.USBD_FS_LangIDStrDescriptor  usbd_desc.o
    0x0800cccc   0x0800cccc   0x00000028   Code   RO         8109    i.USBD_FS_ManufacturerStrDescriptor  usbd_desc.o
    0x0800ccf4   0x0800ccf4   0x0000003c   Code   RO         8110    i.USBD_FS_ProductStrDescriptor  usbd_desc.o
    0x0800cd30   0x0800cd30   0x00000014   Code   RO         8111    i.USBD_FS_SerialStrDescriptor  usbd_desc.o
    0x0800cd44   0x0800cd44   0x00000034   Code   RO         8622    i.USBD_GetConfig    usbd_ctlreq.o
    0x0800cd78   0x0800cd78   0x000001b4   Code   RO         8623    i.USBD_GetDescriptor  usbd_ctlreq.o
    0x0800cf2c   0x0800cf2c   0x0000003c   Code   RO         8462    i.USBD_GetEpDesc    usbd_core.o
    0x0800cf68   0x0800cf68   0x00000018   Code   RO         8624    i.USBD_GetLen       usbd_ctlreq.o
    0x0800cf80   0x0800cf80   0x0000000e   Code   RO         8463    i.USBD_GetNextDesc  usbd_core.o
    0x0800cf8e   0x0800cf8e   0x00000036   Code   RO         8625    i.USBD_GetStatus    usbd_ctlreq.o
    0x0800cfc4   0x0800cfc4   0x00000044   Code   RO         8626    i.USBD_GetString    usbd_ctlreq.o
    0x0800d008   0x0800d008   0x00000024   Code   RO         8264    i.USBD_Get_USB_Status  usbd_conf.o
    0x0800d02c   0x0800d02c   0x00000028   Code   RO         8464    i.USBD_Init         usbd_core.o
    0x0800d054   0x0800d054   0x00000012   Code   RO         8265    i.USBD_LL_ClearStallEP  usbd_conf.o
    0x0800d066   0x0800d066   0x00000012   Code   RO         8266    i.USBD_LL_CloseEP   usbd_conf.o
    0x0800d078   0x0800d078   0x000000dc   Code   RO         8465    i.USBD_LL_DataInStage  usbd_core.o
    0x0800d154   0x0800d154   0x000000d0   Code   RO         8466    i.USBD_LL_DataOutStage  usbd_core.o
    0x0800d224   0x0800d224   0x00000004   Code   RO         8467    i.USBD_LL_DevConnected  usbd_core.o
    0x0800d228   0x0800d228   0x00000020   Code   RO         8468    i.USBD_LL_DevDisconnected  usbd_core.o
    0x0800d248   0x0800d248   0x00000008   Code   RO         8270    i.USBD_LL_GetRxDataSize  usbd_conf.o
    0x0800d250   0x0800d250   0x00000060   Code   RO         8271    i.USBD_LL_Init      usbd_conf.o
    0x0800d2b0   0x0800d2b0   0x00000020   Code   RO         8272    i.USBD_LL_IsStallEP  usbd_conf.o
    0x0800d2d0   0x0800d2d0   0x0000002a   Code   RO         8469    i.USBD_LL_IsoINIncomplete  usbd_core.o
    0x0800d2fa   0x0800d2fa   0x0000002a   Code   RO         8470    i.USBD_LL_IsoOUTIncomplete  usbd_core.o
    0x0800d324   0x0800d324   0x00000018   Code   RO         8273    i.USBD_LL_OpenEP    usbd_conf.o
    0x0800d33c   0x0800d33c   0x00000012   Code   RO         8274    i.USBD_LL_PrepareReceive  usbd_conf.o
    0x0800d34e   0x0800d34e   0x00000060   Code   RO         8471    i.USBD_LL_Reset     usbd_core.o
    0x0800d3ae   0x0800d3ae   0x00000014   Code   RO         8472    i.USBD_LL_Resume    usbd_core.o
    0x0800d3c2   0x0800d3c2   0x0000001a   Code   RO         8473    i.USBD_LL_SOF       usbd_core.o
    0x0800d3dc   0x0800d3dc   0x00000006   Code   RO         8474    i.USBD_LL_SetSpeed  usbd_core.o
    0x0800d3e2   0x0800d3e2   0x00000012   Code   RO         8275    i.USBD_LL_SetUSBAddress  usbd_conf.o
    0x0800d3f4   0x0800d3f4   0x00000064   Code   RO         8475    i.USBD_LL_SetupStage  usbd_core.o
    0x0800d458   0x0800d458   0x00000012   Code   RO         8276    i.USBD_LL_StallEP   usbd_conf.o
    0x0800d46a   0x0800d46a   0x00000012   Code   RO         8277    i.USBD_LL_Start     usbd_conf.o
    0x0800d47c   0x0800d47c   0x0000001a   Code   RO         8476    i.USBD_LL_Suspend   usbd_core.o
    0x0800d496   0x0800d496   0x00000012   Code   RO         8279    i.USBD_LL_Transmit  usbd_conf.o
    0x0800d4a8   0x0800d4a8   0x00000032   Code   RO         8627    i.USBD_ParseSetupRequest  usbd_ctlreq.o
    0x0800d4da   0x0800d4da   0x0000003a   Code   RO         8477    i.USBD_RegisterClass  usbd_core.o
    0x0800d514   0x0800d514   0x00000004   Code   RO         8478    i.USBD_RunTestMode  usbd_core.o
    0x0800d518   0x0800d518   0x00000058   Code   RO         8628    i.USBD_SetAddress   usbd_ctlreq.o
    0x0800d570   0x0800d570   0x00000014   Code   RO         8479    i.USBD_SetClassConfig  usbd_core.o
    0x0800d584   0x0800d584   0x000000dc   Code   RO         8629    i.USBD_SetConfig    usbd_ctlreq.o
    0x0800d660   0x0800d660   0x00000024   Code   RO         8630    i.USBD_SetFeature   usbd_ctlreq.o
    0x0800d684   0x0800d684   0x00000004   Code   RO         8480    i.USBD_Start        usbd_core.o
    0x0800d688   0x0800d688   0x00000076   Code   RO         8631    i.USBD_StdDevReq    usbd_ctlreq.o
    0x0800d6fe   0x0800d6fe   0x0000022e   Code   RO         8632    i.USBD_StdEPReq     usbd_ctlreq.o
    0x0800d92c   0x0800d92c   0x0000008e   Code   RO         8633    i.USBD_StdItfReq    usbd_ctlreq.o
    0x0800d9ba   0x0800d9ba   0x00000002   Code   RO         8280    i.USBD_static_free  usbd_conf.o
    0x0800d9bc   0x0800d9bc   0x00000008   Code   RO         8281    i.USBD_static_malloc  usbd_conf.o
    0x0800d9c4   0x0800d9c4   0x000000d0   Code   RO         1201    i.USB_ActivateEndpoint  stm32f4xx_ll_usb.o
    0x0800da94   0x0800da94   0x00000028   Code   RO         1203    i.USB_ActivateSetup  stm32f4xx_ll_usb.o
    0x0800dabc   0x0800dabc   0x0000008c   Code   RO         1205    i.USB_CoreInit      stm32f4xx_ll_usb.o
    0x0800db48   0x0800db48   0x00000054   Code   RO         1206    i.USB_CoreReset     stm32f4xx_ll_usb.o
    0x0800db9c   0x0800db9c   0x0000014c   Code   RO         1209    i.USB_DeactivateEndpoint  stm32f4xx_ll_usb.o
    0x0800dce8   0x0800dce8   0x00000024   Code   RO         1210    i.USB_DevConnect    stm32f4xx_ll_usb.o
    0x0800dd0c   0x0800dd0c   0x00000024   Code   RO         1211    i.USB_DevDisconnect  stm32f4xx_ll_usb.o
    0x0800dd30   0x0800dd30   0x000001e8   Code   RO         1212    i.USB_DevInit       stm32f4xx_ll_usb.o
    0x0800df18   0x0800df18   0x0000000e   Code   RO         1213    i.USB_DisableGlobalInt  stm32f4xx_ll_usb.o
    0x0800df26   0x0800df26   0x00000002   PAD
    0x0800df28   0x0800df28   0x00000070   Code   RO         1216    i.USB_EP0_OutStart  stm32f4xx_ll_usb.o
    0x0800df98   0x0800df98   0x0000008e   Code   RO         1217    i.USB_EPClearStall  stm32f4xx_ll_usb.o
    0x0800e026   0x0800e026   0x0000009a   Code   RO         1218    i.USB_EPSetStall    stm32f4xx_ll_usb.o
    0x0800e0c0   0x0800e0c0   0x000003b4   Code   RO         1219    i.USB_EPStartXfer   stm32f4xx_ll_usb.o
    0x0800e474   0x0800e474   0x000000ec   Code   RO         1220    i.USB_EPStopXfer    stm32f4xx_ll_usb.o
    0x0800e560   0x0800e560   0x0000000e   Code   RO         1221    i.USB_EnableGlobalInt  stm32f4xx_ll_usb.o
    0x0800e56e   0x0800e56e   0x00000050   Code   RO         1222    i.USB_FlushRxFifo   stm32f4xx_ll_usb.o
    0x0800e5be   0x0800e5be   0x00000054   Code   RO         1223    i.USB_FlushTxFifo   stm32f4xx_ll_usb.o
    0x0800e612   0x0800e612   0x00000026   Code   RO         1225    i.USB_GetDevSpeed   stm32f4xx_ll_usb.o
    0x0800e638   0x0800e638   0x0000000a   Code   RO         1227    i.USB_GetMode       stm32f4xx_ll_usb.o
    0x0800e642   0x0800e642   0x00000014   Code   RO         1235    i.USB_ReadDevAllInEpInterrupt  stm32f4xx_ll_usb.o
    0x0800e656   0x0800e656   0x00000014   Code   RO         1236    i.USB_ReadDevAllOutEpInterrupt  stm32f4xx_ll_usb.o
    0x0800e66a   0x0800e66a   0x00000032   Code   RO         1237    i.USB_ReadDevInEPInterrupt  stm32f4xx_ll_usb.o
    0x0800e69c   0x0800e69c   0x0000001a   Code   RO         1238    i.USB_ReadDevOutEPInterrupt  stm32f4xx_ll_usb.o
    0x0800e6b6   0x0800e6b6   0x0000000a   Code   RO         1239    i.USB_ReadInterrupts  stm32f4xx_ll_usb.o
    0x0800e6c0   0x0800e6c0   0x00000060   Code   RO         1240    i.USB_ReadPacket    stm32f4xx_ll_usb.o
    0x0800e720   0x0800e720   0x00000068   Code   RO         1242    i.USB_SetCurrentMode  stm32f4xx_ll_usb.o
    0x0800e788   0x0800e788   0x0000002a   Code   RO         1243    i.USB_SetDevAddress  stm32f4xx_ll_usb.o
    0x0800e7b2   0x0800e7b2   0x00000012   Code   RO         1244    i.USB_SetDevSpeed   stm32f4xx_ll_usb.o
    0x0800e7c4   0x0800e7c4   0x000000e8   Code   RO         1245    i.USB_SetTurnaroundTime  stm32f4xx_ll_usb.o
    0x0800e8ac   0x0800e8ac   0x00000044   Code   RO         1248    i.USB_WritePacket   stm32f4xx_ll_usb.o
    0x0800e8f0   0x0800e8f0   0x00000004   Code   RO          705    i.UsageFault_Handler  stm32f4xx_it.o
    0x0800e8f4   0x0800e8f4   0x00000040   Code   RO         5508    i.Verify_CRC16_Check_Sum  crc.o
    0x0800e934   0x0800e934   0x0000002e   Code   RO         5509    i.Verify_CRC8_Check_Sum  crc.o
    0x0800e962   0x0800e962   0x00000026   Code   RO         9082    i.__ARM_fpclassifyf  m_wm.l(fpclassifyf.o)
    0x0800e988   0x0800e988   0x0000000e   Code   RO         5260    i.__ARM_isnanf      pid.o
    0x0800e996   0x0800e996   0x00000002   PAD
    0x0800e998   0x0800e998   0x00000010   Code   RO         2314    i.__NVIC_GetPriorityGrouping  stm32f4xx_hal_cortex.o
    0x0800e9a8   0x0800e9a8   0x00000028   Code   RO         2315    i.__NVIC_SetPriority  stm32f4xx_hal_cortex.o
    0x0800e9d0   0x0800e9d0   0x0000012c   Code   RO         8956    i.__hardfp_asinf    m_wm.l(asinf.o)
    0x0800eafc   0x0800eafc   0x00000250   Code   RO         8968    i.__hardfp_atan2f   m_wm.l(atan2f.o)
    0x0800ed4c   0x0800ed4c   0x00000150   Code   RO         8992    i.__hardfp_cosf     m_wm.l(cosf.o)
    0x0800ee9c   0x0800ee9c   0x00000014   Code   RO         9004    i.__hardfp_fabs     m_wm.l(fabs.o)
    0x0800eeb0   0x0800eeb0   0x00000006   Code   RO         9085    i.__mathlib_flt_infnan  m_wm.l(funder.o)
    0x0800eeb6   0x0800eeb6   0x00000006   Code   RO         9086    i.__mathlib_flt_infnan2  m_wm.l(funder.o)
    0x0800eebc   0x0800eebc   0x00000010   Code   RO         9087    i.__mathlib_flt_invalid  m_wm.l(funder.o)
    0x0800eecc   0x0800eecc   0x00000010   Code   RO         9090    i.__mathlib_flt_underflow  m_wm.l(funder.o)
    0x0800eedc   0x0800eedc   0x00000154   Code   RO         9103    i.__mathlib_rredf2  m_wm.l(rredf.o)
    0x0800f030   0x0800f030   0x0000013c   Code   RO         7641    i.bmi088_accel_init  bmi088driver.o
    0x0800f16c   0x0800f16c   0x0000030c   Code   RO         7642    i.bmi088_accel_self_test  bmi088driver.o
    0x0800f478   0x0800f478   0x000000fc   Code   RO         7643    i.bmi088_gyro_init  bmi088driver.o
    0x0800f574   0x0800f574   0x000000d0   Code   RO         7644    i.bmi088_gyro_self_test  bmi088driver.o
    0x0800f644   0x0800f644   0x00000040   Code   RO         5318    i.dbus_uart_init    dbus.o
    0x0800f684   0x0800f684   0x00000032   Code   RO         5148    i.float_to_uint     bsp_can.o
    0x0800f6b6   0x0800f6b6   0x00000002   PAD
    0x0800f6b8   0x0800f6b8   0x00000074   Code   RO         5149    i.get_4310moto_measure  bsp_can.o
    0x0800f72c   0x0800f72c   0x000000dc   Code   RO         7231    i.get_angle         imu_task.o
    0x0800f808   0x0800f808   0x0000004a   Code   RO         5150    i.get_moto_measure  bsp_can.o
    0x0800f852   0x0800f852   0x00000060   Code   RO         5152    i.get_total_angle   bsp_can.o
    0x0800f8b2   0x0800f8b2   0x00000002   PAD
    0x0800f8b4   0x0800f8b4   0x00000118   Code   RO         7233    i.imu_cali_slove    imu_task.o
    0x0800f9cc   0x0800f9cc   0x00000168   Code   RO         7234    i.imu_cmd_spi_dma   imu_task.o
    0x0800fb34   0x0800fb34   0x0000000c   Code   RO         5387    i.imu_pwm_set       bsp_imu_pwm.o
    0x0800fb40   0x0800fb40   0x000000a4   Code   RO         7235    i.imu_temp_control  imu_task.o
    0x0800fbe4   0x0800fbe4   0x0000003c   Code   RO         8040    i.invSqrt           mahonyahrs.o
    0x0800fc20   0x0800fc20   0x00000002   Code   RO         7884    i.ist8310_GPIO_init  ist8310driver_middleware.o
    0x0800fc22   0x0800fc22   0x00000002   PAD
    0x0800fc24   0x0800fc24   0x00000028   Code   RO         7886    i.ist8310_IIC_read_single_reg  ist8310driver_middleware.o
    0x0800fc4c   0x0800fc4c   0x00000028   Code   RO         7888    i.ist8310_IIC_write_single_reg  ist8310driver_middleware.o
    0x0800fc74   0x0800fc74   0x00000014   Code   RO         7889    i.ist8310_RST_H     ist8310driver_middleware.o
    0x0800fc88   0x0800fc88   0x00000014   Code   RO         7890    i.ist8310_RST_L     ist8310driver_middleware.o
    0x0800fc9c   0x0800fc9c   0x00000002   Code   RO         7891    i.ist8310_com_init  ist8310driver_middleware.o
    0x0800fc9e   0x0800fc9e   0x0000000c   Code   RO         7892    i.ist8310_delay_ms  ist8310driver_middleware.o
    0x0800fcaa   0x0800fcaa   0x00000002   PAD
    0x0800fcac   0x0800fcac   0x00000094   Code   RO         7840    i.ist8310_init      ist8310driver.o
    0x0800fd40   0x0800fd40   0x0000008c   Code   RO         7186    i.led_task          led.o
    0x0800fdcc   0x0800fdcc   0x000000d4   Code   RO           17    i.main              main.o
    0x0800fea0   0x0800fea0   0x0000000c   Code   RO         6660    i.makeFreeRtosPriority  cmsis_os.o
    0x0800feac   0x0800feac   0x00000032   Code   RO         5153    i.my_can_filter_init_recv_all  bsp_can.o
    0x0800fede   0x0800fede   0x00000010   Code   RO         6662    i.osDelay           cmsis_os.o
    0x0800feee   0x0800feee   0x0000000a   Code   RO         6665    i.osKernelStart     cmsis_os.o
    0x0800fef8   0x0800fef8   0x0000005c   Code   RO         6699    i.osThreadCreate    cmsis_os.o
    0x0800ff54   0x0800ff54   0x00000024   Code   RO         6285    i.pcTaskGetName     tasks.o
    0x0800ff78   0x0800ff78   0x000003f8   Code   RO         5261    i.pid_caculate      pid.o
    0x08010370   0x08010370   0x000000f8   Code   RO         5262    i.pid_param_init    pid.o
    0x08010468   0x08010468   0x00000080   Code   RO         6286    i.prvAddCurrentTaskToDelayedList  tasks.o
    0x080104e8   0x080104e8   0x00000088   Code   RO         6287    i.prvAddNewTaskToReadyList  tasks.o
    0x08010570   0x08010570   0x00000040   Code   RO         6288    i.prvCheckTasksWaitingTermination  tasks.o
    0x080105b0   0x080105b0   0x00000040   Code   RO         6289    i.prvDeleteTCB      tasks.o
    0x080105f0   0x080105f0   0x00000050   Code   RO         7039    i.prvHeapInit       heap_4.o
    0x08010640   0x08010640   0x00000028   Code   RO         6290    i.prvIdleTask       tasks.o
    0x08010668   0x08010668   0x00000098   Code   RO         6291    i.prvInitialiseNewTask  tasks.o
    0x08010700   0x08010700   0x00000060   Code   RO         6292    i.prvInitialiseTaskLists  tasks.o
    0x08010760   0x08010760   0x0000005c   Code   RO         7040    i.prvInsertBlockIntoFreeList  heap_4.o
    0x080107bc   0x080107bc   0x00000024   Code   RO         6293    i.prvResetNextTaskUnblockTime  tasks.o
    0x080107e0   0x080107e0   0x0000006e   Code   RO         6294    i.prvSearchForNameWithinSingleList  tasks.o
    0x0801084e   0x0801084e   0x00000002   PAD
    0x08010850   0x08010850   0x00000030   Code   RO         7108    i.prvTaskExitError  port.o
    0x08010880   0x08010880   0x000000e8   Code   RO         7041    i.pvPortMalloc      heap_4.o
    0x08010968   0x08010968   0x0000002c   Code   RO         7109    i.pxPortInitialiseStack  port.o
    0x08010994   0x08010994   0x0000015e   Code   RO         5320    i.rc_callback_handler  dbus.o
    0x08010af2   0x08010af2   0x0000007e   Code   RO         5154    i.send_C_Board_current  bsp_can.o
    0x08010b70   0x08010b70   0x0000006e   Code   RO         5155    i.set_moto1234_current  bsp_can.o
    0x08010bde   0x08010bde   0x0000003e   Code   RO         9114    i.sqrtf             m_wm.l(sqrtf.o)
    0x08010c1c   0x08010c1c   0x00000066   Code   RO         5321    i.uart_receive_dma_no_it  dbus.o
    0x08010c82   0x08010c82   0x00000022   Code   RO         5322    i.uart_receive_handler  dbus.o
    0x08010ca4   0x08010ca4   0x000000a8   Code   RO         5323    i.uart_rx_idle_callback  dbus.o
    0x08010d4c   0x08010d4c   0x00000034   Code   RO         5158    i.uint_to_float     bsp_can.o
    0x08010d80   0x08010d80   0x00000068   Code   RO         6298    i.ulTaskNotifyTake  tasks.o
    0x08010de8   0x08010de8   0x00000026   Code   RO         5899    i.uxListRemove      list.o
    0x08010e0e   0x08010e0e   0x00000002   PAD
    0x08010e10   0x08010e10   0x00000018   Code   RO          349    i.vApplicationGetIdleTaskMemory  freertos.o
    0x08010e28   0x08010e28   0x00000016   Code   RO         5900    i.vListInitialise   list.o
    0x08010e3e   0x08010e3e   0x00000006   Code   RO         5901    i.vListInitialiseItem  list.o
    0x08010e44   0x08010e44   0x00000036   Code   RO         5902    i.vListInsert       list.o
    0x08010e7a   0x08010e7a   0x00000018   Code   RO         5903    i.vListInsertEnd    list.o
    0x08010e92   0x08010e92   0x00000002   PAD
    0x08010e94   0x08010e94   0x00000040   Code   RO         7111    i.vPortEnterCritical  port.o
    0x08010ed4   0x08010ed4   0x0000002c   Code   RO         7112    i.vPortExitCritical  port.o
    0x08010f00   0x08010f00   0x00000064   Code   RO         7042    i.vPortFree         heap_4.o
    0x08010f64   0x08010f64   0x00000024   Code   RO         7113    i.vPortSetupTimerInterrupt  port.o
    0x08010f88   0x08010f88   0x00000054   Code   RO         7114    i.vPortValidateInterruptPriority  port.o
    0x08010fdc   0x08010fdc   0x00000050   Code   RO         6306    i.vTaskDelay        tasks.o
    0x0801102c   0x0801102c   0x0000009c   Code   RO         6307    i.vTaskDelayUntil   tasks.o
    0x080110c8   0x080110c8   0x000000bc   Code   RO         6312    i.vTaskNotifyGiveFromISR  tasks.o
    0x08011184   0x08011184   0x00000088   Code   RO         6320    i.vTaskStartScheduler  tasks.o
    0x0801120c   0x0801120c   0x00000010   Code   RO         6322    i.vTaskSuspendAll   tasks.o
    0x0801121c   0x0801121c   0x00000060   Code   RO         6323    i.vTaskSwitchContext  tasks.o
    0x0801127c   0x0801127c   0x00000010   Code   RO         5449    i.vision_clear_R    vision.o
    0x0801128c   0x0801128c   0x00000034   Code   RO         5451    i.vision_read       vision.o
    0x080112c0   0x080112c0   0x0000005c   Code   RO         5452    i.vision_receive_test  vision.o
    0x0801131c   0x0801131c   0x000000cc   Code   RO         5453    i.vision_send       vision.o
    0x080113e8   0x080113e8   0x00000104   Code   RO         7115    i.xPortStartScheduler  port.o
    0x080114ec   0x080114ec   0x0000006c   Code   RO         6327    i.xTaskCreate       tasks.o
    0x08011558   0x08011558   0x00000060   Code   RO         6328    i.xTaskCreateStatic  tasks.o
    0x080115b8   0x080115b8   0x0000008c   Code   RO         6332    i.xTaskGetHandle    tasks.o
    0x08011644   0x08011644   0x0000001c   Code   RO         6333    i.xTaskGetSchedulerState  tasks.o
    0x08011660   0x08011660   0x0000000c   Code   RO         6334    i.xTaskGetTickCount  tasks.o
    0x0801166c   0x0801166c   0x000000d4   Code   RO         6336    i.xTaskIncrementTick  tasks.o
    0x08011740   0x08011740   0x000000cc   Code   RO         6342    i.xTaskResumeAll    tasks.o
    0x0801180c   0x0801180c   0x0000006c   Code   RO         7569    i.xiebo_1           shoot_task.o
    0x08011878   0x08011878   0x00000062   Code   RO         8936    x$fpl$d2f           fz_wm.l(d2f.o)
    0x080118da   0x080118da   0x00000002   PAD
    0x080118dc   0x080118dc   0x00000150   Code   RO         8938    x$fpl$dadd          fz_wm.l(daddsub_clz.o)
    0x08011a2c   0x08011a2c   0x00000018   Code   RO         9052    x$fpl$dcmpinf       fz_wm.l(dcmpi.o)
    0x08011a44   0x08011a44   0x000002b0   Code   RO         8945    x$fpl$ddiv          fz_wm.l(ddiv.o)
    0x08011cf4   0x08011cf4   0x00000078   Code   RO         8948    x$fpl$dleqf         fz_wm.l(dleqf.o)
    0x08011d6c   0x08011d6c   0x00000154   Code   RO         8950    x$fpl$dmul          fz_wm.l(dmul.o)
    0x08011ec0   0x08011ec0   0x0000009c   Code   RO         9054    x$fpl$dnaninf       fz_wm.l(dnaninf.o)
    0x08011f5c   0x08011f5c   0x0000000c   Code   RO         9056    x$fpl$dretinf       fz_wm.l(dretinf.o)
    0x08011f68   0x08011f68   0x0000006c   Code   RO         8952    x$fpl$drleqf        fz_wm.l(drleqf.o)
    0x08011fd4   0x08011fd4   0x000001d4   Code   RO         8940    x$fpl$dsub          fz_wm.l(daddsub_clz.o)
    0x080121a8   0x080121a8   0x00000056   Code   RO         8954    x$fpl$f2d           fz_wm.l(f2d.o)
    0x080121fe   0x080121fe   0x0000008c   Code   RO         9060    x$fpl$fnaninf       fz_wm.l(fnaninf.o)
    0x0801228a   0x0801228a   0x0000000a   Code   RO         9247    x$fpl$fpinit        fz_wm.l(fpinit.o)
    0x08012294   0x08012294   0x0000000a   Code   RO         9062    x$fpl$fretinf       fz_wm.l(fretinf.o)
    0x0801229e   0x0801229e   0x00000000   Code   RO         9064    x$fpl$usenofp       fz_wm.l(usenofp.o)
    0x0801229e   0x0801229e   0x00000002   PAD
    0x080122a0   0x080122a0   0x0000008c   Data   RO          351    .constdata          freertos.o
    0x0801232c   0x0801232c   0x00000008   Data   RO         2030    .constdata          stm32f4xx_hal_dma.o
    0x08012334   0x08012334   0x00000018   Data   RO         5109    .constdata          system_stm32f4xx.o
    0x0801234c   0x0801234c   0x00000302   Data   RO         5510    .constdata          crc.o
    0x0801264e   0x0801264e   0x00000002   PAD
    0x08012650   0x08012650   0x0000000c   Data   RO         7238    .constdata          imu_task.o
    0x0801265c   0x0801265c   0x00000012   Data   RO         7649    .constdata          bmi088driver.o
    0x0801266e   0x0801266e   0x0000000c   Data   RO         7843    .constdata          ist8310driver.o
    0x0801267a   0x0801267a   0x00000002   PAD
    0x0801267c   0x0801267c   0x00000020   Data   RO         9104    .constdata          m_wm.l(rredf.o)
    0x0801269c   0x0801269c   0x0000002e   Data   RO          352    .conststring        freertos.o
    0x080126ca   0x080126ca   0x00000002   PAD
    0x080126cc   0x080126cc   0x00000020   Data   RO         9303    Region$$Table       anon$$obj.o


    Execution Region RW_IRAM1 (Exec base: 0x20000000, Load base: 0x080126ec, Size: 0x00008cd8, Max: 0x0001c000, ABSOLUTE, COMPRESSED[0x0000017c])

    Exec Addr    Load Addr    Size         Type   Attr      Idx    E Section Name        Object

    0x20000000   COMPRESSED   0x00000012   Data   RW           18    .data               main.o
    0x20000012   COMPRESSED   0x00000002   PAD
    0x20000014   COMPRESSED   0x00000014   Data   RW          353    .data               freertos.o
    0x20000028   COMPRESSED   0x00000004   Data   RW          422    .data               can.o
    0x2000002c   COMPRESSED   0x00000009   Data   RW         2468    .data               stm32f4xx_hal.o
    0x20000035   COMPRESSED   0x00000003   PAD
    0x20000038   COMPRESSED   0x00000004   Data   RW         5110    .data               system_stm32f4xx.o
    0x2000003c   COMPRESSED   0x0000002a   Data   RW         5160    .data               bsp_can.o
    0x20000066   COMPRESSED   0x00000002   Data   RW         5455    .data               vision.o
    0x20000068   COMPRESSED   0x0000000a   Data   RW         5511    .data               crc.o
    0x20000072   COMPRESSED   0x00000011   Data   RW         5588    .data               judge.o
    0x20000083   COMPRESSED   0x00000001   PAD
    0x20000084   COMPRESSED   0x0000003c   Data   RW         6345    .data               tasks.o
    0x200000c0   COMPRESSED   0x00000020   Data   RW         7048    .data               heap_4.o
    0x200000e0   COMPRESSED   0x0000000c   Data   RW         7116    .data               port.o
    0x200000ec   COMPRESSED   0x00000008   Data   RW         7187    .data               led.o
    0x200000f4   COMPRESSED   0x000000c8   Data   RW         7239    .data               imu_task.o
    0x200001bc   COMPRESSED   0x00000004   PAD
    0x200001c0   COMPRESSED   0x00000098   Data   RW         7362    .data               chassis_task.o
    0x20000258   COMPRESSED   0x00000044   Data   RW         7466    .data               gimbal_task.o
    0x2000029c   COMPRESSED   0x00000024   Data   RW         7571    .data               shoot_task.o
    0x200002c0   COMPRESSED   0x0000002c   Data   RW         7650    .data               bmi088driver.o
    0x200002ec   COMPRESSED   0x00000014   Data   RW         8041    .data               mahonyahrs.o
    0x20000300   COMPRESSED   0x0000001c   Data   RW         8113    .data               usbd_desc.o
    0x2000031c   COMPRESSED   0x00000032   Data   RW         8114    .data               usbd_desc.o
    0x2000034e   COMPRESSED   0x00000002   PAD
    0x20000350   COMPRESSED   0x00000014   Data   RW         8201    .data               usbd_cdc_if.o
    0x20000364   COMPRESSED   0x00000001   Data   RW         8634    .data               usbd_ctlreq.o
    0x20000365   COMPRESSED   0x00000003   PAD
    0x20000368   COMPRESSED   0x00000053   Data   RW         8793    .data               usbd_cdc.o
    0x200003bb   COMPRESSED   0x00000001   PAD
    0x200003bc   COMPRESSED   0x00000038   Data   RW         8794    .data               usbd_cdc.o
    0x200003f4        -       0x00000254   Zero   RW          350    .bss                freertos.o
    0x20000648        -       0x00000050   Zero   RW          421    .bss                can.o
    0x20000698        -       0x00000054   Zero   RW          493    .bss                i2c.o
    0x200006ec        -       0x00000118   Zero   RW          535    .bss                spi.o
    0x20000804        -       0x00000090   Zero   RW          579    .bss                tim.o
    0x20000894        -       0x000002b8   Zero   RW          633    .bss                usart.o
    0x20000b4c        -       0x00000048   Zero   RW          879    .bss                stm32f4xx_hal_timebase_tim.o
    0x20000b94        -       0x00000724   Zero   RW         5159    .bss                bsp_can.o
    0x200012b8        -       0x00000028   Zero   RW         5324    .bss                dbus.o
    0x200012e0        -       0x00000120   Zero   RW         5454    .bss                vision.o
    0x20001400        -       0x00000dea   Zero   RW         5587    .bss                judge.o
    0x200021ea   COMPRESSED   0x00000002   PAD
    0x200021ec        -       0x000000f0   Zero   RW         6344    .bss                tasks.o
    0x200022dc        -       0x00003c00   Zero   RW         7047    .bss                heap_4.o
    0x20005edc        -       0x000001d8   Zero   RW         7237    .bss                imu_task.o
    0x200060b4        -       0x000003c4   Zero   RW         7361    .bss                chassis_task.o
    0x20006478        -       0x00000484   Zero   RW         7465    .bss                gimbal_task.o
    0x200068fc        -       0x00000198   Zero   RW         7570    .bss                shoot_task.o
    0x20006a94        -       0x000002dc   Zero   RW         8073    .bss                usb_device.o
    0x20006d70        -       0x00000200   Zero   RW         8112    .bss                usbd_desc.o
    0x20006f70        -       0x00001000   Zero   RW         8200    .bss                usbd_cdc_if.o
    0x20007f70        -       0x00000704   Zero   RW         8282    .bss                usbd_conf.o
    0x20008674        -       0x00000060   Zero   RW         9163    .bss                c_w.l(libspace.o)
    0x200086d4   COMPRESSED   0x00000004   PAD
    0x200086d8        -       0x00000200   Zero   RW            2    HEAP                startup_stm32f407xx.o
    0x200088d8        -       0x00000400   Zero   RW            1    STACK               startup_stm32f407xx.o


    Execution Region RW_IRAM2 (Exec base: 0x2001c000, Load base: 0x08012868, Size: 0x00000000, Max: 0x00004000, ABSOLUTE)

    **** No section assigned to this execution region ****


==============================================================================

Image component sizes


      Code (inc. data)   RO Data    RW Data    ZI Data      Debug   Object Name

      2370         40         18         44          0      10159   bmi088driver.o
       140         28          0          0          0       4540   bmi088middleware.o
      1330         74          0         42       1828       9537   bsp_can.o
        12          4          0          0          0        478   bsp_imu_pwm.o
     10428        170          0          0          0       5622   bsp_spi.o
       488         44          0          4         80       2418   can.o
      1736        214          0        152        964      10767   chassis_task.o
       130          0          0          0          0      22875   cmsis_os.o
       198         16        770         10          0       3549   crc.o
       718         28          0          0         40      36898   dbus.o
       184          6          0          0          0        846   dma.o
         0          0          0          0          0      16576   event_groups.o
       176         36        186         20        596       2316   freertos.o
      3134        492          0         68       1156      10571   gimbal_task.o
       472         24          0          0          0       5304   gpio.o
       504         32          0         32      15360       7547   heap_4.o
       260         30          0          0         84       1709   i2c.o
      4846        368         12        200        472      15588   imu_task.o
       148          6         12          0          0       1851   ist8310driver.o
       136         22          0          0          0       3775   ist8310driver_middleware.o
       740         36          0         17       3562      14946   judge.o
       140         20          0          8          0       1040   led.o
       144          0          0          0          0       3558   list.o
       824         38          0         20          0       2230   mahonyahrs.o
       542         34          0         18          0     767997   main.o
      1278         20          0          0          0      11732   pid.o
       592          8          0          0          0       2474   pidimu.o
       814         92          0         12          0      11945   port.o
      1032        140          0         36        408       5440   shoot_task.o
       416         38          0          0        280       1915   spi.o
        64         26        392          0       1536        840   startup_stm32f407xx.o
       136         24          0          9          0       8702   stm32f4xx_hal.o
      2202          6          0          0          0      15021   stm32f4xx_hal_can.o
       260         22          0          0          0      33530   stm32f4xx_hal_cortex.o
      1538         16          8          0          0       7882   stm32f4xx_hal_dma.o
       560         50          0          0          0       3372   stm32f4xx_hal_gpio.o
      3016         48          0          0          0      11830   stm32f4xx_hal_i2c.o
        84          6          0          0          0        854   stm32f4xx_hal_msp.o
      3560         16          0          0          0      13736   stm32f4xx_hal_pcd.o
        90          0          0          0          0       2421   stm32f4xx_hal_pcd_ex.o
      1888         94          0          0          0       6249   stm32f4xx_hal_rcc.o
      1128         14          0          0          0       4689   stm32f4xx_hal_spi.o
      2064        112          0          0          0      14936   stm32f4xx_hal_tim.o
       184         30          0          0          0       2513   stm32f4xx_hal_tim_ex.o
       180         18          0          0         72       1455   stm32f4xx_hal_timebase_tim.o
      2652         28          0          0          0      15401   stm32f4xx_hal_uart.o
       392         98          0          0          0      12653   stm32f4xx_it.o
      3882         82          0          0          0      22720   stm32f4xx_ll_usb.o
         0          0          0          0          0        384   stream_buffer.o
        20          6         24          4          0       1115   system_stm32f4xx.o
      2438        204          0         60        240      28041   tasks.o
       436         40          0          0        144       3011   tim.o
      1028         94          0          0        696       3595   usart.o
        84         18          0          0        732        804   usb_device.o
      1446         40          0        139          0      14617   usbd_cdc.o
       132         22          0         20       4096       4144   usbd_cdc_if.o
       702         24          0          0       1796      16888   usbd_conf.o
      1050          0          0          0          0      16325   usbd_core.o
      1908         28          0          1          0      17956   usbd_ctlreq.o
       346        106          0         78        512       6873   usbd_desc.o
       132          0          0          0          0       4500   usbd_ioreq.o
       364         82          0          2        288       3498   vision.o

    ----------------------------------------------------------------------
     67952       3414       1460       1012      34944    1296758   Object Totals
         0          0         32          0          0          0   (incl. Generated)
        54          0          6         16          2          0   (incl. Padding)

    ----------------------------------------------------------------------

      Code (inc. data)   RO Data    RW Data    ZI Data      Debug   Library Member Name

        90          0          0          0          0          0   __dczerorl2.o
         8          0          0          0          0         68   __main.o
       104          0          0          0          0         84   __printf.o
         0          0          0          0          0          0   __rtentry.o
        12          0          0          0          0          0   __rtentry2.o
         6          0          0          0          0          0   __rtentry4.o
        52          8          0          0          0          0   __scatter.o
        28          0          0          0          0          0   __scatter_zi.o
        44          0          0          0          0        108   _printf_char.o
        48          6          0          0          0         96   _printf_char_common.o
         6          0          0          0          0          0   _printf_d.o
       120         16          0          0          0         92   _printf_dec.o
       178          0          0          0          0         88   _printf_intcommon.o
         0          0          0          0          0          0   _printf_percent.o
         4          0          0          0          0          0   _printf_percent_end.o
         6          0          0          0          0          0   _printf_s.o
        82          0          0          0          0         80   _printf_str.o
        22          0          0          0          0        100   _rserrno.o
        10          0          0          0          0         68   _sputc.o
        16          0          0          0          0         68   aeabi_memset.o
        18          0          0          0          0         80   exit.o
         6          0          0          0          0        152   heapauxi.o
         0          0          0          0          0          0   indicate_semi.o
         2          0          0          0          0          0   libinit.o
         6          0          0          0          0          0   libinit2.o
         2          0          0          0          0          0   libshutdown.o
         2          0          0          0          0          0   libshutdown2.o
         8          4          0          0         96         68   libspace.o
       238          0          0          0          0        100   lludivv7m.o
        40          6          0          0          0         84   noretval__2sprintf.o
         8          4          0          0          0         68   rt_errno_addr_intlibspace.o
        68          0          0          0          0         68   rt_memclr.o
        78          0          0          0          0         80   rt_memclr_w.o
       138          0          0          0          0         68   rt_memcpy_v6.o
       100          0          0          0          0         80   rt_memcpy_w.o
         2          0          0          0          0          0   rtexit.o
        10          0          0          0          0          0   rtexit2.o
        62          0          0          0          0         76   strlen.o
        12          4          0          0          0         68   sys_exit.o
        74          0          0          0          0         80   sys_stackheap_outer.o
         2          0          0          0          0         68   use_no_semi.o
        98          4          0          0          0        140   d2f.o
       804         16          0          0          0        368   daddsub_clz.o
        24          0          0          0          0        116   dcmpi.o
       688        140          0          0          0        256   ddiv.o
       120          4          0          0          0        140   dleqf.o
       340         12          0          0          0        152   dmul.o
       156          4          0          0          0        140   dnaninf.o
        12          0          0          0          0        116   dretinf.o
       108          0          0          0          0        128   drleqf.o
        86          4          0          0          0        132   f2d.o
       140          4          0          0          0        132   fnaninf.o
        10          0          0          0          0        116   fpinit.o
        10          0          0          0          0        116   fretinf.o
         0          0          0          0          0          0   usenofp.o
       300         42          0          0          0        176   asinf.o
       592         90          0          0          0        184   atan2f.o
       336         56          0          0          0        136   cosf.o
        20          0          0          0          0        124   fabs.o
        38          0          0          0          0        116   fpclassifyf.o
        44         12          0          0          0        464   funder.o
       340         24         32          0          0        160   rredf.o
        62          0          0          0          0        136   sqrtf.o

    ----------------------------------------------------------------------
      6056        460         32          0        100       5540   Library Totals
        16          0          0          0          4          0   (incl. Padding)

    ----------------------------------------------------------------------

      Code (inc. data)   RO Data    RW Data    ZI Data      Debug   Library Name

      1712         48          0          0         96       1992   c_w.l
      2596        188          0          0          0       2052   fz_wm.l
      1732        224         32          0          0       1496   m_wm.l

    ----------------------------------------------------------------------
      6056        460         32          0        100       5540   Library Totals

    ----------------------------------------------------------------------

==============================================================================


      Code (inc. data)   RO Data    RW Data    ZI Data      Debug   

     74008       3874       1492       1012      35044    1255258   Grand Totals
     74008       3874       1492        380      35044    1255258   ELF Image Totals (compressed)
     74008       3874       1492        380          0          0   ROM Totals

==============================================================================

    Total RO  Size (Code + RO Data)                75500 (  73.73kB)
    Total RW  Size (RW Data + ZI Data)             36056 (  35.21kB)
    Total ROM Size (Code + RO Data + RW Data)      75880 (  74.10kB)

==============================================================================

