Component: ARM Compiler 5.06 update 5 (build 528) Tool: armlink [4d35e2]

==============================================================================

Section Cross References

    startup_stm32f407xx.o(STACK) refers (Special) to heapauxi.o(.text) for __use_two_region_memory
    startup_stm32f407xx.o(HEAP) refers (Special) to heapauxi.o(.text) for __use_two_region_memory
    startup_stm32f407xx.o(RESET) refers (Special) to heapauxi.o(.text) for __use_two_region_memory
    startup_stm32f407xx.o(RESET) refers to startup_stm32f407xx.o(STACK) for __initial_sp
    startup_stm32f407xx.o(RESET) refers to startup_stm32f407xx.o(.text) for Reset_Handler
    startup_stm32f407xx.o(RESET) refers to stm32f4xx_it.o(i.NMI_Handler) for NMI_Handler
    startup_stm32f407xx.o(RESET) refers to stm32f4xx_it.o(i.HardFault_Handler) for HardFault_Handler
    startup_stm32f407xx.o(RESET) refers to stm32f4xx_it.o(i.MemManage_Handler) for MemManage_Handler
    startup_stm32f407xx.o(RESET) refers to stm32f4xx_it.o(i.BusFault_Handler) for BusFault_Handler
    startup_stm32f407xx.o(RESET) refers to stm32f4xx_it.o(i.UsageFault_Handler) for UsageFault_Handler
    startup_stm32f407xx.o(RESET) refers to port.o(.emb_text) for SVC_Handler
    startup_stm32f407xx.o(RESET) refers to stm32f4xx_it.o(i.DebugMon_Handler) for DebugMon_Handler
    startup_stm32f407xx.o(RESET) refers to port.o(i.SysTick_Handler) for SysTick_Handler
    startup_stm32f407xx.o(RESET) refers to stm32f4xx_it.o(i.EXTI0_IRQHandler) for EXTI0_IRQHandler
    startup_stm32f407xx.o(RESET) refers to stm32f4xx_it.o(i.EXTI4_IRQHandler) for EXTI4_IRQHandler
    startup_stm32f407xx.o(RESET) refers to stm32f4xx_it.o(i.DMA1_Stream1_IRQHandler) for DMA1_Stream1_IRQHandler
    startup_stm32f407xx.o(RESET) refers to stm32f4xx_it.o(i.CAN1_RX0_IRQHandler) for CAN1_RX0_IRQHandler
    startup_stm32f407xx.o(RESET) refers to stm32f4xx_it.o(i.EXTI9_5_IRQHandler) for EXTI9_5_IRQHandler
    startup_stm32f407xx.o(RESET) refers to stm32f4xx_it.o(i.TIM2_IRQHandler) for TIM2_IRQHandler
    startup_stm32f407xx.o(RESET) refers to stm32f4xx_it.o(i.TIM3_IRQHandler) for TIM3_IRQHandler
    startup_stm32f407xx.o(RESET) refers to stm32f4xx_it.o(i.USART1_IRQHandler) for USART1_IRQHandler
    startup_stm32f407xx.o(RESET) refers to stm32f4xx_it.o(i.USART3_IRQHandler) for USART3_IRQHandler
    startup_stm32f407xx.o(RESET) refers to stm32f4xx_it.o(i.DMA2_Stream1_IRQHandler) for DMA2_Stream1_IRQHandler
    startup_stm32f407xx.o(RESET) refers to stm32f4xx_it.o(i.DMA2_Stream2_IRQHandler) for DMA2_Stream2_IRQHandler
    startup_stm32f407xx.o(RESET) refers to stm32f4xx_it.o(i.DMA2_Stream3_IRQHandler) for DMA2_Stream3_IRQHandler
    startup_stm32f407xx.o(RESET) refers to stm32f4xx_it.o(i.CAN2_RX0_IRQHandler) for CAN2_RX0_IRQHandler
    startup_stm32f407xx.o(RESET) refers to stm32f4xx_it.o(i.DMA2_Stream5_IRQHandler) for DMA2_Stream5_IRQHandler
    startup_stm32f407xx.o(RESET) refers to stm32f4xx_it.o(i.DMA2_Stream6_IRQHandler) for DMA2_Stream6_IRQHandler
    startup_stm32f407xx.o(RESET) refers to stm32f4xx_it.o(i.DMA2_Stream7_IRQHandler) for DMA2_Stream7_IRQHandler
    startup_stm32f407xx.o(RESET) refers to stm32f4xx_it.o(i.USART6_IRQHandler) for USART6_IRQHandler
    startup_stm32f407xx.o(.text) refers (Special) to heapauxi.o(.text) for __use_two_region_memory
    startup_stm32f407xx.o(.text) refers to system_stm32f4xx.o(i.SystemInit) for SystemInit
    startup_stm32f407xx.o(.text) refers to __main.o(!!!main) for __main
    startup_stm32f407xx.o(.text) refers to startup_stm32f407xx.o(HEAP) for Heap_Mem
    startup_stm32f407xx.o(.text) refers to startup_stm32f407xx.o(STACK) for Stack_Mem
    main.o(i.HAL_TIM_PeriodElapsedCallback) refers to stm32f4xx_hal.o(i.HAL_IncTick) for HAL_IncTick
    main.o(i.SystemClock_Config) refers to rt_memclr_w.o(.text) for __aeabi_memclr4
    main.o(i.SystemClock_Config) refers to stm32f4xx_hal_rcc.o(i.HAL_RCC_OscConfig) for HAL_RCC_OscConfig
    main.o(i.SystemClock_Config) refers to main.o(i.Error_Handler) for Error_Handler
    main.o(i.SystemClock_Config) refers to stm32f4xx_hal_rcc.o(i.HAL_RCC_ClockConfig) for HAL_RCC_ClockConfig
    main.o(i.main) refers to stm32f4xx_hal.o(i.HAL_Init) for HAL_Init
    main.o(i.main) refers to main.o(i.SystemClock_Config) for SystemClock_Config
    main.o(i.main) refers to gpio.o(i.MX_GPIO_Init) for MX_GPIO_Init
    main.o(i.main) refers to dma.o(i.MX_DMA_Init) for MX_DMA_Init
    main.o(i.main) refers to can.o(i.MX_CAN1_Init) for MX_CAN1_Init
    main.o(i.main) refers to can.o(i.MX_CAN2_Init) for MX_CAN2_Init
    main.o(i.main) refers to usart.o(i.MX_USART1_UART_Init) for MX_USART1_UART_Init
    main.o(i.main) refers to usart.o(i.MX_USART3_UART_Init) for MX_USART3_UART_Init
    main.o(i.main) refers to spi.o(i.MX_SPI1_Init) for MX_SPI1_Init
    main.o(i.main) refers to i2c.o(i.MX_I2C3_Init) for MX_I2C3_Init
    main.o(i.main) refers to tim.o(i.MX_TIM10_Init) for MX_TIM10_Init
    main.o(i.main) refers to tim.o(i.MX_TIM3_Init) for MX_TIM3_Init
[...]
    HardFault_Handler                        0x08004107   Thumb Code     2  stm32f4xx_it.o(i.HardFault_Handler)
    IMUFun                                   0x080045d9   Thumb Code   924  imu_task.o(i.IMUFun)
    IMU_IRQHandler                           0x080049b9   Thumb Code  1188  imu_task.o(i.IMU_IRQHandler)
    JUDGE_fGetChassisPower                   0x08004e75   Thumb Code    12  judge.o(i.JUDGE_fGetChassisPower)
    JUDGE_fGetRemainEnergy                   0x08004e85   Thumb Code     8  judge.o(i.JUDGE_fGetRemainEnergy)
    JUDGE_usGetPowerLimit                    0x08004e91   Thumb Code     8  judge.o(i.JUDGE_usGetPowerLimit)
    Judge_Read_Data                          0x08004e9d   Thumb Code   634  judge.o(i.Judge_Read_Data)
    MX_CAN1_Init                             0x08005125   Thumb Code    60  can.o(i.MX_CAN1_Init)
    MX_CAN2_Init                             0x08005169   Thumb Code    60  can.o(i.MX_CAN2_Init)
    MX_DMA_Init                              0x080051ad   Thumb Code   152  dma.o(i.MX_DMA_Init)
    MX_FREERTOS_Init                         0x08005249   Thumb Code    96  freertos.o(i.MX_FREERTOS_Init)
    MX_GPIO_Init                             0x080052b1   Thumb Code   350  gpio.o(i.MX_GPIO_Init)
    MX_I2C3_Init                             0x08005429   Thumb Code    50  i2c.o(i.MX_I2C3_Init)
    MX_SPI1_Init                             0x08005469   Thumb Code    64  spi.o(i.MX_SPI1_Init)
    MX_TIM10_Init                            0x080054b1   Thumb Code    92  tim.o(i.MX_TIM10_Init)
    MX_TIM3_Init                             0x08005515   Thumb Code    98  tim.o(i.MX_TIM3_Init)
    MX_USART1_UART_Init                      0x08005581   Thumb Code    48  usart.o(i.MX_USART1_UART_Init)
    MX_USART3_UART_Init                      0x080055b9   Thumb Code    50  usart.o(i.MX_USART3_UART_Init)
    MX_USART6_UART_Init                      0x080055f9   Thumb Code    48  usart.o(i.MX_USART6_UART_Init)
    MahonyAHRSupdateIMU                      0x08005631   Thumb Code   474  mahonyahrs.o(i.MahonyAHRSupdateIMU)
    MemManage_Handler                        0x0800581d   Thumb Code     2  stm32f4xx_it.o(i.MemManage_Handler)
    NMI_Handler                              0x0800581f   Thumb Code     2  stm32f4xx_it.o(i.NMI_Handler)
    PID_calc                                 0x08005821   Thumb Code   346  pidimu.o(i.PID_calc)
    PID_init                                 0x08005981   Thumb Code    88  pidimu.o(i.PID_init)
    SPI1_DMA_enable                          0x080059dd   Thumb Code  6204  bsp_spi.o(i.SPI1_DMA_enable)
    SPI1_DMA_init                            0x08007229   Thumb Code   242  bsp_spi.o(i.SPI1_DMA_init)
    SuperPower_Init                          0x0800746d   Thumb Code    10  superpower.o(i.SuperPower_Init)
    SuperPower_Rx                            0x0800747d   Thumb Code    30  superpower.o(i.SuperPower_Rx)
    SuperPower_Tx                            0x080074a1   Thumb Code    90  superpower.o(i.SuperPower_Tx)
    SysTick_Handler                          0x08007505   Thumb Code    38  port.o(i.SysTick_Handler)
    SystemClock_Config                       0x08007531   Thumb Code   140  main.o(i.SystemClock_Config)
    SystemInit                               0x080075c5   Thumb Code    12  system_stm32f4xx.o(i.SystemInit)
    TIM2_IRQHandler                          0x080075d5   Thumb Code     6  stm32f4xx_it.o(i.TIM2_IRQHandler)
    TIM3_IRQHandler                          0x080075e1   Thumb Code     6  stm32f4xx_it.o(i.TIM3_IRQHandler)
    TIM_Base_SetConfig                       0x080075ed   Thumb Code   174  stm32f4xx_hal_tim.o(i.TIM_Base_SetConfig)
    TIM_ETR_SetConfig                        0x080076c9   Thumb Code    20  stm32f4xx_hal_tim.o(i.TIM_ETR_SetConfig)
    TIM_OC2_SetConfig                        0x08007755   Thumb Code   106  stm32f4xx_hal_tim.o(i.TIM_OC2_SetConfig)
    UART_Start_Receive_DMA                   0x08007c31   Thumb Code   134  stm32f4xx_hal_uart.o(i.UART_Start_Receive_DMA)
    USART1_IRQHandler                        0x08007d25   Thumb Code     6  stm32f4xx_it.o(i.USART1_IRQHandler)
    USART3_IRQHandler                        0x08007d31   Thumb Code    18  stm32f4xx_it.o(i.USART3_IRQHandler)
    USART6_IRQHandler                        0x08007d49   Thumb Code    70  stm32f4xx_it.o(i.USART6_IRQHandler)
    UsageFault_Handler                       0x08007d9d   Thumb Code     2  stm32f4xx_it.o(i.UsageFault_Handler)
    Verify_CRC16_Check_Sum                   0x08007da1   Thumb Code    60  crc.o(i.Verify_CRC16_Check_Sum)
    Verify_CRC8_Check_Sum                    0x08007de1   Thumb Code    46  crc.o(i.Verify_CRC8_Check_Sum)
    __ARM_fpclassify                         0x08007e0f   Thumb Code    48  fpclassify.o(i.__ARM_fpclassify)
    __ARM_fpclassifyf                        0x08007e3f   Thumb Code    38  fpclassifyf.o(i.__ARM_fpclassifyf)
    __hardfp_asinf                           0x08007e91   Thumb Code   258  asinf.o(i.__hardfp_asinf)
    __hardfp_atan2f                          0x08007fbd   Thumb Code   502  atan2f.o(i.__hardfp_atan2f)
    __hardfp_cos                             0x08008211   Thumb Code   180  cos.o(i.__hardfp_cos)
    __hardfp_fabs                            0x080082d9   Thumb Code    20  fabs.o(i.__hardfp_fabs)
    __hardfp_powf                            0x080082ed   Thumb Code  1606  powf.o(i.__hardfp_powf)
    __mathlib_powf                           0x080082ed   Thumb Code     0  powf.o(i.__hardfp_powf)
    __hardfp_sin                             0x08008951   Thumb Code   180  sin.o(i.__hardfp_sin)
    __hardfp_sqrtf                           0x08008a19   Thumb Code    58  sqrtf.o(i.__hardfp_sqrtf)
    __ieee754_rem_pio2                       0x08008a59   Thumb Code   938  rred.o(i.__ieee754_rem_pio2)
    __kernel_cos                             0x08008e91   Thumb Code   322  cos_i.o(i.__kernel_cos)
    __kernel_poly                            0x08009001   Thumb Code   248  poly.o(i.__kernel_poly)
    __kernel_sin                             0x080090f9   Thumb Code   280  sin_i.o(i.__kernel_sin)
    __mathlib_dbl_infnan                     0x08009229   Thumb Code    20  dunder.o(i.__mathlib_dbl_infnan)
    __mathlib_dbl_invalid                    0x08009241   Thumb Code    24  dunder.o(i.__mathlib_dbl_invalid)
    __mathlib_dbl_underflow                  0x08009261   Thumb Code    24  dunder.o(i.__mathlib_dbl_underflow)
    __mathlib_flt_divzero                    0x08009281   Thumb Code    14  funder.o(i.__mathlib_flt_divzero)
    __mathlib_flt_infnan                     0x08009295   Thumb Code     6  funder.o(i.__mathlib_flt_infnan)
    __mathlib_flt_infnan2                    0x0800929b   Thumb Code     6  funder.o(i.__mathlib_flt_infnan2)
    __mathlib_flt_invalid                    0x080092a1   Thumb Code    10  funder.o(i.__mathlib_flt_invalid)
    __mathlib_flt_overflow                   0x080092b1   Thumb Code    10  funder.o(i.__mathlib_flt_overflow)
    __mathlib_flt_underflow                  0x080092c1   Thumb Code    10  funder.o(i.__mathlib_flt_underflow)
    bmi088_accel_init                        0x080092d1   Thumb Code   284  bmi088driver.o(i.bmi088_accel_init)
    bmi088_accel_self_test                   0x080093f1   Thumb Code   696  bmi088driver.o(i.bmi088_accel_self_test)
    bmi088_gyro_init                         0x080096ad   Thumb Code   220  bmi088driver.o(i.bmi088_gyro_init)
    bmi088_gyro_self_test                    0x0800978d   Thumb Code   202  bmi088driver.o(i.bmi088_gyro_self_test)
    chassis_speed_xiebo_s                    0x08009859   Thumb Code   864  chassis_task.o(i.chassis_speed_xiebo_s)
    dbus_uart_init                           0x08009bf9   Thumb Code    32  dbus.o(i.dbus_uart_init)
    fabs                                     0x08009c21   Thumb Code    24  fabs.o(i.fabs)
    get_4310moto_measure                     0x08009c39   Thumb Code   102  bsp_can.o(i.get_4310moto_measure)
    get_C_Board_measure                      0x08009ca9   Thumb Code   144  bsp_can.o(i.get_C_Board_measure)
    get_angle                                0x08009d49   Thumb Code   176  imu_task.o(i.get_angle)
    get_moto_measure                         0x08009df9   Thumb Code    68  bsp_can.o(i.get_moto_measure)
    get_total_angle                          0x08009e3d   Thumb Code    84  bsp_can.o(i.get_total_angle)
    imu_pwm_set                              0x0800a075   Thumb Code     8  bsp_imu_pwm.o(i.imu_pwm_set)
    invSqrt                                  0x0800a109   Thumb Code    40  mahonyahrs.o(i.invSqrt)
    ist8310_GPIO_init                        0x0800a135   Thumb Code     2  ist8310driver_middleware.o(i.ist8310_GPIO_init)
    ist8310_IIC_read_single_reg              0x0800a139   Thumb Code    32  ist8310driver_middleware.o(i.ist8310_IIC_read_single_reg)
    ist8310_IIC_write_single_reg             0x0800a15d   Thumb Code    30  ist8310driver_middleware.o(i.ist8310_IIC_write_single_reg)
    ist8310_RST_H                            0x0800a181   Thumb Code    10  ist8310driver_middleware.o(i.ist8310_RST_H)
    ist8310_RST_L                            0x0800a191   Thumb Code    10  ist8310driver_middleware.o(i.ist8310_RST_L)
    ist8310_com_init                         0x0800a1a1   Thumb Code     2  ist8310driver_middleware.o(i.ist8310_com_init)
    ist8310_delay_ms                         0x0800a1a3   Thumb Code     4  ist8310driver_middleware.o(i.ist8310_delay_ms)
    ist8310_init                             0x0800a1a9   Thumb Code   120  ist8310driver.o(i.ist8310_init)
    led_task                                 0x0800a225   Thumb Code    46  led.o(i.led_task)
    main                                     0x0800a259   Thumb Code   136  main.o(i.main)
    mecanum_calc                             0x0800a301   Thumb Code   324  chassis_task.o(i.mecanum_calc)
    my_can_filter_init_recv_all              0x0800a455   Thumb Code    40  bsp_can.o(i.my_can_filter_init_recv_all)
    osDelay                                  0x0800a47d   Thumb Code    16  cmsis_os.o(i.osDelay)
    osKernelStart                            0x0800a48d   Thumb Code    10  cmsis_os.o(i.osKernelStart)
    osThreadCreate                           0x0800a497   Thumb Code    92  cmsis_os.o(i.osThreadCreate)
    pcTaskGetName                            0x0800a4f5   Thumb Code    30  tasks.o(i.pcTaskGetName)
    pid_caculate                             0x0800a519   Thumb Code   646  pid.o(i.pid_caculate)
    pid_param_init                           0x0800a7a5   Thumb Code   202  pid.o(i.pid_param_init)
    pvPortMalloc                             0x0800ac95   Thumb Code   224  heap_4.o(i.pvPortMalloc)
    pxPortInitialiseStack                    0x0800ad7d   Thumb Code    38  port.o(i.pxPortInitialiseStack)
    rc_callback_handler                      0x0800ada9   Thumb Code   254  dbus.o(i.rc_callback_handler)
    set_moto1234_current                     0x0800aea9   Thumb Code    90  bsp_can.o(i.set_moto1234_current)
    set_moto5678_current                     0x0800af09   Thumb Code    90  bsp_can.o(i.set_moto5678_current)
    sqrtf                                    0x0800af69   Thumb Code    62  sqrtf.o(i.sqrtf)
    uart_receive_dma_no_it                   0x0800afa7   Thumb Code    86  dbus.o(i.uart_receive_dma_no_it)
    uart_receive_handler                     0x0800affd   Thumb Code    20  dbus.o(i.uart_receive_handler)
    uint_to_float                            0x0800b095   Thumb Code    40  bsp_can.o(i.uint_to_float)
    ulTaskNotifyTake                         0x0800b0bd   Thumb Code    96  tasks.o(i.ulTaskNotifyTake)
    uxListRemove                             0x0800b125   Thumb Code    38  list.o(i.uxListRemove)
    vApplicationGetIdleTaskMemory            0x0800b14d   Thumb Code    16  freertos.o(i.vApplicationGetIdleTaskMemory)
    vListInitialise                          0x0800b161   Thumb Code    22  list.o(i.vListInitialise)
    vListInitialiseItem                      0x0800b177   Thumb Code     6  list.o(i.vListInitialiseItem)
    vListInsert                              0x0800b17d   Thumb Code    54  list.o(i.vListInsert)
    vListInsertEnd                           0x0800b1b3   Thumb Code    24  list.o(i.vListInsertEnd)
    vPortEnterCritical                       0x0800b1cd   Thumb Code    54  port.o(i.vPortEnterCritical)
    vPortExitCritical                        0x0800b20d   Thumb Code    38  port.o(i.vPortExitCritical)
    vPortFree                                0x0800b239   Thumb Code    94  heap_4.o(i.vPortFree)
    vPortSetupTimerInterrupt                 0x0800b29d   Thumb Code    32  port.o(i.vPortSetupTimerInterrupt)
    vPortValidateInterruptPriority           0x0800b2c1   Thumb Code    74  port.o(i.vPortValidateInterruptPriority)
    vTaskDelay                               0x0800b315   Thumb Code    70  tasks.o(i.vTaskDelay)
    vTaskDelayUntil                          0x0800b365   Thumb Code   146  tasks.o(i.vTaskDelayUntil)
    vTaskNotifyGiveFromISR                   0x0800b401   Thumb Code   176  tasks.o(i.vTaskNotifyGiveFromISR)
    vTaskStartScheduler                      0x0800b4bd   Thumb Code   120  tasks.o(i.vTaskStartScheduler)
    vTaskSuspendAll                          0x0800b545   Thumb Code    10  tasks.o(i.vTaskSuspendAll)
    vTaskSwitchContext                       0x0800b555   Thumb Code    86  tasks.o(i.vTaskSwitchContext)
    xPortStartScheduler                      0x0800b5b5   Thumb Code   232  port.o(i.xPortStartScheduler)
    xTaskCreate                              0x0800b6b9   Thumb Code   108  tasks.o(i.xTaskCreate)
    xTaskCreateStatic                        0x0800b725   Thumb Code    96  tasks.o(i.xTaskCreateStatic)
    xTaskGetHandle                           0x0800b785   Thumb Code   124  tasks.o(i.xTaskGetHandle)
    xTaskGetSchedulerState                   0x0800b811   Thumb Code    24  tasks.o(i.xTaskGetSchedulerState)
    xTaskGetTickCount                        0x0800b82d   Thumb Code     6  tasks.o(i.xTaskGetTickCount)
    xTaskIncrementTick                       0x0800b839   Thumb Code   202  tasks.o(i.xTaskIncrementTick)
    xTaskResumeAll                           0x0800b90d   Thumb Code   190  tasks.o(i.xTaskResumeAll)
    __aeabi_dneg                             0x0800b9d9   Thumb Code     0  basic.o(x$fpl$basic)
    _dneg                                    0x0800b9d9   Thumb Code     6  basic.o(x$fpl$basic)
    __aeabi_fneg                             0x0800b9df   Thumb Code     0  basic.o(x$fpl$basic)
    _fneg                                    0x0800b9df   Thumb Code     6  basic.o(x$fpl$basic)
    _dabs                                    0x0800b9e5   Thumb Code     6  basic.o(x$fpl$basic)
    _fabs                                    0x0800b9eb   Thumb Code     6  basic.o(x$fpl$basic)
    __aeabi_d2f                              0x0800b9f1   Thumb Code     0  d2f.o(x$fpl$d2f)
    _d2f                                     0x0800b9f1   Thumb Code    98  d2f.o(x$fpl$d2f)
    __aeabi_dadd                             0x0800ba55   Thumb Code     0  daddsub_clz.o(x$fpl$dadd)
    _dadd                                    0x0800ba55   Thumb Code   332  daddsub_clz.o(x$fpl$dadd)
    __fpl_dcmp_Inf                           0x0800bba5   Thumb Code    24  dcmpi.o(x$fpl$dcmpinf)
    __aeabi_ddiv                             0x0800bbbd   Thumb Code     0  ddiv.o(x$fpl$ddiv)
    _ddiv                                    0x0800bbbd   Thumb Code   552  ddiv.o(x$fpl$ddiv)
    __aeabi_d2iz                             0x0800be6d   Thumb Code     0  dfix.o(x$fpl$dfix)
    _dfix                                    0x0800be6d   Thumb Code    94  dfix.o(x$fpl$dfix)
    __aeabi_i2d                              0x0800becb   Thumb Code     0  dflt_clz.o(x$fpl$dflt)
    _dflt                                    0x0800becb   Thumb Code    46  dflt_clz.o(x$fpl$dflt)
    __aeabi_ui2d                             0x0800bef9   Thumb Code     0  dflt_clz.o(x$fpl$dfltu)
    _dfltu                                   0x0800bef9   Thumb Code    38  dflt_clz.o(x$fpl$dfltu)
    __aeabi_cdcmple                          0x0800bf21   Thumb Code     0  dleqf.o(x$fpl$dleqf)
    _dcmple                                  0x0800bf21   Thumb Code   120  dleqf.o(x$fpl$dleqf)
    __fpl_dcmple_InfNaN                      0x0800bf83   Thumb Code     0  dleqf.o(x$fpl$dleqf)
    __aeabi_dmul                             0x0800bf99   Thumb Code     0  dmul.o(x$fpl$dmul)
    _dmul                                    0x0800bf99   Thumb Code   332  dmul.o(x$fpl$dmul)
    __fpl_dnaninf                            0x0800c0ed   Thumb Code   156  dnaninf.o(x$fpl$dnaninf)
    __fpl_dretinf                            0x0800c189   Thumb Code    12  dretinf.o(x$fpl$dretinf)
    __aeabi_cdrcmple                         0x0800c195   Thumb Code     0  drleqf.o(x$fpl$drleqf)
    _drcmple                                 0x0800c195   Thumb Code   108  drleqf.o(x$fpl$drleqf)
    __aeabi_drsub                            0x0800c201   Thumb Code     0  daddsub_clz.o(x$fpl$drsb)
    _drsb                                    0x0800c201   Thumb Code    22  daddsub_clz.o(x$fpl$drsb)
    __aeabi_dsub                             0x0800c219   Thumb Code     0  daddsub_clz.o(x$fpl$dsub)
    _dsub                                    0x0800c219   Thumb Code   464  daddsub_clz.o(x$fpl$dsub)
    __aeabi_f2d                              0x0800c3ed   Thumb Code     0  f2d.o(x$fpl$f2d)
    _f2d                                     0x0800c3ed   Thumb Code    86  f2d.o(x$fpl$f2d)
    __fpl_fnaninf                            0x0800c443   Thumb Code   140  fnaninf.o(x$fpl$fnaninf)
    _fp_init                                 0x0800c4cf   Thumb Code    10  fpinit.o(x$fpl$fpinit)
    __fplib_config_fpu_vfp                   0x0800c4d7   Thumb Code     0  fpinit.o(x$fpl$fpinit)
    __fplib_config_pureend_doubles           0x0800c4d7   Thumb Code     0  fpinit.o(x$fpl$fpinit)
    __fpl_fretinf                            0x0800c4d9   Thumb Code    10  fretinf.o(x$fpl$fretinf)
    __I$use$fp                               0x0800c4e2   Number         0  usenofp.o(x$fpl$usenofp)
    AHBPrescTable                            0x0800c55c   Data          16  system_stm32f4xx.o(.constdata)
    APBPrescTable                            0x0800c56c   Data           8  system_stm32f4xx.o(.constdata)
    CRC8_TAB                                 0x0800c574   Data         256  crc.o(.constdata)
    wCRC_Table                               0x0800c674   Data         512  crc.o(.constdata)
    Region$$Table$$Base                      0x0800cb1c   Number         0  anon$$obj.o(Region$$Table)
    Region$$Table$$Limit                     0x0800cb3c   Number         0  anon$$obj.o(Region$$Table)
    IMU_task_add                             0x20000000   Data           2  main.o(.data)
    LEDHandle                                0x20000004   Data           4  freertos.o(.data)
    IMUTaskHandle                            0x20000008   Data           4  freertos.o(.data)
    ChassisTaskHandle                        0x2000000c   Data           4  freertos.o(.data)
    GimbalTaskHandle                         0x20000010   Data           4  freertos.o(.data)
    uwTickFreq                               0x20000018   Data           1  stm32f4xx_hal.o(.data)
    uwTickPrio                               0x2000001c   Data           4  stm32f4xx_hal.o(.data)
    uwTick                                   0x20000020   Data           4  stm32f4xx_hal.o(.data)
    SystemCoreClock                          0x20000024   Data           4  system_stm32f4xx.o(.data)
    Data_Enable                              0x20000029   Data           8  bsp_can.o(.data)
    CRC_INIT                                 0x20000032   Data           2  crc.o(.data)
    Judge_Data_TF                            0x20000034   Data           1  judge.o(.data)
    Hurt_Data_Update                         0x20000035   Data           1  judge.o(.data)
    Send_Color                               0x20000036   Data           1  judge.o(.data)
    First_Time_Send_Commu                    0x20000037   Data           1  judge.o(.data)
    robot_type                               0x20000038   Data           1  judge.o(.data)
    Judge_Self_ID                            0x20000039   Data           1  judge.o(.data)
    Color                                    0x2000003a   Data           1  judge.o(.data)
    ShootNum                                 0x2000003c   Data           2  judge.o(.data)
    Hurt_num                                 0x2000003e   Data           2  judge.o(.data)
    send_time                                0x20000040   Data           2  judge.o(.data)
    Judge_SelfClient_ID                      0x20000042   Data           2  judge.o(.data)
    E_judge                                  0x20000044   Data           1  superpower.o(.data)
    SuperPower_Mode                          0x20000045   Data           1  superpower.o(.data)
    SuperPower_Switch                        0x20000046   Data           1  superpower.o(.data)
    C_judge                                  0x20000047   Data           1  superpower.o(.data)
    SuperPower_Tx_Message                    0x20000048   Data           5  superpower.o(.data)
    SuperPower_Rx_Message                    0x2000004d   Data           5  superpower.o(.data)
    pxCurrentTCB                             0x20000054   Data           4  tasks.o(.data)
    gyro_update_flag                         0x200000bc   Data           1  imu_task.o(.data)
    accel_update_flag                        0x200000bd   Data           1  imu_task.o(.data)
    accel_temp_update_flag                   0x200000be   Data           1  imu_task.o(.data)
    mag_update_flag                          0x200000bf   Data           1  imu_task.o(.data)
    imu_start_dma_flag                       0x200000c0   Data           1  imu_task.o(.data)
    imu_read_flag                            0x200000c1   Data           1  imu_task.o(.data)
    imu_init_finish_flag                     0x200000c2   Data           1  imu_task.o(.data)
    gimbal_return_finish_flag                0x200000c3   Data           1  imu_task.o(.data)
    accel_temp_dma_tx_buf                    0x200000ca   Data           4  imu_task.o(.data)
    yaw_add_one_tick                         0x200000d0   Data           4  imu_task.o(.data)
    accel_temp_dma_rx_buf                    0x200000e0   Data           4  imu_task.o(.data)
    yaw_offset                               0x200000e4   Data           4  imu_task.o(.data)
    gyro_dma_tx_buf                          0x200000e8   Data           8  imu_task.o(.data)
    gyro_dma_rx_buf                          0x200000f0   Data           8  imu_task.o(.data)
    accel_dma_tx_buf                         0x200000f8   Data           9  imu_task.o(.data)
    gyro_scale_factor                        0x20000104   Data          36  imu_task.o(.data)
    accel_scale_factor                       0x20000128   Data          36  imu_task.o(.data)
    mag_scale_factor                         0x2000014c   Data          36  imu_task.o(.data)
    actChassis                               0x20000180   Data           1  chassis_task.o(.data)
    ControlMode                              0x20000181   Data           1  chassis_task.o(.data)
    shoot_m                                  0x20000182   Data           1  chassis_task.o(.data)
    Buffer_energy                            0x20000184   Data           2  chassis_task.o(.data)
    Chassis_power_limit                      0x20000186   Data           2  chassis_task.o(.data)
    Chassis_power                            0x20000188   Data           4  chassis_task.o(.data)
    danfa                                    0x2000018c   Data           4  chassis_task.o(.data)
    jifen                                    0x20000190   Data           4  chassis_task.o(.data)
    speed_gain                               0x20000194   Data           4  chassis_task.o(.data)
    M_speed                                  0x20000198   Data           4  chassis_task.o(.data)
    angle_hd                                 0x2000019c   Data           4  chassis_task.o(.data)
    speed_s                                  0x200001a0   Data           4  chassis_task.o(.data)
    speed_v                                  0x200001a4   Data           4  chassis_task.o(.data)
    speed_w                                  0x200001a8   Data           4  chassis_task.o(.data)
    speed_l                                  0x200001ac   Data           4  chassis_task.o(.data)
    value_for_try                            0x200001b0   Data           8  chassis_task.o(.data)
    chassis_motor                            0x200001b8   Data           8  chassis_task.o(.data)
    bodan_pid                                0x200001c0   Data          12  chassis_task.o(.data)
    motorid_speed_pid                        0x200001cc   Data          48  chassis_task.o(.data)
    actGimbal                                0x200001fc   Data           1  gimbal_task.o(.data)
    trya                                     0x20000200   Data           4  gimbal_task.o(.data)
    jiao                                     0x20000204   Data           4  gimbal_task.o(.data)
    Gimbal_Yaw_Encoder_Position_pid          0x20000208   Data          12  gimbal_task.o(.data)
    Gimbal_Yawspeed_pid                      0x20000214   Data          12  gimbal_task.o(.data)
    BMI088_ACCEL_SEN                         0x20000220   Data           4  bmi088driver.o(.data)
    BMI088_GYRO_SEN                          0x20000224   Data           4  bmi088driver.o(.data)
    twoKp                                    0x2000024c   Data           4  mahonyahrs.o(.data)
    twoKi                                    0x20000250   Data           4  mahonyahrs.o(.data)
    integralFBx                              0x20000254   Data           4  mahonyahrs.o(.data)
    integralFBy                              0x20000258   Data           4  mahonyahrs.o(.data)
    integralFBz                              0x2000025c   Data           4  mahonyahrs.o(.data)
    judge_rx_buff                            0x20000260   Data        2000  main.o(.bss)
    hcan1                                    0x20000c84   Data          40  can.o(.bss)
    hcan2                                    0x20000cac   Data          40  can.o(.bss)
    hi2c3                                    0x20000cd4   Data          84  i2c.o(.bss)
    hspi1                                    0x20000d28   Data          88  spi.o(.bss)
    hdma_spi1_rx                             0x20000d80   Data          96  spi.o(.bss)
    hdma_spi1_tx                             0x20000de0   Data          96  spi.o(.bss)
    htim3                                    0x20000e40   Data          72  tim.o(.bss)
    htim10                                   0x20000e88   Data          72  tim.o(.bss)
    huart1                                   0x20000ed0   Data          72  usart.o(.bss)
    huart3                                   0x20000f18   Data          72  usart.o(.bss)
    huart6                                   0x20000f60   Data          72  usart.o(.bss)
    hdma_usart1_tx                           0x20000fa8   Data          96  usart.o(.bss)
    hdma_usart1_rx                           0x20001008   Data          96  usart.o(.bss)
    hdma_usart3_rx                           0x20001068   Data          96  usart.o(.bss)
    hdma_usart6_rx                           0x200010c8   Data          96  usart.o(.bss)
    hdma_usart6_tx                           0x20001128   Data          96  usart.o(.bss)
    htim2                                    0x20001188   Data          72  stm32f4xx_hal_timebase_tim.o(.bss)
    moto_CAN1                                0x200011d0   Data         968  bsp_can.o(.bss)
    moto_CAN2                                0x20001598   Data         968  bsp_can.o(.bss)
    C_Board                                  0x20001990   Data          20  bsp_can.o(.bss)
    dbus_buf                                 0x200019a4   Data          18  dbus.o(.bss)
    rc                                       0x200019b6   Data          22  dbus.o(.bss)
    judge_frame_rx                           0x200019cc   Data         362  judge.o(.bss)
    receive_student_data                     0x20001b36   Data         113  judge.o(.bss)
    Show_data                                0x20001ba7   Data         287  judge.o(.bss)
    CommuData                                0x20001cc6   Data          36  judge.o(.bss)
    CliendTxBuffer                           0x20001cea   Data         200  judge.o(.bss)
    TeammateTxBuffer                         0x20001db2   Data         200  judge.o(.bss)
    INS_gyro                                 0x20005b90   Data          12  imu_task.o(.bss)
    INS_accel                                0x20005b9c   Data          12  imu_task.o(.bss)
    INS_mag                                  0x20005ba8   Data          12  imu_task.o(.bss)
    INS_quat                                 0x20005bb4   Data          16  imu_task.o(.bss)
    INS_angle                                0x20005bc4   Data          12  imu_task.o(.bss)
    IMU_angle                                0x20005bd0   Data          12  imu_task.o(.bss)
    imu_vision                               0x20005bdc   Data          12  imu_task.o(.bss)
    accel_dma_rx_buf                         0x20005be8   Data           9  imu_task.o(.bss)
    bmi088_real_data                         0x20005bf4   Data          36  imu_task.o(.bss)
    bmi088_offset_data                       0x20005c18   Data          36  imu_task.o(.bss)
    gyro_offset                              0x20005c3c   Data          12  imu_task.o(.bss)
    gyro_cali_offset                         0x20005c48   Data          12  imu_task.o(.bss)
    accel_offset                             0x20005c54   Data          12  imu_task.o(.bss)
    ist8310_real_data                        0x20005c60   Data          16  imu_task.o(.bss)
    mag_offset                               0x20005c70   Data          12  imu_task.o(.bss)
    IMU_Chass_MSG                            0x20005c7c   Data          68  imu_task.o(.bss)
    bodan_pid_t                              0x20005d20   Data          12  chassis_task.o(.bss)
    chassisnothing                           0x20005d2c   Data          12  chassis_task.o(.bss)
    Chassis_Motor                            0x20005d38   Data         816  chassis_task.o(.bss)
    Bodan_Pid_T                              0x20006068   Data          96  chassis_task.o(.bss)
    Bodan_Pid                                0x200060c8   Data          96  chassis_task.o(.bss)
    absolute_chassis_speed                   0x20006128   Data          12  chassis_task.o(.bss)
    xiebo_chassis_speed                      0x20006134   Data          12  chassis_task.o(.bss)
    temp_speed                               0x20006140   Data          12  chassis_task.o(.bss)
    step_l                                   0x2000614c   Data          16  chassis_task.o(.bss)
    step_s                                   0x2000615c   Data          16  chassis_task.o(.bss)
    Gimbal_Yawimu_pid                        0x2000616c   Data          12  gimbal_task.o(.bss)
    Gimbal_Pitchimu_pid                      0x20006178   Data          12  gimbal_task.o(.bss)
    pid_yaw                                  0x20006184   Data          12  gimbal_task.o(.bss)
    yaw_buff_pid                             0x20006190   Data          12  gimbal_task.o(.bss)
    pitch_buff_pid                           0x2000619c   Data          12  gimbal_task.o(.bss)
    Gimbal_Pitch_Encoder_Position_pid        0x200061a8   Data          12  gimbal_task.o(.bss)
    Gimbal_Pitch_Speed_pid_Start             0x200061b4   Data          12  gimbal_task.o(.bss)
    Gimbal_Motor_Yaw                         0x200061c0   Data         204  gimbal_task.o(.bss)
    Gimbal_Motor_Pitch                       0x2000628c   Data         204  gimbal_task.o(.bss)
    Gimbal_Yawimu_PID                        0x20006358   Data          96  gimbal_task.o(.bss)
    Gimbal_Pitchimu_PID                      0x200063b8   Data          96  gimbal_task.o(.bss)
    Gimbal_YawimuBUFF_PID                    0x20006418   Data          96  gimbal_task.o(.bss)
    Gimbal_PitchimuBUFF_PID                  0x20006478   Data          96  gimbal_task.o(.bss)
    Gimbal_Yaw_PID                           0x200064d8   Data          96  gimbal_task.o(.bss)
    absolute_gimbal_speed                    0x20006538   Data          16  gimbal_task.o(.bss)
    __libspace_start                         0x20006548   Data          96  libspace.o(.bss)
    __temporary_stack_top$libspace           0x200065a8   Data           0  libspace.o(.bss)



==============================================================================

Memory Map of the image

  Image Entry point : 0x08000189

  Load Region LR_IROM1 (Base: 0x08000000, Size: 0x0000cd9c, Max: 0x00100000, ABSOLUTE, COMPRESSED[0x0000cbe0])

    Execution Region ER_IROM1 (Exec base: 0x08000000, Load base: 0x08000000, Size: 0x0000cb3c, Max: 0x00100000, ABSOLUTE)

    Exec Addr    Load Addr    Size         Type   Attr      Idx    E Section Name        Object

    0x08000000   0x08000000   0x00000188   Data   RO            3    RESET               startup_stm32f407xx.o
    0x08000188   0x08000188   0x00000008   Code   RO         7371  * !!!main             c_w.l(__main.o)
    0x08000190   0x08000190   0x00000034   Code   RO         7734    !!!scatter          c_w.l(__scatter.o)
    0x080001c4   0x080001c4   0x0000005a   Code   RO         7732    !!dczerorl2         c_w.l(__dczerorl2.o)
    0x0800021e   0x0800021e   0x00000002   PAD
    0x08000220   0x08000220   0x0000001c   Code   RO         7736    !!handler_zi        c_w.l(__scatter_zi.o)
    0x0800023c   0x0800023c   0x00000002   Code   RO         7605    .ARM.Collect$$libinit$$00000000  c_w.l(libinit.o)
    0x0800023e   0x0800023e   0x00000004   Code   RO         7614    .ARM.Collect$$libinit$$00000001  c_w.l(libinit2.o)
    0x08000242   0x08000242   0x00000000   Code   RO         7617    .ARM.Collect$$libinit$$00000004  c_w.l(libinit2.o)
    0x08000242   0x08000242   0x00000000   Code   RO         7620    .ARM.Collect$$libinit$$0000000A  c_w.l(libinit2.o)
    0x08000242   0x08000242   0x00000000   Code   RO         7622    .ARM.Collect$$libinit$$0000000C  c_w.l(libinit2.o)
    0x08000242   0x08000242   0x00000000   Code   RO         7624    .ARM.Collect$$libinit$$0000000E  c_w.l(libinit2.o)
    0x08000242   0x08000242   0x00000000   Code   RO         7627    .ARM.Collect$$libinit$$00000011  c_w.l(libinit2.o)
    0x08000242   0x08000242   0x00000000   Code   RO         7629    .ARM.Collect$$libinit$$00000013  c_w.l(libinit2.o)
    0x08000242   0x08000242   0x00000000   Code   RO         7631    .ARM.Collect$$libinit$$00000015  c_w.l(libinit2.o)
    0x08000242   0x08000242   0x00000000   Code   RO         7633    .ARM.Collect$$libinit$$00000017  c_w.l(libinit2.o)
    0x08000242   0x08000242   0x00000000   Code   RO         7635    .ARM.Collect$$libinit$$00000019  c_w.l(libinit2.o)
    0x08000242   0x08000242   0x00000000   Code   RO         7637    .ARM.Collect$$libinit$$0000001B  c_w.l(libinit2.o)
    0x08000242   0x08000242   0x00000000   Code   RO         7639    .ARM.Collect$$libinit$$0000001D  c_w.l(libinit2.o)
    0x08000242   0x08000242   0x00000000   Code   RO         7641    .ARM.Collect$$libinit$$0000001F  c_w.l(libinit2.o)
    0x08000242   0x08000242   0x00000000   Code   RO         7643    .ARM.Collect$$libinit$$00000021  c_w.l(libinit2.o)
    0x08000242   0x08000242   0x00000000   Code   RO         7645    .ARM.Collect$$libinit$$00000023  c_w.l(libinit2.o)
    0x08000242   0x08000242   0x00000000   Code   RO         7647    .ARM.Collect$$libinit$$00000025  c_w.l(libinit2.o)
    0x08000242   0x08000242   0x00000000   Code   RO         7651    .ARM.Collect$$libinit$$0000002C  c_w.l(libinit2.o)
    0x08000242   0x08000242   0x00000000   Code   RO         7653    .ARM.Collect$$libinit$$0000002E  c_w.l(libinit2.o)
    0x08000242   0x08000242   0x00000000   Code   RO         7655    .ARM.Collect$$libinit$$00000030  c_w.l(libinit2.o)
    0x08000242   0x08000242   0x00000000   Code   RO         7657    .ARM.Collect$$libinit$$00000032  c_w.l(libinit2.o)
    0x08000242   0x08000242   0x00000002   Code   RO         7658    .ARM.Collect$$libinit$$00000033  c_w.l(libinit2.o)
    0x08000244   0x08000244   0x00000002   Code   RO         7689    .ARM.Collect$$libshutdown$$00000000  c_w.l(libshutdown.o)
    0x08000246   0x08000246   0x00000000   Code   RO         7715    .ARM.Collect$$libshutdown$$00000002  c_w.l(libshutdown2.o)
    0x08000246   0x08000246   0x00000000   Code   RO         7717    .ARM.Collect$$libshutdown$$00000004  c_w.l(libshutdown2.o)
    0x08000246   0x08000246   0x00000000   Code   RO         7720    .ARM.Collect$$libshutdown$$00000007  c_w.l(libshutdown2.o)
    0x08000246   0x08000246   0x00000000   Code   RO         7723    .ARM.Collect$$libshutdown$$0000000A  c_w.l(libshutdown2.o)
    0x08000246   0x08000246   0x00000000   Code   RO         7725    .ARM.Collect$$libshutdown$$0000000C  c_w.l(libshutdown2.o)
    0x08000246   0x08000246   0x00000000   Code   RO         7728    .ARM.Collect$$libshutdown$$0000000F  c_w.l(libshutdown2.o)
    0x08000246   0x08000246   0x00000002   Code   RO         7729    .ARM.Collect$$libshutdown$$00000010  c_w.l(libshutdown2.o)
    0x08000248   0x08000248   0x00000000   Code   RO         7497    .ARM.Collect$$rtentry$$00000000  c_w.l(__rtentry.o)
    0x08000248   0x08000248   0x00000000   Code   RO         7564    .ARM.Collect$$rtentry$$00000002  c_w.l(__rtentry2.o)
    0x08000248   0x08000248   0x00000006   Code   RO         7576    .ARM.Collect$$rtentry$$00000004  c_w.l(__rtentry4.o)
    0x0800024e   0x0800024e   0x00000000   Code   RO         7566    .ARM.Collect$$rtentry$$00000009  c_w.l(__rtentry2.o)
    0x0800024e   0x0800024e   0x00000004   Code   RO         7567    .ARM.Collect$$rtentry$$0000000A  c_w.l(__rtentry2.o)
    0x08000252   0x08000252   0x00000000   Code   RO         7569    .ARM.Collect$$rtentry$$0000000C  c_w.l(__rtentry2.o)
    0x08000252   0x08000252   0x00000008   Code   RO         7570    .ARM.Collect$$rtentry$$0000000D  c_w.l(__rtentry2.o)
    0x0800025a   0x0800025a   0x00000002   Code   RO         7606    .ARM.Collect$$rtexit$$00000000  c_w.l(rtexit.o)
    0x0800025c   0x0800025c   0x00000000   Code   RO         7662    .ARM.Collect$$rtexit$$00000002  c_w.l(rtexit2.o)
    0x0800025c   0x0800025c   0x00000004   Code   RO         7663    .ARM.Collect$$rtexit$$00000003  c_w.l(rtexit2.o)
    0x08000260   0x08000260   0x00000006   Code   RO         7664    .ARM.Collect$$rtexit$$00000004  c_w.l(rtexit2.o)
    0x08000266   0x08000266   0x00000002   PAD
    0x08000268   0x08000268   0x000000be   Code   RO         6491    .emb_text           port.o
    0x08000326   0x08000326   0x00000002   PAD
    0x08000328   0x08000328   0x00000040   Code   RO            4    .text               startup_stm32f407xx.o
    0x08000368   0x08000368   0x000000ee   Code   RO         7353    .text               c_w.l(lludivv7m.o)
    0x08000456   0x08000456   0x0000003e   Code   RO         7355    .text               c_w.l(strlen.o)
    0x08000494   0x08000494   0x0000008a   Code   RO         7357    .text               c_w.l(rt_memcpy_v6.o)
    0x0800051e   0x0800051e   0x00000064   Code   RO         7359    .text               c_w.l(rt_memcpy_w.o)
    0x08000582   0x08000582   0x00000010   Code   RO         7363    .text               c_w.l(aeabi_memset.o)
    0x08000592   0x08000592   0x00000044   Code   RO         7365    .text               c_w.l(rt_memclr.o)
    0x080005d6   0x080005d6   0x0000004e   Code   RO         7367    .text               c_w.l(rt_memclr_w.o)
    0x08000624   0x08000624   0x00000006   Code   RO         7369    .text               c_w.l(heapauxi.o)
    0x0800062a   0x0800062a   0x00000016   Code   RO         7502    .text               c_w.l(_rserrno.o)
    0x08000640   0x08000640   0x00000008   Code   RO         7583    .text               c_w.l(rt_errno_addr_intlibspace.o)
    0x08000648   0x08000648   0x00000008   Code   RO         7589    .text               c_w.l(libspace.o)
    0x08000650   0x08000650   0x0000004a   Code   RO         7592    .text               c_w.l(sys_stackheap_outer.o)
    0x0800069a   0x0800069a   0x00000012   Code   RO         7594    .text               c_w.l(exit.o)
    0x080006ac   0x080006ac   0x0000000c   Code   RO         7659    .text               c_w.l(sys_exit.o)
    0x080006b8   0x080006b8   0x00000002   Code   RO         7678    .text               c_w.l(use_no_semi.o)
    0x080006ba   0x080006ba   0x00000000   Code   RO         7680    .text               c_w.l(indicate_semi.o)
    0x080006ba   0x080006ba   0x00000002   PAD
    0x080006bc   0x080006bc   0x00000020   Code   RO         6620    i.AHRS_init         imu_task.o
    0x080006dc   0x080006dc   0x0000001c   Code   RO         6621    i.AHRS_update       imu_task.o
    0x080006f8   0x080006f8   0x000000f4   Code   RO         6752    i.Absolute_Cal      chassis_task.o
    0x080007ec   0x080007ec   0x00000052   Code   RO           13    i.AngleLoop_f       main.o
    0x0800083e   0x0800083e   0x00000002   PAD
    0x08000840   0x08000840   0x00000010   Code   RO         7049    i.BMI088_ACCEL_NS_H  bmi088middleware.o
    0x08000850   0x08000850   0x00000010   Code   RO         7050    i.BMI088_ACCEL_NS_L  bmi088middleware.o
    0x08000860   0x08000860   0x00000002   Code   RO         7051    i.BMI088_GPIO_init  bmi088middleware.o
    0x08000862   0x08000862   0x00000002   PAD
    0x08000864   0x08000864   0x00000010   Code   RO         7052    i.BMI088_GYRO_NS_H  bmi088middleware.o
    0x08000874   0x08000874   0x00000010   Code   RO         7053    i.BMI088_GYRO_NS_L  bmi088middleware.o
    0x08000884   0x08000884   0x00000088   Code   RO         6913    i.BMI088_accel_read_over  bmi088driver.o
    0x0800090c   0x0800090c   0x00000002   Code   RO         7054    i.BMI088_com_init   bmi088middleware.o
    0x0800090e   0x0800090e   0x00000004   Code   RO         7055    i.BMI088_delay_ms   bmi088middleware.o
    0x08000912   0x08000912   0x00000006   Code   RO         7056    i.BMI088_delay_us   bmi088middleware.o
    0x08000918   0x08000918   0x00000060   Code   RO         6914    i.BMI088_gyro_read_over  bmi088driver.o
    0x08000978   0x08000978   0x0000002e   Code   RO         6915    i.BMI088_init       bmi088driver.o
    0x080009a6   0x080009a6   0x00000002   PAD
    0x080009a8   0x080009a8   0x0000015c   Code   RO         6916    i.BMI088_read       bmi088driver.o
    0x08000b04   0x08000b04   0x00000024   Code   RO         6919    i.BMI088_read_muli_reg  bmi088driver.o
    0x08000b28   0x08000b28   0x00000016   Code   RO         6920    i.BMI088_read_single_reg  bmi088driver.o
    0x08000b3e   0x08000b3e   0x00000002   PAD
    0x08000b40   0x08000b40   0x00000020   Code   RO         7057    i.BMI088_read_write_byte  bmi088middleware.o
    0x08000b60   0x08000b60   0x00000030   Code   RO         6921    i.BMI088_temperature_read_over  bmi088driver.o
    0x08000b90   0x08000b90   0x00000012   Code   RO         6922    i.BMI088_write_single_reg  bmi088driver.o
    0x08000ba2   0x08000ba2   0x00000002   Code   RO          642    i.BusFault_Handler  stm32f4xx_it.o
    0x08000ba4   0x08000ba4   0x0000000c   Code   RO          643    i.CAN1_RX0_IRQHandler  stm32f4xx_it.o
    0x08000bb0   0x08000bb0   0x0000000c   Code   RO          644    i.CAN2_RX0_IRQHandler  stm32f4xx_it.o
    0x08000bbc   0x08000bbc   0x00000130   Code   RO         6753    i.CHASSIS_InitArgument  chassis_task.o
    0x08000cec   0x08000cec   0x0000033c   Code   RO         6754    i.CHASSIS_Single_Loop_Out  chassis_task.o
    0x08001028   0x08001028   0x00000034   Code   RO         6755    i.ChassisFun        chassis_task.o
    0x0800105c   0x0800105c   0x0000001c   Code   RO         6756    i.Communication_Chassis  chassis_task.o
    0x08001078   0x08001078   0x00000014   Code   RO         6757    i.Communication_Shoot  chassis_task.o
    0x0800108c   0x0800108c   0x0000000c   Code   RO          645    i.DMA1_Stream1_IRQHandler  stm32f4xx_it.o
    0x08001098   0x08001098   0x0000000c   Code   RO          646    i.DMA2_Stream1_IRQHandler  stm32f4xx_it.o
    0x080010a4   0x080010a4   0x00000014   Code   RO          647    i.DMA2_Stream2_IRQHandler  stm32f4xx_it.o
    0x080010b8   0x080010b8   0x0000000c   Code   RO          648    i.DMA2_Stream3_IRQHandler  stm32f4xx_it.o
    0x080010c4   0x080010c4   0x0000000c   Code   RO          649    i.DMA2_Stream5_IRQHandler  stm32f4xx_it.o
    0x080010d0   0x080010d0   0x0000000c   Code   RO          650    i.DMA2_Stream6_IRQHandler  stm32f4xx_it.o
    0x080010dc   0x080010dc   0x0000000c   Code   RO          651    i.DMA2_Stream7_IRQHandler  stm32f4xx_it.o
    0x080010e8   0x080010e8   0x0000002c   Code   RO         1611    i.DMA_CalcBaseAndBitshift  stm32f4xx_hal_dma.o
    0x08001114   0x08001114   0x00000078   Code   RO         1612    i.DMA_CheckFifoParam  stm32f4xx_hal_dma.o
    0x0800118c   0x0800118c   0x0000002a   Code   RO         1613    i.DMA_SetConfig     stm32f4xx_hal_dma.o
    0x080011b6   0x080011b6   0x00000002   Code   RO          652    i.DebugMon_Handler  stm32f4xx_it.o
    0x080011b8   0x080011b8   0x00000006   Code   RO          653    i.EXTI0_IRQHandler  stm32f4xx_it.o
    0x080011be   0x080011be   0x00000006   Code   RO          654    i.EXTI4_IRQHandler  stm32f4xx_it.o
    0x080011c4   0x080011c4   0x00000006   Code   RO          655    i.EXTI9_5_IRQHandler  stm32f4xx_it.o
    0x080011ca   0x080011ca   0x00000004   Code   RO           14    i.Error_Handler     main.o
    0x080011ce   0x080011ce   0x00000002   PAD
    0x080011d0   0x080011d0   0x000001f0   Code   RO         6856    i.GIMBAL_InitArgument  gimbal_task.o
    0x080013c0   0x080013c0   0x00000030   Code   RO         4823    i.Get_CRC16_Check_Sum  crc.o
    0x080013f0   0x080013f0   0x0000001c   Code   RO         4824    i.Get_CRC8_Check_Sum  crc.o
    0x0800140c   0x0800140c   0x00000050   Code   RO         6857    i.GimbalFun         gimbal_task.o
    0x0800145c   0x0800145c   0x00000024   Code   RO          874    i.HAL_CAN_ActivateNotification  stm32f4xx_hal_can.o
    0x08001480   0x08001480   0x000000e2   Code   RO          875    i.HAL_CAN_AddTxMessage  stm32f4xx_hal_can.o
    0x08001562   0x08001562   0x00000002   PAD
    0x08001564   0x08001564   0x00000110   Code   RO          876    i.HAL_CAN_ConfigFilter  stm32f4xx_hal_can.o
    0x08001674   0x08001674   0x00000002   Code   RO          879    i.HAL_CAN_ErrorCallback  stm32f4xx_hal_can.o
    0x08001676   0x08001676   0x00000112   Code   RO          882    i.HAL_CAN_GetRxMessage  stm32f4xx_hal_can.o
    0x08001788   0x08001788   0x0000002c   Code   RO          884    i.HAL_CAN_GetTxMailboxesFreeLevel  stm32f4xx_hal_can.o
    0x080017b4   0x080017b4   0x000001fc   Code   RO          886    i.HAL_CAN_IRQHandler  stm32f4xx_hal_can.o
    0x080019b0   0x080019b0   0x00000152   Code   RO          887    i.HAL_CAN_Init      stm32f4xx_hal_can.o
    0x08001b02   0x08001b02   0x00000002   PAD
    0x08001b04   0x08001b04   0x00000100   Code   RO          378    i.HAL_CAN_MspInit   can.o
    0x08001c04   0x08001c04   0x00000002   Code   RO          894    i.HAL_CAN_RxFifo0FullCallback  stm32f4xx_hal_can.o
    0x08001c06   0x08001c06   0x00000002   PAD
    0x08001c08   0x08001c08   0x000000d4   Code   RO         4503    i.HAL_CAN_RxFifo0MsgPendingCallback  bsp_can.o
    0x08001cdc   0x08001cdc   0x00000002   Code   RO          896    i.HAL_CAN_RxFifo1FullCallback  stm32f4xx_hal_can.o
    0x08001cde   0x08001cde   0x00000002   Code   RO          897    i.HAL_CAN_RxFifo1MsgPendingCallback  stm32f4xx_hal_can.o
    0x08001ce0   0x08001ce0   0x00000002   Code   RO          898    i.HAL_CAN_SleepCallback  stm32f4xx_hal_can.o
    0x08001ce2   0x08001ce2   0x00000058   Code   RO          899    i.HAL_CAN_Start     stm32f4xx_hal_can.o
    0x08001d3a   0x08001d3a   0x00000002   Code   RO          901    i.HAL_CAN_TxMailbox0AbortCallback  stm32f4xx_hal_can.o
    0x08001d3c   0x08001d3c   0x00000002   Code   RO          902    i.HAL_CAN_TxMailbox0CompleteCallback  stm32f4xx_hal_can.o
    0x08001d3e   0x08001d3e   0x00000002   Code   RO          903    i.HAL_CAN_TxMailbox1AbortCallback  stm32f4xx_hal_can.o
    0x08001d40   0x08001d40   0x00000002   Code   RO          904    i.HAL_CAN_TxMailbox1CompleteCallback  stm32f4xx_hal_can.o
    0x08001d42   0x08001d42   0x00000002   Code   RO          905    i.HAL_CAN_TxMailbox2AbortCallback  stm32f4xx_hal_can.o
    0x08001d44   0x08001d44   0x00000002   Code   RO          906    i.HAL_CAN_TxMailbox2CompleteCallback  stm32f4xx_hal_can.o
    0x08001d46   0x08001d46   0x00000002   Code   RO          908    i.HAL_CAN_WakeUpFromRxMsgCallback  stm32f4xx_hal_can.o
    0x08001d48   0x08001d48   0x0000008e   Code   RO         1614    i.HAL_DMA_Abort     stm32f4xx_hal_dma.o
    0x08001dd6   0x08001dd6   0x00000024   Code   RO         1615    i.HAL_DMA_Abort_IT  stm32f4xx_hal_dma.o
    0x08001dfa   0x08001dfa   0x00000002   PAD
    0x08001dfc   0x08001dfc   0x000001d0   Code   RO         1619    i.HAL_DMA_IRQHandler  stm32f4xx_hal_dma.o
    0x08001fcc   0x08001fcc   0x000000d4   Code   RO         1620    i.HAL_DMA_Init      stm32f4xx_hal_dma.o
    0x080020a0   0x080020a0   0x00000046   Code   RO         1623    i.HAL_DMA_Start     stm32f4xx_hal_dma.o
    0x080020e6   0x080020e6   0x0000006e   Code   RO         1624    i.HAL_DMA_Start_IT  stm32f4xx_hal_dma.o
    0x08002154   0x08002154   0x000000a8   Code   RO         6622    i.HAL_GPIO_EXTI_Callback  imu_task.o
    0x080021fc   0x080021fc   0x00000018   Code   RO         1506    i.HAL_GPIO_EXTI_IRQHandler  stm32f4xx_hal_gpio.o
    0x08002214   0x08002214   0x000001d0   Code   RO         1507    i.HAL_GPIO_Init     stm32f4xx_hal_gpio.o
    0x080023e4   0x080023e4   0x00000010   Code   RO         1510    i.HAL_GPIO_TogglePin  stm32f4xx_hal_gpio.o
    0x080023f4   0x080023f4   0x0000000e   Code   RO         1511    i.HAL_GPIO_WritePin  stm32f4xx_hal_gpio.o
    0x08002402   0x08002402   0x00000002   PAD
    0x08002404   0x08002404   0x0000000c   Code   RO         2045    i.HAL_GetTick       stm32f4xx_hal.o
    0x08002410   0x08002410   0x00000198   Code   RO         2301    i.HAL_I2C_Init      stm32f4xx_hal_i2c.o
    0x080025a8   0x080025a8   0x0000029c   Code   RO         2319    i.HAL_I2C_Mem_Read  stm32f4xx_hal_i2c.o
    0x08002844   0x08002844   0x00000144   Code   RO         2322    i.HAL_I2C_Mem_Write  stm32f4xx_hal_i2c.o
    0x08002988   0x08002988   0x00000094   Code   RO          451    i.HAL_I2C_MspInit   i2c.o
    0x08002a1c   0x08002a1c   0x00000010   Code   RO         2051    i.HAL_IncTick       stm32f4xx_hal.o
    0x08002a2c   0x08002a2c   0x00000034   Code   RO         2052    i.HAL_Init          stm32f4xx_hal.o
    0x08002a60   0x08002a60   0x00000098   Code   RO          834    i.HAL_InitTick      stm32f4xx_hal_timebase_tim.o
    0x08002af8   0x08002af8   0x00000038   Code   RO          810    i.HAL_MspInit       stm32f4xx_hal_msp.o
    0x08002b30   0x08002b30   0x0000001a   Code   RO         1897    i.HAL_NVIC_EnableIRQ  stm32f4xx_hal_cortex.o
    0x08002b4a   0x08002b4a   0x00000002   PAD
    0x08002b4c   0x08002b4c   0x00000040   Code   RO         1903    i.HAL_NVIC_SetPriority  stm32f4xx_hal_cortex.o
    0x08002b8c   0x08002b8c   0x00000024   Code   RO         1904    i.HAL_NVIC_SetPriorityGrouping  stm32f4xx_hal_cortex.o
    0x08002bb0   0x08002bb0   0x0000014c   Code   RO         1108    i.HAL_RCC_ClockConfig  stm32f4xx_hal_rcc.o
    0x08002cfc   0x08002cfc   0x0000003c   Code   RO         1112    i.HAL_RCC_GetClockConfig  stm32f4xx_hal_rcc.o
    0x08002d38   0x08002d38   0x0000000c   Code   RO         1113    i.HAL_RCC_GetHCLKFreq  stm32f4xx_hal_rcc.o
    0x08002d44   0x08002d44   0x00000020   Code   RO         1115    i.HAL_RCC_GetPCLK1Freq  stm32f4xx_hal_rcc.o
    0x08002d64   0x08002d64   0x00000020   Code   RO         1116    i.HAL_RCC_GetPCLK2Freq  stm32f4xx_hal_rcc.o
    0x08002d84   0x08002d84   0x0000006c   Code   RO         1117    i.HAL_RCC_GetSysClockFreq  stm32f4xx_hal_rcc.o
    0x08002df0   0x08002df0   0x000003c0   Code   RO         1120    i.HAL_RCC_OscConfig  stm32f4xx_hal_rcc.o
    0x080031b0   0x080031b0   0x000000be   Code   RO         2796    i.HAL_SPI_Init      stm32f4xx_hal_spi.o
    0x0800326e   0x0800326e   0x00000002   PAD
    0x08003270   0x08003270   0x00000110   Code   RO          493    i.HAL_SPI_MspInit   spi.o
    0x08003380   0x08003380   0x000001f6   Code   RO         2805    i.HAL_SPI_TransmitReceive  stm32f4xx_hal_spi.o
    0x08003576   0x08003576   0x00000002   Code   RO         3824    i.HAL_TIMEx_BreakCallback  stm32f4xx_hal_tim_ex.o
    0x08003578   0x08003578   0x00000002   Code   RO         3825    i.HAL_TIMEx_CommutCallback  stm32f4xx_hal_tim_ex.o
    0x0800357a   0x0800357a   0x00000002   PAD
    0x0800357c   0x0800357c   0x00000090   Code   RO         3843    i.HAL_TIMEx_MasterConfigSynchronization  stm32f4xx_hal_tim_ex.o
    0x0800360c   0x0800360c   0x0000004a   Code   RO         3109    i.HAL_TIM_Base_Init  stm32f4xx_hal_tim.o
    0x08003656   0x08003656   0x00000002   PAD
    0x08003658   0x08003658   0x00000058   Code   RO          535    i.HAL_TIM_Base_MspInit  tim.o
    0x080036b0   0x080036b0   0x0000008c   Code   RO         3114    i.HAL_TIM_Base_Start_IT  stm32f4xx_hal_tim.o
    0x0800373c   0x0800373c   0x000000e8   Code   RO         3118    i.HAL_TIM_ConfigClockSource  stm32f4xx_hal_tim.o
    0x08003824   0x08003824   0x00000002   Code   RO         3143    i.HAL_TIM_IC_CaptureCallback  stm32f4xx_hal_tim.o
    0x08003826   0x08003826   0x00000138   Code   RO         3157    i.HAL_TIM_IRQHandler  stm32f4xx_hal_tim.o
    0x0800395e   0x0800395e   0x00000002   PAD
    0x08003960   0x08003960   0x00000054   Code   RO          536    i.HAL_TIM_MspPostInit  tim.o
    0x080039b4   0x080039b4   0x00000002   Code   RO         3160    i.HAL_TIM_OC_DelayElapsedCallback  stm32f4xx_hal_tim.o
    0x080039b6   0x080039b6   0x000000d8   Code   RO         3181    i.HAL_TIM_PWM_ConfigChannel  stm32f4xx_hal_tim.o
    0x08003a8e   0x08003a8e   0x0000004a   Code   RO         3184    i.HAL_TIM_PWM_Init  stm32f4xx_hal_tim.o
    0x08003ad8   0x08003ad8   0x00000002   Code   RO         3186    i.HAL_TIM_PWM_MspInit  stm32f4xx_hal_tim.o
    0x08003ada   0x08003ada   0x00000002   Code   RO         3187    i.HAL_TIM_PWM_PulseFinishedCallback  stm32f4xx_hal_tim.o
    0x08003adc   0x08003adc   0x0000000e   Code   RO           15    i.HAL_TIM_PeriodElapsedCallback  main.o
    0x08003aea   0x08003aea   0x00000002   Code   RO         3200    i.HAL_TIM_TriggerCallback  stm32f4xx_hal_tim.o
    0x08003aec   0x08003aec   0x00000002   Code   RO         4103    i.HAL_UARTEx_RxEventCallback  stm32f4xx_hal_uart.o
    0x08003aee   0x08003aee   0x00000070   Code   RO         4115    i.HAL_UART_DMAStop  stm32f4xx_hal_uart.o
    0x08003b5e   0x08003b5e   0x00000002   Code   RO         4117    i.HAL_UART_ErrorCallback  stm32f4xx_hal_uart.o
    0x08003b60   0x08003b60   0x00000230   Code   RO         4120    i.HAL_UART_IRQHandler  stm32f4xx_hal_uart.o
    0x08003d90   0x08003d90   0x00000066   Code   RO         4121    i.HAL_UART_Init     stm32f4xx_hal_uart.o
    0x08003df6   0x08003df6   0x00000002   PAD
    0x08003df8   0x08003df8   0x000002ec   Code   RO          589    i.HAL_UART_MspInit  usart.o
    0x080040e4   0x080040e4   0x0000001c   Code   RO         4125    i.HAL_UART_Receive_DMA  stm32f4xx_hal_uart.o
    0x08004100   0x08004100   0x00000002   Code   RO         4127    i.HAL_UART_RxCpltCallback  stm32f4xx_hal_uart.o
    0x08004102   0x08004102   0x00000002   Code   RO         4128    i.HAL_UART_RxHalfCpltCallback  stm32f4xx_hal_uart.o
    0x08004104   0x08004104   0x00000002   Code   RO         4132    i.HAL_UART_TxCpltCallback  stm32f4xx_hal_uart.o
    0x08004106   0x08004106   0x00000002   Code   RO          656    i.HardFault_Handler  stm32f4xx_it.o
    0x08004108   0x08004108   0x0000002e   Code   RO         2345    i.I2C_IsAcknowledgeFailed  stm32f4xx_hal_i2c.o
    0x08004136   0x08004136   0x00000002   PAD
    0x08004138   0x08004138   0x00000140   Code   RO         2356    i.I2C_RequestMemoryRead  stm32f4xx_hal_i2c.o
    0x08004278   0x08004278   0x000000c4   Code   RO         2357    i.I2C_RequestMemoryWrite  stm32f4xx_hal_i2c.o
    0x0800433c   0x0800433c   0x00000058   Code   RO         2365    i.I2C_WaitOnBTFFlagUntilTimeout  stm32f4xx_hal_i2c.o
    0x08004394   0x08004394   0x000000ac   Code   RO         2366    i.I2C_WaitOnFlagUntilTimeout  stm32f4xx_hal_i2c.o
    0x08004440   0x08004440   0x000000c8   Code   RO         2367    i.I2C_WaitOnMasterAddressFlagUntilTimeout  stm32f4xx_hal_i2c.o
    0x08004508   0x08004508   0x00000076   Code   RO         2368    i.I2C_WaitOnRXNEFlagUntilTimeout  stm32f4xx_hal_i2c.o
    0x0800457e   0x0800457e   0x00000058   Code   RO         2371    i.I2C_WaitOnTXEFlagUntilTimeout  stm32f4xx_hal_i2c.o
    0x080045d6   0x080045d6   0x00000002   PAD
    0x080045d8   0x080045d8   0x000003e0   Code   RO         6623    i.IMUFun            imu_task.o
    0x080049b8   0x080049b8   0x000004bc   Code   RO         6624    i.IMU_IRQHandler    imu_task.o
    0x08004e74   0x08004e74   0x00000010   Code   RO         4889    i.JUDGE_fGetChassisPower  judge.o
    0x08004e84   0x08004e84   0x0000000c   Code   RO         4890    i.JUDGE_fGetRemainEnergy  judge.o
    0x08004e90   0x08004e90   0x0000000c   Code   RO         4895    i.JUDGE_usGetPowerLimit  judge.o
    0x08004e9c   0x08004e9c   0x00000288   Code   RO         4901    i.Judge_Read_Data   judge.o
    0x08005124   0x08005124   0x00000044   Code   RO          379    i.MX_CAN1_Init      can.o
    0x08005168   0x08005168   0x00000044   Code   RO          380    i.MX_CAN2_Init      can.o
    0x080051ac   0x080051ac   0x0000009c   Code   RO          426    i.MX_DMA_Init       dma.o
    0x08005248   0x08005248   0x00000068   Code   RO          312    i.MX_FREERTOS_Init  freertos.o
    0x080052b0   0x080052b0   0x00000178   Code   RO          281    i.MX_GPIO_Init      gpio.o
    0x08005428   0x08005428   0x00000040   Code   RO          452    i.MX_I2C3_Init      i2c.o
    0x08005468   0x08005468   0x00000048   Code   RO          494    i.MX_SPI1_Init      spi.o
    0x080054b0   0x080054b0   0x00000064   Code   RO          537    i.MX_TIM10_Init     tim.o
    0x08005514   0x08005514   0x0000006c   Code   RO          538    i.MX_TIM3_Init      tim.o
    0x08005580   0x08005580   0x00000038   Code   RO          590    i.MX_USART1_UART_Init  usart.o
    0x080055b8   0x080055b8   0x00000040   Code   RO          591    i.MX_USART3_UART_Init  usart.o
    0x080055f8   0x080055f8   0x00000038   Code   RO          592    i.MX_USART6_UART_Init  usart.o
    0x08005630   0x08005630   0x000001ec   Code   RO         7321    i.MahonyAHRSupdateIMU  mahonyahrs.o
    0x0800581c   0x0800581c   0x00000002   Code   RO          657    i.MemManage_Handler  stm32f4xx_it.o
    0x0800581e   0x0800581e   0x00000002   Code   RO          658    i.NMI_Handler       stm32f4xx_it.o
    0x08005820   0x08005820   0x00000160   Code   RO         7284    i.PID_calc          pidimu.o
    0x08005980   0x08005980   0x0000005c   Code   RO         7286    i.PID_init          pidimu.o
    0x080059dc   0x080059dc   0x0000184c   Code   RO         4787    i.SPI1_DMA_enable   bsp_spi.o
    0x08007228   0x08007228   0x0000010c   Code   RO         4788    i.SPI1_DMA_init     bsp_spi.o
    0x08007334   0x08007334   0x0000007c   Code   RO         2834    i.SPI_EndRxTxTransaction  stm32f4xx_hal_spi.o
    0x080073b0   0x080073b0   0x000000bc   Code   RO         2839    i.SPI_WaitFlagStateUntilTimeout  stm32f4xx_hal_spi.o
    0x0800746c   0x0800746c   0x00000010   Code   RO         5121    i.SuperPower_Init   superpower.o
    0x0800747c   0x0800747c   0x00000024   Code   RO         5123    i.SuperPower_Rx     superpower.o
    0x080074a0   0x080074a0   0x00000064   Code   RO         5125    i.SuperPower_Tx     superpower.o
    0x08007504   0x08007504   0x0000002c   Code   RO         6492    i.SysTick_Handler   port.o
    0x08007530   0x08007530   0x00000094   Code   RO           16    i.SystemClock_Config  main.o
    0x080075c4   0x080075c4   0x00000010   Code   RO         4465    i.SystemInit        system_stm32f4xx.o
    0x080075d4   0x080075d4   0x0000000c   Code   RO          659    i.TIM2_IRQHandler   stm32f4xx_it.o
    0x080075e0   0x080075e0   0x0000000c   Code   RO          660    i.TIM3_IRQHandler   stm32f4xx_it.o
    0x080075ec   0x080075ec   0x000000dc   Code   RO         3202    i.TIM_Base_SetConfig  stm32f4xx_hal_tim.o
    0x080076c8   0x080076c8   0x00000014   Code   RO         3213    i.TIM_ETR_SetConfig  stm32f4xx_hal_tim.o
    0x080076dc   0x080076dc   0x00000010   Code   RO         3214    i.TIM_ITRx_SetConfig  stm32f4xx_hal_tim.o
    0x080076ec   0x080076ec   0x00000068   Code   RO         3215    i.TIM_OC1_SetConfig  stm32f4xx_hal_tim.o
    0x08007754   0x08007754   0x00000074   Code   RO         3216    i.TIM_OC2_SetConfig  stm32f4xx_hal_tim.o
    0x080077c8   0x080077c8   0x00000070   Code   RO         3217    i.TIM_OC3_SetConfig  stm32f4xx_hal_tim.o
    0x08007838   0x08007838   0x00000054   Code   RO         3218    i.TIM_OC4_SetConfig  stm32f4xx_hal_tim.o
    0x0800788c   0x0800788c   0x00000022   Code   RO         3220    i.TIM_TI1_ConfigInputStage  stm32f4xx_hal_tim.o
    0x080078ae   0x080078ae   0x00000024   Code   RO         3222    i.TIM_TI2_ConfigInputStage  stm32f4xx_hal_tim.o
    0x080078d2   0x080078d2   0x00000010   Code   RO         4134    i.UART_DMAAbortOnError  stm32f4xx_hal_uart.o
    0x080078e2   0x080078e2   0x0000004a   Code   RO         4135    i.UART_DMAError     stm32f4xx_hal_uart.o
    0x0800792c   0x0800792c   0x00000086   Code   RO         4136    i.UART_DMAReceiveCplt  stm32f4xx_hal_uart.o
    0x080079b2   0x080079b2   0x0000001e   Code   RO         4138    i.UART_DMARxHalfCplt  stm32f4xx_hal_uart.o
    0x080079d0   0x080079d0   0x0000004e   Code   RO         4144    i.UART_EndRxTransfer  stm32f4xx_hal_uart.o
    0x08007a1e   0x08007a1e   0x0000001a   Code   RO         4145    i.UART_EndTransmit_IT  stm32f4xx_hal_uart.o
    0x08007a38   0x08007a38   0x0000001c   Code   RO         4146    i.UART_EndTxTransfer  stm32f4xx_hal_uart.o
    0x08007a54   0x08007a54   0x000000c8   Code   RO         4147    i.UART_Receive_IT   stm32f4xx_hal_uart.o
    0x08007b1c   0x08007b1c   0x00000114   Code   RO         4148    i.UART_SetConfig    stm32f4xx_hal_uart.o
    0x08007c30   0x08007c30   0x00000094   Code   RO         4149    i.UART_Start_Receive_DMA  stm32f4xx_hal_uart.o
    0x08007cc4   0x08007cc4   0x0000005e   Code   RO         4151    i.UART_Transmit_IT  stm32f4xx_hal_uart.o
    0x08007d22   0x08007d22   0x00000002   PAD
    0x08007d24   0x08007d24   0x0000000c   Code   RO          661    i.USART1_IRQHandler  stm32f4xx_it.o
    0x08007d30   0x08007d30   0x00000018   Code   RO          662    i.USART3_IRQHandler  stm32f4xx_it.o
    0x08007d48   0x08007d48   0x00000054   Code   RO          663    i.USART6_IRQHandler  stm32f4xx_it.o
    0x08007d9c   0x08007d9c   0x00000002   Code   RO          664    i.UsageFault_Handler  stm32f4xx_it.o
    0x08007d9e   0x08007d9e   0x00000002   PAD
    0x08007da0   0x08007da0   0x00000040   Code   RO         4825    i.Verify_CRC16_Check_Sum  crc.o
    0x08007de0   0x08007de0   0x0000002e   Code   RO         4826    i.Verify_CRC8_Check_Sum  crc.o
    0x08007e0e   0x08007e0e   0x00000030   Code   RO         7585    i.__ARM_fpclassify  m_wm.l(fpclassify.o)
    0x08007e3e   0x08007e3e   0x00000026   Code   RO         7536    i.__ARM_fpclassifyf  m_wm.l(fpclassifyf.o)
    0x08007e64   0x08007e64   0x0000000c   Code   RO         4632    i.__ARM_isnanf      pid.o
    0x08007e70   0x08007e70   0x00000020   Code   RO         1910    i.__NVIC_SetPriority  stm32f4xx_hal_cortex.o
    0x08007e90   0x08007e90   0x0000012c   Code   RO         7405    i.__hardfp_asinf    m_wm.l(asinf.o)
    0x08007fbc   0x08007fbc   0x00000250   Code   RO         7417    i.__hardfp_atan2f   m_wm.l(atan2f.o)
    0x0800820c   0x0800820c   0x00000004   PAD
    0x08008210   0x08008210   0x000000c8   Code   RO         7429    i.__hardfp_cos      m_wm.l(cos.o)
    0x080082d8   0x080082d8   0x00000014   Code   RO         7441    i.__hardfp_fabs     m_wm.l(fabs.o)
    0x080082ec   0x080082ec   0x00000664   Code   RO         7447    i.__hardfp_powf     m_wm.l(powf.o)
    0x08008950   0x08008950   0x000000c8   Code   RO         7461    i.__hardfp_sin      m_wm.l(sin.o)
    0x08008a18   0x08008a18   0x0000003a   Code   RO         7485    i.__hardfp_sqrtf    m_wm.l(sqrtf.o)
    0x08008a52   0x08008a52   0x00000006   PAD
    0x08008a58   0x08008a58   0x00000438   Code   RO         7552    i.__ieee754_rem_pio2  m_wm.l(rred.o)
    0x08008e90   0x08008e90   0x00000170   Code   RO         7519    i.__kernel_cos      m_wm.l(cos_i.o)
    0x08009000   0x08009000   0x000000f8   Code   RO         7587    i.__kernel_poly     m_wm.l(poly.o)
    0x080090f8   0x080090f8   0x00000130   Code   RO         7557    i.__kernel_sin      m_wm.l(sin_i.o)
    0x08009228   0x08009228   0x00000014   Code   RO         7523    i.__mathlib_dbl_infnan  m_wm.l(dunder.o)
    0x0800923c   0x0800923c   0x00000004   PAD
    0x08009240   0x08009240   0x00000020   Code   RO         7525    i.__mathlib_dbl_invalid  m_wm.l(dunder.o)
    0x08009260   0x08009260   0x00000020   Code   RO         7528    i.__mathlib_dbl_underflow  m_wm.l(dunder.o)
    0x08009280   0x08009280   0x00000014   Code   RO         7538    i.__mathlib_flt_divzero  m_wm.l(funder.o)
    0x08009294   0x08009294   0x00000006   Code   RO         7539    i.__mathlib_flt_infnan  m_wm.l(funder.o)
    0x0800929a   0x0800929a   0x00000006   Code   RO         7540    i.__mathlib_flt_infnan2  m_wm.l(funder.o)
    0x080092a0   0x080092a0   0x00000010   Code   RO         7541    i.__mathlib_flt_invalid  m_wm.l(funder.o)
    0x080092b0   0x080092b0   0x00000010   Code   RO         7542    i.__mathlib_flt_overflow  m_wm.l(funder.o)
    0x080092c0   0x080092c0   0x00000010   Code   RO         7544    i.__mathlib_flt_underflow  m_wm.l(funder.o)
    0x080092d0   0x080092d0   0x00000120   Code   RO         6923    i.bmi088_accel_init  bmi088driver.o
    0x080093f0   0x080093f0   0x000002bc   Code   RO         6924    i.bmi088_accel_self_test  bmi088driver.o
    0x080096ac   0x080096ac   0x000000e0   Code   RO         6925    i.bmi088_gyro_init  bmi088driver.o
    0x0800978c   0x0800978c   0x000000ca   Code   RO         6926    i.bmi088_gyro_self_test  bmi088driver.o
    0x08009856   0x08009856   0x00000002   PAD
    0x08009858   0x08009858   0x000003a0   Code   RO         6758    i.chassis_speed_xiebo_s  chassis_task.o
    0x08009bf8   0x08009bf8   0x00000028   Code   RO         4690    i.dbus_uart_init    dbus.o
    0x08009c20   0x08009c20   0x00000018   Code   RO         7443    i.fabs              m_wm.l(fabs.o)
    0x08009c38   0x08009c38   0x00000070   Code   RO         4507    i.get_4310moto_measure  bsp_can.o
    0x08009ca8   0x08009ca8   0x000000a0   Code   RO         4508    i.get_C_Board_measure  bsp_can.o
    0x08009d48   0x08009d48   0x000000b0   Code   RO         6627    i.get_angle         imu_task.o
    0x08009df8   0x08009df8   0x00000044   Code   RO         4509    i.get_moto_measure  bsp_can.o
    0x08009e3c   0x08009e3c   0x00000054   Code   RO         4511    i.get_total_angle   bsp_can.o
    0x08009e90   0x08009e90   0x000000dc   Code   RO         6629    i.imu_cali_slove    imu_task.o
    0x08009f6c   0x08009f6c   0x00000108   Code   RO         6630    i.imu_cmd_spi_dma   imu_task.o
    0x0800a074   0x0800a074   0x0000000c   Code   RO         4759    i.imu_pwm_set       bsp_imu_pwm.o
    0x0800a080   0x0800a080   0x00000088   Code   RO         6631    i.imu_temp_control  imu_task.o
    0x0800a108   0x0800a108   0x0000002c   Code   RO         7322    i.invSqrt           mahonyahrs.o
    0x0800a134   0x0800a134   0x00000002   Code   RO         7166    i.ist8310_GPIO_init  ist8310driver_middleware.o
    0x0800a136   0x0800a136   0x00000002   PAD
    0x0800a138   0x0800a138   0x00000024   Code   RO         7168    i.ist8310_IIC_read_single_reg  ist8310driver_middleware.o
    0x0800a15c   0x0800a15c   0x00000024   Code   RO         7170    i.ist8310_IIC_write_single_reg  ist8310driver_middleware.o
    0x0800a180   0x0800a180   0x00000010   Code   RO         7171    i.ist8310_RST_H     ist8310driver_middleware.o
    0x0800a190   0x0800a190   0x00000010   Code   RO         7172    i.ist8310_RST_L     ist8310driver_middleware.o
    0x0800a1a0   0x0800a1a0   0x00000002   Code   RO         7173    i.ist8310_com_init  ist8310driver_middleware.o
    0x0800a1a2   0x0800a1a2   0x00000004   Code   RO         7174    i.ist8310_delay_ms  ist8310driver_middleware.o
    0x0800a1a6   0x0800a1a6   0x00000002   PAD
    0x0800a1a8   0x0800a1a8   0x0000007c   Code   RO         7122    i.ist8310_init      ist8310driver.o
    0x0800a224   0x0800a224   0x00000034   Code   RO         6571    i.led_task          led.o
    0x0800a258   0x0800a258   0x0000009c   Code   RO           17    i.main              main.o
    0x0800a2f4   0x0800a2f4   0x0000000c   Code   RO         6045    i.makeFreeRtosPriority  cmsis_os.o
    0x0800a300   0x0800a300   0x00000154   Code   RO         6759    i.mecanum_calc      chassis_task.o
    0x0800a454   0x0800a454   0x00000028   Code   RO         4512    i.my_can_filter_init_recv_all  bsp_can.o
    0x0800a47c   0x0800a47c   0x00000010   Code   RO         6047    i.osDelay           cmsis_os.o
    0x0800a48c   0x0800a48c   0x0000000a   Code   RO         6050    i.osKernelStart     cmsis_os.o
    0x0800a496   0x0800a496   0x0000005c   Code   RO         6084    i.osThreadCreate    cmsis_os.o
    0x0800a4f2   0x0800a4f2   0x00000002   PAD
    0x0800a4f4   0x0800a4f4   0x00000024   Code   RO         5670    i.pcTaskGetName     tasks.o
    0x0800a518   0x0800a518   0x0000028c   Code   RO         4633    i.pid_caculate      pid.o
    0x0800a7a4   0x0800a7a4   0x000000d8   Code   RO         4634    i.pid_param_init    pid.o
    0x0800a87c   0x0800a87c   0x00000080   Code   RO         5671    i.prvAddCurrentTaskToDelayedList  tasks.o
    0x0800a8fc   0x0800a8fc   0x00000088   Code   RO         5672    i.prvAddNewTaskToReadyList  tasks.o
    0x0800a984   0x0800a984   0x00000040   Code   RO         5673    i.prvCheckTasksWaitingTermination  tasks.o
    0x0800a9c4   0x0800a9c4   0x00000040   Code   RO         5674    i.prvDeleteTCB      tasks.o
    0x0800aa04   0x0800aa04   0x00000050   Code   RO         6424    i.prvHeapInit       heap_4.o
    0x0800aa54   0x0800aa54   0x00000028   Code   RO         5675    i.prvIdleTask       tasks.o
    0x0800aa7c   0x0800aa7c   0x00000098   Code   RO         5676    i.prvInitialiseNewTask  tasks.o
    0x0800ab14   0x0800ab14   0x00000060   Code   RO         5677    i.prvInitialiseTaskLists  tasks.o
    0x0800ab74   0x0800ab74   0x0000005c   Code   RO         6425    i.prvInsertBlockIntoFreeList  heap_4.o
    0x0800abd0   0x0800abd0   0x00000024   Code   RO         5678    i.prvResetNextTaskUnblockTime  tasks.o
    0x0800abf4   0x0800abf4   0x0000006e   Code   RO         5679    i.prvSearchForNameWithinSingleList  tasks.o
    0x0800ac62   0x0800ac62   0x00000002   PAD
    0x0800ac64   0x0800ac64   0x00000030   Code   RO         6493    i.prvTaskExitError  port.o
    0x0800ac94   0x0800ac94   0x000000e8   Code   RO         6426    i.pvPortMalloc      heap_4.o
    0x0800ad7c   0x0800ad7c   0x0000002c   Code   RO         6494    i.pxPortInitialiseStack  port.o
    0x0800ada8   0x0800ada8   0x000000fe   Code   RO         4692    i.rc_callback_handler  dbus.o
    0x0800aea6   0x0800aea6   0x00000002   PAD
    0x0800aea8   0x0800aea8   0x00000060   Code   RO         4513    i.set_moto1234_current  bsp_can.o
    0x0800af08   0x0800af08   0x00000060   Code   RO         4514    i.set_moto5678_current  bsp_can.o
    0x0800af68   0x0800af68   0x0000003e   Code   RO         7487    i.sqrtf             m_wm.l(sqrtf.o)
    0x0800afa6   0x0800afa6   0x00000056   Code   RO         4693    i.uart_receive_dma_no_it  dbus.o
    0x0800affc   0x0800affc   0x00000014   Code   RO         4694    i.uart_receive_handler  dbus.o
    0x0800b010   0x0800b010   0x00000084   Code   RO         4695    i.uart_rx_idle_callback  dbus.o
    0x0800b094   0x0800b094   0x00000028   Code   RO         4516    i.uint_to_float     bsp_can.o
    0x0800b0bc   0x0800b0bc   0x00000068   Code   RO         5683    i.ulTaskNotifyTake  tasks.o
    0x0800b124   0x0800b124   0x00000026   Code   RO         5284    i.uxListRemove      list.o
    0x0800b14a   0x0800b14a   0x00000002   PAD
    0x0800b14c   0x0800b14c   0x00000014   Code   RO          314    i.vApplicationGetIdleTaskMemory  freertos.o
    0x0800b160   0x0800b160   0x00000016   Code   RO         5285    i.vListInitialise   list.o
    0x0800b176   0x0800b176   0x00000006   Code   RO         5286    i.vListInitialiseItem  list.o
    0x0800b17c   0x0800b17c   0x00000036   Code   RO         5287    i.vListInsert       list.o
    0x0800b1b2   0x0800b1b2   0x00000018   Code   RO         5288    i.vListInsertEnd    list.o
    0x0800b1ca   0x0800b1ca   0x00000002   PAD
    0x0800b1cc   0x0800b1cc   0x00000040   Code   RO         6496    i.vPortEnterCritical  port.o
    0x0800b20c   0x0800b20c   0x0000002c   Code   RO         6497    i.vPortExitCritical  port.o
    0x0800b238   0x0800b238   0x00000064   Code   RO         6427    i.vPortFree         heap_4.o
    0x0800b29c   0x0800b29c   0x00000024   Code   RO         6498    i.vPortSetupTimerInterrupt  port.o
    0x0800b2c0   0x0800b2c0   0x00000054   Code   RO         6499    i.vPortValidateInterruptPriority  port.o
    0x0800b314   0x0800b314   0x00000050   Code   RO         5691    i.vTaskDelay        tasks.o
    0x0800b364   0x0800b364   0x0000009c   Code   RO         5692    i.vTaskDelayUntil   tasks.o
    0x0800b400   0x0800b400   0x000000bc   Code   RO         5697    i.vTaskNotifyGiveFromISR  tasks.o
    0x0800b4bc   0x0800b4bc   0x00000088   Code   RO         5705    i.vTaskStartScheduler  tasks.o
    0x0800b544   0x0800b544   0x00000010   Code   RO         5707    i.vTaskSuspendAll   tasks.o
    0x0800b554   0x0800b554   0x00000060   Code   RO         5708    i.vTaskSwitchContext  tasks.o
    0x0800b5b4   0x0800b5b4   0x00000104   Code   RO         6500    i.xPortStartScheduler  port.o
    0x0800b6b8   0x0800b6b8   0x0000006c   Code   RO         5712    i.xTaskCreate       tasks.o
    0x0800b724   0x0800b724   0x00000060   Code   RO         5713    i.xTaskCreateStatic  tasks.o
    0x0800b784   0x0800b784   0x0000008c   Code   RO         5717    i.xTaskGetHandle    tasks.o
    0x0800b810   0x0800b810   0x0000001c   Code   RO         5718    i.xTaskGetSchedulerState  tasks.o
    0x0800b82c   0x0800b82c   0x0000000c   Code   RO         5719    i.xTaskGetTickCount  tasks.o
    0x0800b838   0x0800b838   0x000000d4   Code   RO         5721    i.xTaskIncrementTick  tasks.o
    0x0800b90c   0x0800b90c   0x000000cc   Code   RO         5727    i.xTaskResumeAll    tasks.o
    0x0800b9d8   0x0800b9d8   0x00000018   Code   RO         7373    x$fpl$basic         fz_wm.l(basic.o)
    0x0800b9f0   0x0800b9f0   0x00000062   Code   RO         7375    x$fpl$d2f           fz_wm.l(d2f.o)
    0x0800ba52   0x0800ba52   0x00000002   PAD
    0x0800ba54   0x0800ba54   0x00000150   Code   RO         7377    x$fpl$dadd          fz_wm.l(daddsub_clz.o)
    0x0800bba4   0x0800bba4   0x00000018   Code   RO         7504    x$fpl$dcmpinf       fz_wm.l(dcmpi.o)
    0x0800bbbc   0x0800bbbc   0x000002b0   Code   RO         7384    x$fpl$ddiv          fz_wm.l(ddiv.o)
    0x0800be6c   0x0800be6c   0x0000005e   Code   RO         7387    x$fpl$dfix          fz_wm.l(dfix.o)
    0x0800beca   0x0800beca   0x0000002e   Code   RO         7392    x$fpl$dflt          fz_wm.l(dflt_clz.o)
    0x0800bef8   0x0800bef8   0x00000026   Code   RO         7391    x$fpl$dfltu         fz_wm.l(dflt_clz.o)
    0x0800bf1e   0x0800bf1e   0x00000002   PAD
    0x0800bf20   0x0800bf20   0x00000078   Code   RO         7397    x$fpl$dleqf         fz_wm.l(dleqf.o)
    0x0800bf98   0x0800bf98   0x00000154   Code   RO         7399    x$fpl$dmul          fz_wm.l(dmul.o)
    0x0800c0ec   0x0800c0ec   0x0000009c   Code   RO         7506    x$fpl$dnaninf       fz_wm.l(dnaninf.o)
    0x0800c188   0x0800c188   0x0000000c   Code   RO         7508    x$fpl$dretinf       fz_wm.l(dretinf.o)
    0x0800c194   0x0800c194   0x0000006c   Code   RO         7401    x$fpl$drleqf        fz_wm.l(drleqf.o)
    0x0800c200   0x0800c200   0x00000016   Code   RO         7378    x$fpl$drsb          fz_wm.l(daddsub_clz.o)
    0x0800c216   0x0800c216   0x00000002   PAD
    0x0800c218   0x0800c218   0x000001d4   Code   RO         7379    x$fpl$dsub          fz_wm.l(daddsub_clz.o)
    0x0800c3ec   0x0800c3ec   0x00000056   Code   RO         7403    x$fpl$f2d           fz_wm.l(f2d.o)
    0x0800c442   0x0800c442   0x0000008c   Code   RO         7512    x$fpl$fnaninf       fz_wm.l(fnaninf.o)
    0x0800c4ce   0x0800c4ce   0x0000000a   Code   RO         7674    x$fpl$fpinit        fz_wm.l(fpinit.o)
    0x0800c4d8   0x0800c4d8   0x0000000a   Code   RO         7514    x$fpl$fretinf       fz_wm.l(fretinf.o)
    0x0800c4e2   0x0800c4e2   0x00000000   Code   RO         7518    x$fpl$usenofp       fz_wm.l(usenofp.o)
    0x0800c4e2   0x0800c4e2   0x00000002   PAD
    0x0800c4e4   0x0800c4e4   0x00000070   Data   RO          316    .constdata          freertos.o
    0x0800c554   0x0800c554   0x00000008   Data   RO         1626    .constdata          stm32f4xx_hal_dma.o
    0x0800c55c   0x0800c55c   0x00000010   Data   RO         4466    .constdata          system_stm32f4xx.o
    0x0800c56c   0x0800c56c   0x00000008   Data   RO         4467    .constdata          system_stm32f4xx.o
    0x0800c574   0x0800c574   0x00000300   Data   RO         4828    .constdata          crc.o
    0x0800c874   0x0800c874   0x00000012   Data   RO         6931    .constdata          bmi088driver.o
    0x0800c886   0x0800c886   0x0000000c   Data   RO         7125    .constdata          ist8310driver.o
    0x0800c892   0x0800c892   0x00000002   PAD
    0x0800c894   0x0800c894   0x00000140   Data   RO         7450    .constdata          m_wm.l(powf.o)
    0x0800c9d4   0x0800c9d4   0x00000004   PAD
    0x0800c9d8   0x0800c9d8   0x00000030   Data   RO         7520    .constdata          m_wm.l(cos_i.o)
    0x0800ca08   0x0800ca08   0x000000c8   Data   RO         7554    .constdata          m_wm.l(rred.o)
    0x0800cad0   0x0800cad0   0x00000028   Data   RO         7558    .constdata          m_wm.l(sin_i.o)
    0x0800caf8   0x0800caf8   0x00000024   Data   RO          317    .conststring        freertos.o
    0x0800cb1c   0x0800cb1c   0x00000020   Data   RO         7730    Region$$Table       anon$$obj.o


    Execution Region RW_IRAM1 (Exec base: 0x20000000, Load base: 0x0800cb3c, Size: 0x00006ba8, Max: 0x0001c000, ABSOLUTE, COMPRESSED[0x000000a4])

    Exec Addr    Load Addr    Size         Type   Attr      Idx    E Section Name        Object

    0x20000000   COMPRESSED   0x00000002   Data   RW           25    .data               main.o
    0x20000002   COMPRESSED   0x00000002   PAD
    0x20000004   COMPRESSED   0x00000010   Data   RW          318    .data               freertos.o
    0x20000014   COMPRESSED   0x00000004   Data   RW          382    .data               can.o
    0x20000018   COMPRESSED   0x0000000c   Data   RW         2059    .data               stm32f4xx_hal.o
    0x20000024   COMPRESSED   0x00000004   Data   RW         4468    .data               system_stm32f4xx.o
    0x20000028   COMPRESSED   0x00000009   Data   RW         4520    .data               bsp_can.o
    0x20000031   COMPRESSED   0x00000001   PAD
    0x20000032   COMPRESSED   0x00000002   Data   RW         4830    .data               crc.o
    0x20000034   COMPRESSED   0x00000010   Data   RW         4908    .data               judge.o
    0x20000044   COMPRESSED   0x0000000e   Data   RW         5126    .data               superpower.o
    0x20000052   COMPRESSED   0x00000002   PAD
    0x20000054   COMPRESSED   0x0000003c   Data   RW         5730    .data               tasks.o
    0x20000090   COMPRESSED   0x00000020   Data   RW         6433    .data               heap_4.o
    0x200000b0   COMPRESSED   0x0000000c   Data   RW         6501    .data               port.o
    0x200000bc   COMPRESSED   0x000000c0   Data   RW         6638    .data               imu_task.o
    0x2000017c   COMPRESSED   0x00000004   PAD
    0x20000180   COMPRESSED   0x0000007c   Data   RW         6763    .data               chassis_task.o
    0x200001fc   COMPRESSED   0x00000024   Data   RW         6863    .data               gimbal_task.o
    0x20000220   COMPRESSED   0x0000002c   Data   RW         6932    .data               bmi088driver.o
    0x2000024c   COMPRESSED   0x00000014   Data   RW         7323    .data               mahonyahrs.o
    0x20000260        -       0x000007d0   Zero   RW           18    .bss                main.o
    0x20000a30        -       0x00000254   Zero   RW          315    .bss                freertos.o
    0x20000c84        -       0x00000050   Zero   RW          381    .bss                can.o
    0x20000cd4        -       0x00000054   Zero   RW          453    .bss                i2c.o
    0x20000d28        -       0x00000118   Zero   RW          495    .bss                spi.o
    0x20000e40        -       0x00000090   Zero   RW          539    .bss                tim.o
    0x20000ed0        -       0x000002b8   Zero   RW          593    .bss                usart.o
    0x20001188        -       0x00000048   Zero   RW          837    .bss                stm32f4xx_hal_timebase_tim.o
    0x200011d0        -       0x000007d4   Zero   RW         4517    .bss                bsp_can.o
    0x200019a4        -       0x00000028   Zero   RW         4696    .bss                dbus.o
    0x200019cc        -       0x000004ae   Zero   RW         4906    .bss                judge.o
    0x20001e7a   COMPRESSED   0x00000002   PAD
    0x20001e7c        -       0x000000f0   Zero   RW         5729    .bss                tasks.o
    0x20001f6c        -       0x00003c00   Zero   RW         6432    .bss                heap_4.o
    0x20005b6c        -       0x000001b4   Zero   RW         6633    .bss                imu_task.o
    0x20005d20        -       0x0000044c   Zero   RW         6761    .bss                chassis_task.o
    0x2000616c        -       0x000003dc   Zero   RW         6860    .bss                gimbal_task.o
    0x20006548        -       0x00000060   Zero   RW         7590    .bss                c_w.l(libspace.o)
    0x200065a8        -       0x00000200   Zero   RW            2    HEAP                startup_stm32f407xx.o
    0x200067a8        -       0x00000400   Zero   RW            1    STACK               startup_stm32f407xx.o


    Execution Region RW_IRAM2 (Exec base: 0x2001c000, Load base: 0x0800cbe0, Size: 0x00000000, Max: 0x00004000, ABSOLUTE)

    **** No section assigned to this execution region ****


==============================================================================

Image component sizes


      Code (inc. data)   RO Data    RW Data    ZI Data      Debug   Object Name

      2164         32         18         44          0      10447   bmi088driver.o
       110         28          0          0          0       4312   bmi088middleware.o
       908         58          0          9       2004       8656   bsp_can.o
        12          4          0          0          0        478   bsp_imu_pwm.o
      6488         86          0          0          0       5382   bsp_spi.o
       392         42          0          4         80       2486   can.o
      2744        264          0        124       1100      13139   chassis_task.o
       130          0          0          0          0      22851   cmsis_os.o
       186         12        768          2          0       3613   crc.o
       532         26          0          0         40      36830   dbus.o
       156          4          0          0          0        842   dma.o
         0          0          0          0          0      16564   event_groups.o
       124         12        148         16        596       2212   freertos.o
       576         74          0         36        988       4168   gimbal_task.o
       376         26          0          0          0       5280   gpio.o
       504         32          0         32      15360       7531   heap_4.o
       212         32          0          0         84       1709   i2c.o
      3228        172          0        192        436      15660   imu_task.o
       124          4         12          0          0       1875   ist8310driver.o
       112         22          0          0          0       3635   ist8310driver_middleware.o
       688         32          0         16       1198      13622   judge.o
        52          6          0          0          0        503   led.o
       144          0          0          0          0       3550   list.o
       536         22          0         20          0       2342   mahonyahrs.o
       404         28          0          2       2000     751696   main.o
       880         20          0          0          0      11744   pid.o
       444         10          0          0          0       2494   pidimu.o
       814         92          0         12          0      11921   port.o
       344         32          0          0        280       1899   spi.o
        64         26        392          0       1536        836   startup_stm32f407xx.o
        80         14          0         12          0       8038   stm32f4xx_hal.o
      1810          6          0          0          0      15289   stm32f4xx_hal_can.o
       158         14          0          0          0      33078   stm32f4xx_hal_cortex.o
      1240         14          8          0          0       8302   stm32f4xx_hal_dma.o
       518         50          0          0          0       3536   stm32f4xx_hal_gpio.o
      2628         46          0          0          0      12650   stm32f4xx_hal_i2c.o
        56          4          0          0          0        846   stm32f4xx_hal_msp.o
      1536         88          0          0          0       6933   stm32f4xx_hal_rcc.o
      1004         14          0          0          0       4809   stm32f4xx_hal_spi.o
      1800        112          0          0          0      15296   stm32f4xx_hal_tim.o
       148         30          0          0          0       2533   stm32f4xx_hal_tim_ex.o
       152         18          0          0         72       1539   stm32f4xx_hal_timebase_tim.o
      1916         28          0          0          0      15309   stm32f4xx_hal_uart.o
       290         90          0          0          0      11653   stm32f4xx_it.o
         0          0          0          0          0        384   stream_buffer.o
       152         22          0         14          0       4302   superpower.o
        16          4         24          4          0       1111   system_stm32f4xx.o
      2438        204          0         60        240      27957   tasks.o
       380         44          0          0        144       2991   tim.o
       924         78          0          0        696       3735   usart.o

    ----------------------------------------------------------------------
     40752       2078       1404        608      26856    1148568   Object Totals
         0          0         32          0          0          0   (incl. Generated)
        58          0          2          9          2          0   (incl. Padding)

    ----------------------------------------------------------------------

      Code (inc. data)   RO Data    RW Data    ZI Data      Debug   Library Member Name

        90          0          0          0          0          0   __dczerorl2.o
         8          0          0          0          0         68   __main.o
         0          0          0          0          0          0   __rtentry.o
        12          0          0          0          0          0   __rtentry2.o
         6          0          0          0          0          0   __rtentry4.o
        52          8          0          0          0          0   __scatter.o
        28          0          0          0          0          0   __scatter_zi.o
        22          0          0          0          0        100   _rserrno.o
        16          0          0          0          0         68   aeabi_memset.o
        18          0          0          0          0         80   exit.o
         6          0          0          0          0        152   heapauxi.o
         0          0          0          0          0          0   indicate_semi.o
         2          0          0          0          0          0   libinit.o
         6          0          0          0          0          0   libinit2.o
         2          0          0          0          0          0   libshutdown.o
         2          0          0          0          0          0   libshutdown2.o
         8          4          0          0         96         68   libspace.o
       238          0          0          0          0        100   lludivv7m.o
         8          4          0          0          0         68   rt_errno_addr_intlibspace.o
        68          0          0          0          0         68   rt_memclr.o
        78          0          0          0          0         80   rt_memclr_w.o
       138          0          0          0          0         68   rt_memcpy_v6.o
       100          0          0          0          0         80   rt_memcpy_w.o
         2          0          0          0          0          0   rtexit.o
        10          0          0          0          0          0   rtexit2.o
        62          0          0          0          0         76   strlen.o
        12          4          0          0          0         68   sys_exit.o
        74          0          0          0          0         80   sys_stackheap_outer.o
         2          0          0          0          0         68   use_no_semi.o
        24          0          0          0          0        164   basic.o
        98          4          0          0          0        140   d2f.o
       826         16          0          0          0        492   daddsub_clz.o
        24          0          0          0          0        116   dcmpi.o
       688        140          0          0          0        256   ddiv.o
        94          4          0          0          0        140   dfix.o
        84          0          0          0          0        232   dflt_clz.o
       120          4          0          0          0        140   dleqf.o
       340         12          0          0          0        152   dmul.o
       156          4          0          0          0        140   dnaninf.o
        12          0          0          0          0        116   dretinf.o
       108          0          0          0          0        128   drleqf.o
        86          4          0          0          0        132   f2d.o
       140          4          0          0          0        132   fnaninf.o
        10          0          0          0          0        116   fpinit.o
        10          0          0          0          0        116   fretinf.o
         0          0          0          0          0          0   usenofp.o
       300         42          0          0          0        176   asinf.o
       592         90          0          0          0        184   atan2f.o
       200         20          0          0          0        164   cos.o
       368         46         48          0          0        200   cos_i.o
        84         16          0          0          0        372   dunder.o
        44          0          0          0          0        248   fabs.o
        48          0          0          0          0        124   fpclassify.o
        38          0          0          0          0        116   fpclassifyf.o
        80         24          0          0          0        696   funder.o
       248          0          0          0          0        152   poly.o
      1636        110        320          0          0        372   powf.o
      1080        142        200          0          0        188   rred.o
       200         20          0          0          0        164   sin.o
       304         24         40          0          0        208   sin_i.o
       120          0          0          0          0        272   sqrtf.o

    ----------------------------------------------------------------------
      9260        750        612          0         96       7640   Library Totals
        28          4          4          0          0          0   (incl. Padding)

    ----------------------------------------------------------------------

      Code (inc. data)   RO Data    RW Data    ZI Data      Debug   Library Name

      1070         20          0          0         96       1292   c_w.l
      2820        192          0          0          0       2712   fz_wm.l
      5342        534        608          0          0       3636   m_wm.l

    ----------------------------------------------------------------------
      9260        750        612          0         96       7640   Library Totals

    ----------------------------------------------------------------------

==============================================================================


      Code (inc. data)   RO Data    RW Data    ZI Data      Debug   

     50012       2828       2016        608      26952    1124384   Grand Totals
     50012       2828       2016        164      26952    1124384   ELF Image Totals (compressed)
     50012       2828       2016        164          0          0   ROM Totals

==============================================================================

    Total RO  Size (Code + RO Data)                52028 (  50.81kB)
    Total RW  Size (RW Data + ZI Data)             27560 (  26.91kB)
    Total ROM Size (Code + RO Data + RW Data)      52192 (  50.97kB)

==============================================================================

