<html>
<body>
<pre>
<h1>礦ision Build Log</h1>
<h2>Tool Versions:</h2>
IDE-Version: μVision V5.38.0.0
Copyright (C) 2022 ARM Ltd and ARM Germany GmbH. All rights reserved.
License Information: 1 欧阳流笙, 1, LIC=SDA0P-MJ495-UHR8H-WWSLW-8GH9G-74777
 
Tool Versions:
Toolchain:       MDK-ARM Plus  Version: 5.38.0.0
Toolchain Path:  D:\mdk\ARM\ARMCC\Bin
C Compiler:      Armcc.exe V5.06 update 5 (build 528)
Assembler:       Armasm.exe V5.06 update 5 (build 528)
Linker/Locator:  ArmLink.exe V5.06 update 5 (build 528)
Library Manager: ArmAr.exe V5.06 update 5 (build 528)
Hex Converter:   FromElf.exe V5.06 update 5 (build 528)
CPU DLL:         SARMCM3.DLL V5.38.0.0
Dialog DLL:      DCM.DLL V1.17.5.0
Target DLL:      Segger\JL2CM3.dll V2.99.42.0
Dialog DLL:      TCM.DLL V1.56.4.0
 
<h2>Project:</h2>
C:\Users\UserX\Desktop\css\che\MDK-ARM\che.uvprojx
Project File Date:  03/15/2025

<h2>Output:</h2>
*** Using Compiler 'V5.06 update 5 (build 528)', folder: 'D:\mdk\ARM\ARMCC\Bin'
Build target 'che'
assembling startup_stm32f407xx.s...
compiling i2c.c...
compiling stm32f4xx_hal_timebase_tim.c...
compiling stm32f4xx_hal_can.c...
compiling usart.c...
compiling tim.c...
compiling stm32f4xx_hal_rcc.c...
compiling dma.c...
compiling stm32f4xx_hal_msp.c...
compiling stm32f4xx_it.c...
compiling main.c...
compiling spi.c...
compiling can.c...
compiling gpio.c...
compiling freertos.c...
compiling stm32f4xx_hal_rcc_ex.c...
compiling stm32f4xx_hal_flash_ex.c...
compiling stm32f4xx_hal_flash.c...
compiling stm32f4xx_hal_flash_ramfunc.c...
compiling stm32f4xx_hal_dma_ex.c...
compiling stm32f4xx_hal_pwr.c...
compiling stm32f4xx_hal_i2c_ex.c...
compiling stm32f4xx_hal_dma.c...
compiling stm32f4xx_hal_tim_ex.c...
compiling stm32f4xx_hal_pwr_ex.c...
compiling stm32f4xx_hal_spi.c...
compiling stm32f4xx_hal.c...
compiling stm32f4xx_hal_exti.c...
compiling stm32f4xx_hal_tim.c...
compiling stm32f4xx_hal_gpio.c...
compiling stm32f4xx_hal_cortex.c...
compiling stm32f4xx_hal_i2c.c...
compiling croutine.c...
compiling stm32f4xx_hal_uart.c...
compiling list.c...
compiling event_groups.c...
compiling queue.c...
compiling timers.c...
compiling stream_buffer.c...
compiling tasks.c...
compiling heap_4.c...
compiling cmsis_os.c...
compiling port.c...
compiling system_stm32f4xx.c...
compiling pid.c...
compiling dbus.c...
compiling crc.c...
compiling bsp_imu_pwm.c...
compiling judge.c...
compiling BSP_CAN.c...
..\BSP\BSP_CAN.c(181): warning:  #1035-D: single-precision operand implicitly converted to double-precision
  			ptr->x 				= uint_to_float(ptr->x_int, 
_MIN, 
_MAX, 12)+0.000732660294; // (-3.000	,	3.000)
..\BSP\BSP_CAN.c(182): warning:  #1035-D: single-precision operand implicitly converted to double-precision
  			ptr->y 				= uint_to_float(ptr->y_int, 
_MIN, 
_MAX, 12)+0.000732660294; // (-3.000	,	3.000)
..\BSP\BSP_CAN.c(183): warning:  #1035-D: single-precision operand implicitly converted to double-precision
  			ptr->w 				= uint_to_float(ptr->w_int, 
_MIN, 
_MAX, 12)+0.0021982193; // (-9.000	,	9.000)
..\BSP\BSP_CAN.c: 3 warnings, 0 errors
compiling bsp_spi.c...
compiling tuxin.c...
compiling SuperPower.c...
compiling IMU_Task.c...
compiling gimbal_task.c...
..\Task\gimbal_task.c(140): warning:  #1035-D: single-precision operand implicitly converted to double-precision
  				}else	if(absolute_gimbal_speed.Yaw_P	>	3.141593){
..\Task\gimbal_task.c(149): warning:  #1035-D: single-precision operand implicitly converted to double-precision
  				}else	if(absolute_gimbal_speed.Yaw_P	>	3.141593){
..\Task\gimbal_task.c(169): warning:  #1035-D: single-precision operand implicitly converted to double-precision
  	jiao=(
IMBAL_YAW_X	-	Gimbal_Motor_Yaw.motor_value->position);
..\Task\gimbal_task.c(171): warning:  #1035-D: single-precision operand implicitly converted to double-precision
  				jiao	= 3.141593+jiao+3.141593;
..\Task\gimbal_task.c(172): warning:  #1035-D: single-precision operand implicitly converted to double-precision
  		}else	if(jiao	>	3.141593){
..\Task\gimbal_task.c: 5 warnings, 0 errors
compiling LED.c...
..\Task\LED.h(11): warning:  #1295-D: Deprecated declaration yaw_error_cal - give arg types
  void yaw_error_cal();
..\Task\LED.c(44): warning:  #1035-D: single-precision operand implicitly converted to double-precision
  	substarct_angle=(Gimbal_Motor_Yaw.motor_value->position-
IMBAL_YAW_X)/3.141596*180; //不知道灯条是不是这个位置
..\Task\LED.c: 2 warnings, 0 errors
compiling chassis_task.c...
..\Task\chassis_task.c(196): warning:  #1035-D: single-precision operand implicitly converted to double-precision
  		value_for_try=-(
IMBAL_YAW_X	-	Gimbal_Motor_Yaw.motor_value->position);
..\Task\chassis_task.c(276): warning:  #1035-D: single-precision operand implicitly converted to double-precision
      wheel_rpm[0] = (   speed->vx - speed->vy + speed->vw * (
HEEL_WHERE))*wheel_rpm_ratio;//left//x，y方向速度,w底盘转动速度
..\Task\chassis_task.c(277): warning:  #1035-D: single-precision operand implicitly converted to double-precision
      wheel_rpm[1] = (   speed->vx + speed->vy + speed->vw * (
HEEL_WHERE))*wheel_rpm_ratio;//forward
..\Task\chassis_task.c(278): warning:  #1035-D: single-precision operand implicitly converted to double-precision
      wheel_rpm[2] = (  -speed->vx + speed->vy + speed->vw * (
HEEL_WHERE))*wheel_rpm_ratio;//right
..\Task\chassis_task.c(279): warning:  #1035-D: single-precision operand implicitly converted to double-precision
      wheel_rpm[3] = (  -speed->vx - speed->vy + speed->vw * (
HEEL_WHERE))*wheel_rpm_ratio;//back
..\Task\chassis_task.c(321): warning:  #1035-D: single-precision operand implicitly converted to double-precision
  	if(speed_l	>	0.006){
..\Task\chassis_task.c(327): warning:  #1035-D: single-precision operand implicitly converted to double-precision
  	if(speed_s	>	0.002){
..\Task\chassis_task.c(328): warning:  #1035-D: single-precision operand implicitly converted to double-precision
  		step_l.x	=	(0.0	-	xiebo_speed->vx)	/	speed_s	*	step_l.t;
..\Task\chassis_task.c(329): warning:  #1035-D: single-precision operand implicitly converted to double-precision
  		step_l.y	=	(0.0	-	xiebo_speed->vy)	/	speed_s	*	step_l.t;
..\Task\chassis_task.c(337): warning:  #1035-D: single-precision operand implicitly converted to double-precision
  	if((speed_m	>	0.0001)&&	(speed_s<speed_m)){
..\Task\chassis_task.c(343): warning:  #1035-D: single-precision operand implicitly converted to double-precision
  	if(speed_w	>	0.006){
..\Task\chassis_task.c(349): warning:  #1035-D: single-precision operand implicitly converted to double-precision
  	if(speed_v	>	0.002){
..\Task\chassis_task.c(361): warning:  #1035-D: single-precision operand implicitly converted to double-precision
  	if(speed_l	>	0.002	&&	speed_s	>	0.002){
..\Task\chassis_task.c(361): warning:  #1035-D: single-precision operand implicitly converted to double-precision
  	if(speed_l	>	0.002	&&	speed_s	>	0.002){
..\Task\chassis_task.c(371): warning:  #1035-D: single-precision operand implicitly converted to double-precision
  	if((speed_m	<	0.002)&&	(speed_s<0.002)){
..\Task\chassis_task.c(371): warning:  #1035-D: single-precision operand implicitly converted to double-precision
  	if((speed_m	<	0.002)&&	(speed_s<0.002)){
..\Task\chassis_task.c(375): warning:  #1035-D: single-precision operand implicitly converted to double-precision
  	if(speed_l	<	0.006	&&	speed_w	<	0.006	){
..\Task\chassis_task.c(375): warning:  #1035-D: single-precision operand implicitly converted to double-precision
  	if(speed_l	<	0.006	&&	speed_w	<	0.006	){
..\Task\chassis_task.c: 18 warnings, 0 errors
compiling MahonyAHRS.c...
compiling BMI088driver.c...
compiling kalman.c...
compiling BMI088Middleware.c...
compiling ist8310driver.c...
compiling ist8310driver_middleware.c...
compiling pidimu.c...
linking...
Program Size: Code=50012 RO-data=2016 RW-data=608 ZI-data=26952  
FromELF: creating hex file...
"che\che.axf" - 0 Error(s), 28 Warning(s).

<h2>Software Packages used:</h2>

Package Vendor: ARM
                http://www.keil.com/pack/ARM.CMSIS.5.9.0.pack
                ARM.CMSIS.5.9.0
                CMSIS (Common Microcontroller Software Interface Standard)
   * Component: CORE Version: 5.6.0

Package Vendor: Keil
                https://www.keil.com/pack/Keil.STM32F4xx_DFP.2.17.1.pack
                Keil.STM32F4xx_DFP.2.17.1
                STMicroelectronics STM32F4 Series Device Support, Drivers and Examples

<h2>Collection of Component include folders:</h2>
  ./RTE/_che
  D:/mdk/pack/ARM/CMSIS/5.9.0/CMSIS/Core/Include
  D:/mdk/pack/Keil/STM32F4xx_DFP/2.17.1/Drivers/CMSIS/Device/ST/STM32F4xx/Include

<h2>Collection of Component Files used:</h2>

   * Component: ARM::CMSIS:CORE:5.6.0
Build Time Elapsed:  00:06:30
</pre>
</body>
</html>
